Archive member included because of file (symbol)

D:\Quectel\New\TEST\OpenCPU_SDK\libs\gcc\libapp_start.a(eint.o)
                              ./custom/main.o (Ql_EINT_Register)
D:\Quectel\New\TEST\OpenCPU_SDK\libs\gcc\libapp_start.a(fileSys.o)
                              ./custom/fota/src/file_Operations.o (Ql_FS_Open)
D:\Quectel\New\TEST\OpenCPU_SDK\libs\gcc\libapp_start.a(fota.o)
                              ./custom/fota/src/fota_app.o (Ql_FOTA_Init)
D:\Quectel\New\TEST\OpenCPU_SDK\libs\gcc\libapp_start.a(gpio.o)
                              ./custom/main.o (Ql_GPIO_Init)
D:\Quectel\New\TEST\OpenCPU_SDK\libs\gcc\libapp_start.a(lib_ril_sms.o)
                              ./custom/sms/src/sms.o (LIB_SMS_IsValidHexStr)
D:\Quectel\New\TEST\OpenCPU_SDK\libs\gcc\libapp_start.a(memory.o)
                              ./ril/src/ril_bluetooth.o (Ql_MEM_Alloc)
D:\Quectel\New\TEST\OpenCPU_SDK\libs\gcc\libapp_start.a(ql_func.o)
                              D:\Quectel\New\TEST\OpenCPU_SDK\libs\gcc\libapp_start.a(memory.o) (api_notsup)
D:\Quectel\New\TEST\OpenCPU_SDK\libs\gcc\libapp_start.a(ql_main.o)
                              ./ril/src/ril_bluetooth.o (Ql_Debug_Trace)
D:\Quectel\New\TEST\OpenCPU_SDK\libs\gcc\libapp_start.a(ril_aux.o)
                              ./custom/config/sys_config.o (proc_reserved2)
D:\Quectel\New\TEST\OpenCPU_SDK\libs\gcc\libapp_start.a(ril_main.o)
                              ./custom/config/sys_config.o (proc_reserved1)
D:\Quectel\New\TEST\OpenCPU_SDK\libs\gcc\libapp_start.a(spi.o)
                              ./custom/main.o (Ql_SPI_Init)
D:\Quectel\New\TEST\OpenCPU_SDK\libs\gcc\libapp_start.a(stdlib_func.o)
                              ./ril/src/ril_dtmf.o (Ql_atof)
D:\Quectel\New\TEST\OpenCPU_SDK\libs\gcc\libapp_start.a(system.o)
                              ./ril/src/ril_ftp.o (Ql_Sleep)
D:\Quectel\New\TEST\OpenCPU_SDK\libs\gcc\libapp_start.a(taskMngt.o)
                              ./custom/main.o (Ql_OS_GetMessage)
D:\Quectel\New\TEST\OpenCPU_SDK\libs\gcc\libapp_start.a(time.o)
                              ./custom/SecureSocket/src/Network_Time.o (Ql_SetLocalTime)
D:\Quectel\New\TEST\OpenCPU_SDK\libs\gcc\libapp_start.a(timer.o)
                              ./custom/timer/src/Timers.o (Ql_Timer_Register)
D:\Quectel\New\TEST\OpenCPU_SDK\libs\gcc\libapp_start.a(uart.o)
                              ./custom/main.o (Ql_UART_Register)
D:\Quectel\New\TEST\OpenCPU_SDK\libs\gcc\libapp_start.a(watchdog.o)
                              ./custom/timer/src/Timers.o (Ql_WTD_Feed)
D:\Quectel\New\TEST\OpenCPU_SDK\libs\gcc\libapp_start.a(ocpu_init.o)
                              D:\Quectel\New\TEST\OpenCPU_SDK\libs\gcc\libapp_start.a(ql_main.o) (_OCPU_InitUserMem)
C:\Program Files (x86)\CodeSourcery\Sourcery_CodeBench_Lite_for_ARM_EABI\arm-none-eabi\lib\thumb\libm.a(lib_a-s_floor.o)
                              ./custom/cJSON/src/cJSON.o (floor)
C:\Program Files (x86)\CodeSourcery\Sourcery_CodeBench_Lite_for_ARM_EABI\arm-none-eabi\lib\thumb\libc.a(lib_a-atoi.o)
                              ./custom/mqtt/src/mqtt.o (atoi)
C:\Program Files (x86)\CodeSourcery\Sourcery_CodeBench_Lite_for_ARM_EABI\arm-none-eabi\lib\thumb\libc.a(lib_a-ctype_.o)
                              ./custom/cJSON/src/cJSON.o (__ctype_ptr__)
C:\Program Files (x86)\CodeSourcery\Sourcery_CodeBench_Lite_for_ARM_EABI\arm-none-eabi\lib\thumb\libc.a(lib_a-memcmp.o)
                              ./custom/mqtt/src/MQTTConnectServer.o (memcmp)
C:\Program Files (x86)\CodeSourcery\Sourcery_CodeBench_Lite_for_ARM_EABI\arm-none-eabi\lib\thumb\libc.a(lib_a-memcpy.o)
                              ./custom/mqtt/src/MQTTPacket.o (memcpy)
C:\Program Files (x86)\CodeSourcery\Sourcery_CodeBench_Lite_for_ARM_EABI\arm-none-eabi\lib\thumb\libc.a(lib_a-memset.o)
                              ./ril/src/ril_alarm.o (memset)
C:\Program Files (x86)\CodeSourcery\Sourcery_CodeBench_Lite_for_ARM_EABI\arm-none-eabi\lib\thumb\libc.a(lib_a-realloc.o)
                              ./custom/cJSON/src/cJSON.o (realloc)
C:\Program Files (x86)\CodeSourcery\Sourcery_CodeBench_Lite_for_ARM_EABI\arm-none-eabi\lib\thumb\libc.a(lib_a-reallocr.o)
                              C:\Program Files (x86)\CodeSourcery\Sourcery_CodeBench_Lite_for_ARM_EABI\arm-none-eabi\lib\thumb\libc.a(lib_a-realloc.o) (_realloc_r)
C:\Program Files (x86)\CodeSourcery\Sourcery_CodeBench_Lite_for_ARM_EABI\arm-none-eabi\lib\thumb\libc.a(lib_a-snprintf.o)
                              ./custom/mqtt/src/MQTTFormat.o (snprintf)
C:\Program Files (x86)\CodeSourcery\Sourcery_CodeBench_Lite_for_ARM_EABI\arm-none-eabi\lib\thumb\libc.a(lib_a-strchr.o)
                              ./custom/cJSON/src/cJSON.o (strchr)
C:\Program Files (x86)\CodeSourcery\Sourcery_CodeBench_Lite_for_ARM_EABI\arm-none-eabi\lib\thumb\libc.a(lib_a-strcmp.o)
                              ./custom/cJSON/src/cJSON.o (strcmp)
[...]
Memory Configuration

Name             Origin             Length             Attributes
ROM              0x102c7040         0x0005a000         xr
RAM              0xf03d2000         0x00019000         xrw
*default*        0x00000000         0xffffffff

Linker script and memory map

LOAD ./ril/src/ril_alarm.o
LOAD ./ril/src/ril_atResponse.o
LOAD ./ril/src/ril_audio.o
LOAD ./ril/src/ril_bluetooth.o
LOAD ./ril/src/ril_custom.o
LOAD ./ril/src/ril_dtmf.o
LOAD ./ril/src/ril_ftp.o
LOAD ./ril/src/ril_http.o
LOAD ./ril/src/ril_init.o
LOAD ./ril/src/ril_location.o
LOAD ./ril/src/ril_network.o
LOAD ./ril/src/ril_sim.o
LOAD ./ril/src/ril_system.o
LOAD ./ril/src/ril_telephony.o
LOAD ./ril/src/ril_urc.o
LOAD ./ril/src/ril_util.o
LOAD ./custom/timer/src/Timers.o
LOAD ./custom/sms/src/sms.o
LOAD ./custom/mqtt/src/MQTTConnectClient.o
LOAD ./custom/mqtt/src/MQTTConnectServer.o
LOAD ./custom/mqtt/src/MQTTDeserializePublish.o
LOAD ./custom/mqtt/src/MQTTFormat.o
LOAD ./custom/mqtt/src/MQTTPacket.o
LOAD ./custom/mqtt/src/MQTTSerializePublish.o
LOAD ./custom/mqtt/src/MQTTSubscribeClient.o
LOAD ./custom/mqtt/src/MQTTSubscribeServer.o
LOAD ./custom/mqtt/src/MQTTUnsubscribeClient.o
LOAD ./custom/mqtt/src/MQTTUnsubscribeServer.o
LOAD ./custom/mqtt/src/mqtt.o
LOAD ./custom/fota/src/file_Operations.o
LOAD ./custom/fota/src/fota_app.o
LOAD ./custom/extras/src/SysCalls.o
LOAD ./custom/config/custom_sys_cfg.o
LOAD ./custom/config/sys_config.o
LOAD ./custom/cJSON/src/cJSON.o
LOAD ./custom/TFTDisplay/src/st7735.o
LOAD ./custom/SecureSocket/src/Network_Time.o
LOAD ./custom/SecureSocket/src/SecureSocket.o
LOAD ./custom/IPC/src/ipc.o
LOAD ./custom/main.o
LOAD ./.metadata/.plugins/org.eclipse.cdt.make.core/specs.o
LOAD D:\Quectel\New\TEST\OpenCPU_SDK\libs\gcc\libapp_start.a
LOAD C:\Program Files (x86)\CodeSourcery\Sourcery_CodeBench_Lite_for_ARM_EABI\arm-none-eabi\lib\thumb\libm.a
LOAD C:\Program Files (x86)\CodeSourcery\Sourcery_CodeBench_Lite_for_ARM_EABI\arm-none-eabi\lib\thumb\libc.a
LOAD C:\Program Files (x86)\CodeSourcery\Sourcery_CodeBench_Lite_for_ARM_EABI\arm-none-eabi\lib\thumb\libcs3.a
LOAD C:\Program Files (x86)\CodeSourcery\Sourcery_CodeBench_Lite_for_ARM_EABI\lib\gcc\arm-none-eabi\4.7.2\thumb\libgcc.a
START GROUP
LOAD C:\Program Files (x86)\CodeSourcery\Sourcery_CodeBench_Lite_for_ARM_EABI\lib\gcc\arm-none-eabi\4.7.2\thumb\libgcc.a
LOAD C:\Program Files (x86)\CodeSourcery\Sourcery_CodeBench_Lite_for_ARM_EABI\arm-none-eabi\lib\thumb\libc.a
END GROUP
                0x102c7040                . = 0x102c7040

.initdata       0x102c7040       0x2c
 *(.initdata)
 .initdata      0x102c7040       0x2c D:\Quectel\New\TEST\OpenCPU_SDK\libs\gcc\libapp_start.a(ql_main.o)
                0x102c7040                GADLENTRY

text            0x102c7070    0x1cef0
 *(.text)
 .text          0x102c7070       0xfc ./ril/src/ril_atResponse.o
                0x102c7070                Ql_RIL_AT_GetErrCode
                0x102c7080                Ql_RIL_AT_SetErrCode
                0x102c7094                Default_atRsp_callback
 .text          0x102c716c     0x2e60 ./ril/src/ril_bluetooth.o
                0x102c7c6c                BT_DevMngmt_GetDeviceId
                0x102c7ca4                BT_DevMngmt_GetPairedId
                0x102c7cdc                BT_DevMngmt_GetConnId
                0x102c7d14                BT_DevMngmt_GetProfileId
                0x102c7d4c                BT_DevMngmt_GetDevName
                0x102c7d84                BT_DevMngmt_GetDevAddr
                0x102c7dbc                RIL_BT_Switch
                0x102c7e44                RIL_BT_GetPwrState
                0x102c7eb4                RIL_BT_SetName
                0x102c7f50                RIL_BT_GetName
                0x102c808c                RIL_BT_GetLocalAddr
                0x102c8184                RIL_BT_SetVisble
                0x102c8238                OnURCHandler_BTVisible
                0x102c832c                RIL_BT_GetVisble
                0x102c83a0                OnURCHandler_BTScan
                0x102c8654                RIL_BT_GetDevListInfo
                0x102c86cc                RIL_BT_GetDevListPointer
                0x102c86d8                RIL_BT_StopScan
                0x102c8730                RIL_BT_QueryState
                0x102c8794                RIL_BT_StartScan
                0x102c8854                RIL_BT_Initialize
                0x102c8888                RIL_BT_PairReq
                0x102c8920                OnURCHandler_BTPair
                0x102c8b2c                RIL_BT_PairConfirm
                0x102c8be0                OnURCHandler_BTPairCnf
                0x102c8e0c                RIL_BT_Unpair
                0x102c8f38                RIL_BT_GetSupportedProfile
                0x102c9064                RIL_BT_ConnReq
                0x102c911c                OnURCHandler_BTConn
                0x102c9394                RIL_BT_SPP_DirectConn
                0x102c941c                RIL_BT_ConnAccept
                0x102c94a4                OnURCHandler_BTConnCnf
                0x102c97d8                RIL_BT_Disconnect
                0x102c9878                OnURCHandler_BTDisconn
                0x102c9a84                RIL_BT_SPP_Send
                0x102c9b50                RIL_BT_SPP_Read
                0x102c9c20                OnURCHandler_BTIndication
 .text          0x102c9fcc       0x20 ./ril/src/ril_custom.o
                0x102c9fcc                Ql_RIL_RcvDataFrmCore
 .text          0x102c9fec      0x5b8 ./ril/src/ril_dtmf.o
                0x102ca0e8                RIL_ToneDet_Open
                0x102ca16c                RIL_ToneDet_Close
                0x102ca1e4                RIL_ToneDet_Set
                0x102ca290                RIL_ToneDet_Get
                0x102ca350                OnURCHandler_QToneDet
                0x102ca444                RIL_WDTMF_Send
                0x102ca500                OnURCHandler_QWDTMF
 .text          0x102ca5a4      0x494 ./ril/src/ril_http.o
                0x102ca6d0                RIL_HTTP_SetServerURL
                0x102ca788                RIL_HTTP_RequestToGet
                0x102ca820                RIL_HTTP_RequestToPost
                0x102ca8d4                RIL_HTTP_ReadResponse
                0x102ca988                RIL_HTTP_DownloadFile
 .text          0x102caa38       0x10 ./ril/src/ril_init.o
                0x102caa38                RIL_GetInitCmdCnt
                0x102caa40                RIL_GetLimitedCmdCnt
 .text          0x102caa48      0x2e4 ./ril/src/ril_location.o
                0x102caa48                RIL_GetLocation
                0x102cab64                RIL_GetLocationByCell
                0x102cac54                OnURCHandler_QCELLLocation
 .text          0x102cad2c      0xb70 ./ril/src/ril_network.o
                0x102cb10c                RIL_NW_GetGSMState
                0x102cb180                RIL_NW_GetGPRSState
                0x102cb1fc                RIL_NW_GetSignalQuality
                0x102cb28c                RIL_NW_SetGPRSContext
                0x102cb308                RIL_NW_SetAPN
                0x102cb418                RIL_NW_GetIpStatusByName
                0x102cb6c8                RIL_NW_GetIPStatus
                0x102cb710                RIL_NW_OpenPDPContext
                0x102cb7c0                RIL_NW_ClosePDPContext
                0x102cb828                RIL_NW_GetOperator
 .text          0x102cb89c      0x7d4 ./ril/src/ril_sim.o
                0x102cbb40                RIL_SIM_GetSimStateByName
                0x102cbe28                RIL_SIM_GetSimState
                0x102cbe9c                RIL_SIM_GetIMSI
                0x102cbf10                RIL_SIM_GetCCID
                0x102cbf84                RIL_SIM_GetSPN
 .text          0x102cc070      0xce8 ./ril/src/ril_urc.o
                0x102ccc08                OnURCHandler
                0x102cccd8                Ql_RIL_IsURCStr
 .text          0x102ccd58      0x4a0 ./ril/src/ril_util.o
                0x102ccd58                Ql_StrPrefixMatch
                0x102ccda8                Ql_StrToUpper
                0x102cce04                Ql_HexStrToInt
                0x102cce98                Ql_RIL_FindString
                0x102ccf24                Ql_RIL_FindLine
                0x102cd1a4                Ql_GenHash
 .text          0x102cd1f8      0x1a4 ./custom/timer/src/Timers.o
                0x102cd1f8                Callback_OnTimer
                0x102cd280                Timer_register
                0x102cd318                timer_handler_watchdogFeed
 .text          0x102cd39c      0x410 ./custom/mqtt/src/MQTTConnectClient.o
                0x102cd39c                MQTTSerialize_connectLength
                0x102cd47c                MQTTSerialize_connect
                0x102cd69c                MQTTDeserialize_connack
                0x102cd73c                MQTTSerialize_zero
                0x102cd79c                MQTTSerialize_disconnect
                0x102cd7a4                MQTTSerialize_pingreq
 .text          0x102cd7ac      0x1a0 ./custom/mqtt/src/MQTTDeserializePublish.o
                0x102cd7ac                MQTTDeserialize_publish
                0x102cd8b4                MQTTDeserialize_ack
 .text          0x102cd94c      0x6c0 ./custom/mqtt/src/MQTTPacket.o
                0x102cd94c                bufchar
                0x102cd98c                MQTTPacket_encode
                0x102cd9f4                MQTTPacket_decode
                0x102cda60                MQTTPacket_len
                0x102cda9c                MQTTPacket_decodeBuf
                0x102cdab4                readInt
                0x102cdad0                readChar
                0x102cdae4                writeChar
                0x102cdafc                writeInt
                0x102cdb34                writeCString
                0x102cdbac                getLenStringLen
                0x102cdbbc                writeMQTTString
                0x102cdc6c                readMQTTLenString
                0x102cdcd4                MQTTstrlen
                0x102cdd0c                MQTTPacket_equals
                0x102cdd80                MQTTPacket_read
                0x102cde60                MQTTPacket_readnb
 .text          0x102ce00c      0x23c ./custom/mqtt/src/MQTTSerializePublish.o
                0x102ce00c                MQTTSerialize_publishLength
                0x102ce04c                MQTTSerialize_publish
                0x102ce150                MQTTSerialize_ack
                0x102ce1e4                MQTTSerialize_puback
                0x102ce204                MQTTSerialize_pubrel
                0x102ce228                MQTTSerialize_pubcomp
 .text          0x102ce248      0x240 ./custom/mqtt/src/MQTTSubscribeClient.o
                0x102ce248                MQTTSerialize_subscribeLength
                0x102ce298                MQTTSerialize_subscribe
                0x102ce398                MQTTDeserialize_suback
 .text          0x102ce488     0x4828 ./custom/mqtt/src/mqtt.o
                0x102ce488                GetLocalTime_UTC
                0x102ce534                MQTT_Send_CONN_DISCONN_Request
                0x102ce658                MQTT_Send_SUB_Request
                0x102ce838                MQTT_Send_Publish
                0x102d1140                Process_Device_Twin_Properties
                0x102d21bc                MQTT_Packet_Process
 .text          0x102d2cb0     0x1dbc ./custom/fota/src/file_Operations.o
                0x102d2cb0                fileSys_SetFileSystem
                0x102d2e00                fileSys_OpenOrCreateFile
                0x102d2e7c                fileSys_WriteFile
                0x102d2f38                fileSys_checkFile
                0x102d2f9c                fileSys_CloseFile
                0x102d2fb0                fileSys_deleteFile
                0x102d3014                fileSys_getFileSize
                0x102d3078                Store_Persistent_Data
                0x102d3584                Read_Persistent_Data
                0x102d3988                Store_IoT_Persistent_Data
                0x102d3c1c                Read_IoT_Persistent_Data
                0x102d4014                Find_Newest_Payload_Number
                0x102d412c                Write_And_Store_Pending_MQTT_Log_Messages
                0x102d4270                Write_Error_Messages
                0x102d43e0                Read_Fault_Flag_File
                0x102d456c                Read_License
 .text          0x102d4a6c     0x1208 ./custom/fota/src/fota_app.o
                0x102d4d9c                RIL_HTTPS_QSSLCFG
                0x102d4e68                FIRMWARE_Download
                0x102d4ff4                FIRMWARE_Update
                0x102d5434                FOTA_INIT
                0x102d572c                LICENSE_Download
                0x102d5af4                LICENSE_INIT
 .text          0x102d5c74       0x1c ./custom/extras/src/SysCalls.o
                0x102d5c74                _sbrk
 .text          0x102d5c90     0x2694 ./custom/cJSON/src/cJSON.o
                0x102d6e70                cJSON_GetErrorPtr
                0x102d6e80                cJSON_Version
                0x102d6ec8                cJSON_InitHooks
                0x102d6f68                cJSON_Delete
                0x102d75cc                cJSON_SetNumberHelper
                0x102d7650                cJSON_ParseWithOpts
                0x102d7750                cJSON_Parse
                0x102d775c                cJSON_Print
                0x102d7764                cJSON_PrintUnformatted
                0x102d776c                cJSON_PrintBuffered
                0x102d77e0                cJSON_PrintPreallocated
                0x102d7824                cJSON_GetArraySize
                0x102d7850                cJSON_GetArrayItem
                0x102d7880                cJSON_GetObjectItem
                0x102d78cc                cJSON_GetObjectItemCaseSensitive
                0x102d792c                cJSON_HasObjectItem
                0x102d7940                cJSON_AddItemToArray
                0x102d797c                cJSON_AddItemToObjectCS
                0x102d79d8                cJSON_AddItemToObject
                0x102d7a0c                cJSON_AddItemReferenceToArray
                0x102d7a2c                cJSON_AddItemReferenceToObject
                0x102d7a54                cJSON_DetachItemFromArray
                0x102d7a68                cJSON_DeleteItemFromArray
                0x102d7a78                cJSON_DetachItemFromObject
                0x102d7ad4                cJSON_DeleteItemFromObject
                0x102d7ae4                cJSON_InsertItemInArray
                0x102d7b40                cJSON_ReplaceItemInArray
                0x102d7b4c                cJSON_ReplaceItemInObject
                0x102d7be0                cJSON_CreateNull
                0x102d7bf8                cJSON_CreateTrue
                0x102d7c10                cJSON_CreateFalse
                0x102d7c28                cJSON_CreateBool
                0x102d7c50                cJSON_CreateNumber
                0x102d7cf8                cJSON_CreateString
                0x102d7d44                cJSON_CreateRaw
                0x102d7d90                cJSON_CreateArray
                0x102d7da8                cJSON_CreateObject
                0x102d7dc0                cJSON_CreateIntArray
                0x102d7e4c                cJSON_CreateFloatArray
                0x102d7ed8                cJSON_CreateDoubleArray
                0x102d7f58                cJSON_CreateStringArray
                0x102d7fd8                cJSON_Duplicate
                0x102d80cc                cJSON_Minify
                0x102d8214                cJSON_IsInvalid
                0x102d822c                cJSON_IsFalse
                0x102d8248                cJSON_IsTrue
                0x102d8264                cJSON_IsBool
                0x102d827c                cJSON_IsNull
                0x102d8298                cJSON_IsNumber
                0x102d82b4                cJSON_IsString
                0x102d82d0                cJSON_IsArray
                0x102d82ec                cJSON_IsObject
                0x102d8308                cJSON_IsRaw
 .text          0x102d8324     0x315c ./custom/TFTDisplay/src/st7735.o
                0x102d8324                write_spi_byte
                0x102d8328                writecommand
                0x102d836c                writedata
                0x102d83b0                writedata_16bit
                0x102d83fc                setAddrWindow
                0x102d846c                ST7735_pushColor
                0x102d8470                ST7735_drawPixel
                0x102d8490                ST7735_initR
                0x102d87ac                Font_BigFont
                0x102d88c8                Font_Grotesk16x32
                0x102d89f8                ST7735_drawString_for_BALANCE_align_Center
                0x102d8a58                ST7735_drawCircleHelper
                0x102d8c28                ST7735_drawCircle
                0x102d8de4                ST7735_getRotation
                0x102d8df4                ST7735_setRotation
                0x102d8e18                ST7735_fillScreen
                0x102d8e64                ST7735_fillRect
                0x102d8ed4                ST7735_drawChar
                0x102d8fdc                ST7735_drawString
                0x102d9048                ST7735_drawString_align_Center
                0x102d90ec                ST7735_drawFastLine
                0x102d9140                ST7735_drawVerticalLine
                0x102d9178                ST7735_fillCircle
                0x102d9298                ST7735_fillCircleHelper
                0x102d93f0                ST7735_drawHorizontalLine
                0x102d9424                ST7735_drawRect
                0x102d9494                abs
                0x102d94a0                ST7735_drawLine
                0x102d9588                loadBitmapToLCD
                0x102d9908                Refresh_Antenna_Symbol
                0x102d9b48                Refresh_Cloud_Connectivity_Symbol
                0x102d9bf4                Refresh_Communication_inprogress_Symbol
                0x102d9c34                Init_display
                0x102d9c54                Fill_Screen_Color
                0x102d9c58                Display_Water_Balance_on_LCD
                0x102d9fa8                Init_Water_Balance_Screen
                0x102da024                display_please_wait
                0x102da070                display_FW_Version_Info
                0x102da0f4                repaint_water_balance_screen
                0x102da2a0                display_on_tftlcd
 .text          0x102db480     0x1b74 ./custom/SecureSocket/src/SecureSocket.o
                0x102dbec8                RIL_SSL_QSSLCERTIFICATE_DEL
                0x102dbf64                RIL_SSL_QSSLCERTIFICATE_WRITE
                0x102dc014                RIL_SSL_QSSLCERTIFICATE_READ
                0x102dc118                RIL_SSL_QSSLCFG
                0x102dc39c                RIL_SSL_QSSLOPEN
                0x102dc47c                RIL_SSL_QSSLSEND
                0x102dc514                RIL_SSL_QSSLRECV
                0x102dc5ac                RIL_SSL_QSSLSTATE
                0x102dc62c                RIL_SSL_QSSLCLOSE
                0x102dc6ac                SSL_Recv_Data
                0x102dc9d8                SSL_Check_SOC_State
                0x102dcb4c                GPRS_Deactivate
                0x102dcb70                Connect_Azure_IoT
                0x102dce64                Connect_Azure_IoT_host_socket
                0x102dced0                SSL_Send_Data
                0x102dcf78                TCP_Socket_Read_Data_SSL
 .text          0x102dcff4     0x15fc ./custom/IPC/src/ipc.o
                0x102dcff4                Callback_OnIPCTimer
                0x102dd0b8                format_water_balance_buffer
                0x102dd23c                Transform
                0x102dd2ac                InitIPComm
                0x102dd394                Send_IPC_Command
                0x102dd698                READ_ACK
                0x102dd708                SET_RESET_BOOTLOADER_BTYE
                0x102dd780                SYNCHR_COMMAND
                0x102dd804                SEND_ECHO
                0x102dd830                GET_COMMAND
                0x102dd944                WRITE_COMMAND
                0x102dda8c                READ_COMMAND
                0x102ddbb0                ERASE_SECTOR_COMMAND
                0x102ddcb0                GO_COMMAND
                0x102ddd6c                READ_IDENTITY
                0x102de048                FirmwareUpgrade
                0x102de444                READ_WATER_BALANCE
 .text          0x102de5f0     0x112c ./custom/main.o
                0x102defcc                Get_Signal_RSSI
                0x102df0cc                Callback_Location
                0x102df20c                publish_data
                0x102df22c                proc_main_task
                0x102df6e0                proc_subtask1
 .text          0x102df71c       0x4c D:\Quectel\New\TEST\OpenCPU_SDK\libs\gcc\libapp_start.a(ocpu_init.o)
                0x102df71c                _OCPU_InitUserMem
 .text          0x102df768      0x140 C:\Program Files (x86)\CodeSourcery\Sourcery_CodeBench_Lite_for_ARM_EABI\arm-none-eabi\lib\thumb\libm.a(lib_a-s_floor.o)
                0x102df768                floor
 .text          0x102df8a8       0x20 C:\Program Files (x86)\CodeSourcery\Sourcery_CodeBench_Lite_for_ARM_EABI\arm-none-eabi\lib\thumb\libc.a(lib_a-atoi.o)
                0x102df8a8                atoi
                0x102df8b8                _atoi_r
 .text          0x102df8c8      0x10c C:\Program Files (x86)\CodeSourcery\Sourcery_CodeBench_Lite_for_ARM_EABI\arm-none-eabi\lib\thumb\libc.a(lib_a-memcpy.o)
                0x102df8c8                memcpy
 .text          0x102df9d4       0x9c C:\Program Files (x86)\CodeSourcery\Sourcery_CodeBench_Lite_for_ARM_EABI\arm-none-eabi\lib\thumb\libc.a(lib_a-memset.o)
                0x102df9d4                memset
 .text          0x102dfa70       0x1c C:\Program Files (x86)\CodeSourcery\Sourcery_CodeBench_Lite_for_ARM_EABI\arm-none-eabi\lib\thumb\libc.a(lib_a-realloc.o)
                0x102dfa70                realloc
 .text          0x102dfa8c      0x3e0 C:\Program Files (x86)\CodeSourcery\Sourcery_CodeBench_Lite_for_ARM_EABI\arm-none-eabi\lib\thumb\libc.a(lib_a-reallocr.o)
                0x102dfa8c                _realloc_r
 .text          0x102dfe6c       0xd4 C:\Program Files (x86)\CodeSourcery\Sourcery_CodeBench_Lite_for_ARM_EABI\arm-none-eabi\lib\thumb\libc.a(lib_a-strchr.o)
                0x102dfe6c                strchr
 .text          0x102dff40       0x14 C:\Program Files (x86)\CodeSourcery\Sourcery_CodeBench_Lite_for_ARM_EABI\arm-none-eabi\lib\thumb\libc.a(lib_a-strcmp.o)
                0x102dff40                strcmp
 .text          0x102dff54       0x10 C:\Program Files (x86)\CodeSourcery\Sourcery_CodeBench_Lite_for_ARM_EABI\arm-none-eabi\lib\thumb\libc.a(lib_a-strcpy.o)
                0x102dff54                strcpy
 .text          0x102dff64       0x10 C:\Program Files (x86)\CodeSourcery\Sourcery_CodeBench_Lite_for_ARM_EABI\arm-none-eabi\lib\thumb\libc.a(lib_a-strlen.o)
                0x102dff64                strlen
 .text          0x102dff74       0xbc C:\Program Files (x86)\CodeSourcery\Sourcery_CodeBench_Lite_for_ARM_EABI\arm-none-eabi\lib\thumb\libc.a(lib_a-strncmp.o)
                0x102dff74                strncmp
 .text          0x102e0030      0xf48 C:\Program Files (x86)\CodeSourcery\Sourcery_CodeBench_Lite_for_ARM_EABI\arm-none-eabi\lib\thumb\libc.a(lib_a-strtod.o)
                0x102e0030                _strtod_r
                0x102e0eb0                strtod
                0x102e0ecc                strtof
 .text          0x102e0f78       0x18 C:\Program Files (x86)\CodeSourcery\Sourcery_CodeBench_Lite_for_ARM_EABI\arm-none-eabi\lib\thumb\libc.a(lib_a-strtok.o)
                0x102e0f78                strtok
 .text          0x102e0f90       0x7c C:\Program Files (x86)\CodeSourcery\Sourcery_CodeBench_Lite_for_ARM_EABI\arm-none-eabi\lib\thumb\libc.a(lib_a-strtok_r.o)
                0x102e0f90                __strtok_r
                0x102e0ffc                strtok_r
 .text          0x102e100c      0x190 C:\Program Files (x86)\CodeSourcery\Sourcery_CodeBench_Lite_for_ARM_EABI\arm-none-eabi\lib\thumb\libc.a(lib_a-strtol.o)
                0x102e100c                _strtol_r
                0x102e117c                strtol
 .text          0x102e119c      0x238 C:\Program Files (x86)\CodeSourcery\Sourcery_CodeBench_Lite_for_ARM_EABI\arm-none-eabi\lib\thumb\libc.a(lib_a-freer.o)
                0x102e119c                _malloc_trim_r
                0x102e1240                _free_r
 .text          0x102e13d4      0x674 C:\Program Files (x86)\CodeSourcery\Sourcery_CodeBench_Lite_for_ARM_EABI\arm-none-eabi\lib\thumb\libc.a(lib_a-gdtoa-gethex.o)
                0x102e1498                __hexdig_init
                0x102e14f0                __gethex
 .text          0x102e1a48      0x1e0 C:\Program Files (x86)\CodeSourcery\Sourcery_CodeBench_Lite_for_ARM_EABI\arm-none-eabi\lib\thumb\libc.a(lib_a-gdtoa-hexnan.o)
                0x102e1a48                __hexnan
 .text          0x102e1c28       0xa0 C:\Program Files (x86)\CodeSourcery\Sourcery_CodeBench_Lite_for_ARM_EABI\arm-none-eabi\lib\thumb\libc.a(lib_a-locale.o)
                0x102e1c28                _setlocale_r
                0x102e1c70                __locale_charset
                0x102e1c78                __locale_mb_cur_max
                0x102e1c84                __locale_msgcharset
                0x102e1c90                __locale_cjk_lang
                0x102e1c94                _localeconv_r
                0x102e1ca0                setlocale
                0x102e1cbc                localeconv
 .text          0x102e1cc8      0x518 C:\Program Files (x86)\CodeSourcery\Sourcery_CodeBench_Lite_for_ARM_EABI\arm-none-eabi\lib\thumb\libc.a(lib_a-mallocr.o)
                0x102e1cc8                _malloc_r
 .text          0x102e21e0       0xb0 C:\Program Files (x86)\CodeSourcery\Sourcery_CodeBench_Lite_for_ARM_EABI\arm-none-eabi\lib\thumb\libc.a(lib_a-memmove.o)
                0x102e21e0                memmove
 .text          0x102e2290        0x8 C:\Program Files (x86)\CodeSourcery\Sourcery_CodeBench_Lite_for_ARM_EABI\arm-none-eabi\lib\thumb\libc.a(lib_a-mlock.o)
                0x102e2290                __malloc_lock
                0x102e2294                __malloc_unlock
 .text          0x102e2298      0x970 C:\Program Files (x86)\CodeSourcery\Sourcery_CodeBench_Lite_for_ARM_EABI\arm-none-eabi\lib\thumb\libc.a(lib_a-mprec.o)
                0x102e2298                _Balloc
                0x102e22ec                _Bfree
                0x102e2304                __multadd
                0x102e23b0                __s2b
                0x102e244c                __hi0bits
                0x102e2484                __lo0bits
                0x102e24e4                __i2b
                0x102e24fc                __multiply
                0x102e2660                __pow5mult
                0x102e2710                __lshift
                0x102e27e0                __mcmp
                0x102e281c                __mdiff
                0x102e290c                __ulp
                0x102e2954                __b2d
                0x102e29f8                __d2b
                0x102e2ab0                __ratio
                0x102e2b24                _mprec_log10
                0x102e2b64                __copybits
                0x102e2bac                __any_on
 .text          0x102e2c08       0x28 C:\Program Files (x86)\CodeSourcery\Sourcery_CodeBench_Lite_for_ARM_EABI\arm-none-eabi\lib\thumb\libc.a(lib_a-sbrkr.o)
                0x102e2c08                _sbrk_r
 .text          0x102e2c30       0x64 C:\Program Files (x86)\CodeSourcery\Sourcery_CodeBench_Lite_for_ARM_EABI\arm-none-eabi\lib\thumb\libc.a(lib_a-callocr.o)
                0x102e2c30                _calloc_r
 .text          0x102e2c94      0x11c C:\Program Files (x86)\CodeSourcery\Sourcery_CodeBench_Lite_for_ARM_EABI\lib\gcc\arm-none-eabi\4.7.2\thumb\libgcc.a(_udivsi3.o)
                0x102e2c94                __aeabi_uidiv
                0x102e2c94                __udivsi3
                0x102e2d90                __aeabi_uidivmod
 .text          0x102e2db0      0x150 C:\Program Files (x86)\CodeSourcery\Sourcery_CodeBench_Lite_for_ARM_EABI\lib\gcc\arm-none-eabi\4.7.2\thumb\libgcc.a(_divsi3.o)
                0x102e2db0                __divsi3
                0x102e2db0                __aeabi_idiv
                0x102e2ee0                __aeabi_idivmod
 .text          0x102e2f00        0x4 C:\Program Files (x86)\CodeSourcery\Sourcery_CodeBench_Lite_for_ARM_EABI\lib\gcc\arm-none-eabi\4.7.2\thumb\libgcc.a(_dvmd_tls.o)
                0x102e2f00                __aeabi_idiv0
                0x102e2f00                __aeabi_ldiv0
 .text          0x102e2f04      0x41c C:\Program Files (x86)\CodeSourcery\Sourcery_CodeBench_Lite_for_ARM_EABI\lib\gcc\arm-none-eabi\4.7.2\thumb\libgcc.a(_arm_addsubdf3.o)
                0x102e2f04                __aeabi_drsub
                0x102e2f0c                __aeabi_dsub
                0x102e2f0c                __subdf3
                0x102e2f10                __aeabi_dadd
                0x102e2f10                __adddf3
                0x102e3220                __floatunsidf
                0x102e3220                __aeabi_ui2d
                0x102e3244                __floatsidf
                0x102e3244                __aeabi_i2d
                0x102e326c                __aeabi_f2d
                0x102e326c                __extendsfdf2
                0x102e32ac                __floatundidf
                0x102e32ac                __aeabi_ul2d
                0x102e32c0                __floatdidf
                0x102e32c0                __aeabi_l2d
 .text          0x102e3320      0x49c C:\Program Files (x86)\CodeSourcery\Sourcery_CodeBench_Lite_for_ARM_EABI\lib\gcc\arm-none-eabi\4.7.2\thumb\libgcc.a(_arm_muldivdf3.o)
                0x102e3320                __aeabi_dmul
                0x102e3320                __muldf3
                0x102e35b0                __divdf3
                0x102e35b0                __aeabi_ddiv
 .text          0x102e37bc      0x144 C:\Program Files (x86)\CodeSourcery\Sourcery_CodeBench_Lite_for_ARM_EABI\lib\gcc\arm-none-eabi\4.7.2\thumb\libgcc.a(_arm_cmpdf2.o)
                0x102e37bc                __gtdf2
                0x102e37bc                __gedf2
                0x102e37c4                __ltdf2
                0x102e37c4                __ledf2
                0x102e37cc                __nedf2
                0x102e37cc                __eqdf2
                0x102e37cc                __cmpdf2
                0x102e3854                __aeabi_cdrcmple
                0x102e3870                __aeabi_cdcmpeq
                0x102e3870                __aeabi_cdcmple
                0x102e3888                __aeabi_dcmpeq
                0x102e38a0                __aeabi_dcmplt
                0x102e38b8                __aeabi_dcmple
                0x102e38d0                __aeabi_dcmpge
                0x102e38e8                __aeabi_dcmpgt
 .text          0x102e3900       0x5c C:\Program Files (x86)\CodeSourcery\Sourcery_CodeBench_Lite_for_ARM_EABI\lib\gcc\arm-none-eabi\4.7.2\thumb\libgcc.a(_arm_fixdfsi.o)
                0x102e3900                __aeabi_d2iz
                0x102e3900                __fixdfsi
 .text          0x102e395c       0x54 C:\Program Files (x86)\CodeSourcery\Sourcery_CodeBench_Lite_for_ARM_EABI\lib\gcc\arm-none-eabi\4.7.2\thumb\libgcc.a(_arm_fixunsdfsi.o)
                0x102e395c                __aeabi_d2uiz
                0x102e395c                __fixunsdfsi
 .text          0x102e39b0       0xa0 C:\Program Files (x86)\CodeSourcery\Sourcery_CodeBench_Lite_for_ARM_EABI\lib\gcc\arm-none-eabi\4.7.2\thumb\libgcc.a(_arm_truncdfsf2.o)
                0x102e39b0                __truncdfsf2
                0x102e39b0                __aeabi_d2f
 .text          0x102e3a50      0x2f8 C:\Program Files (x86)\CodeSourcery\Sourcery_CodeBench_Lite_for_ARM_EABI\lib\gcc\arm-none-eabi\4.7.2\thumb\libgcc.a(_arm_muldivsf3.o)
                0x102e3a50                __mulsf3
                0x102e3a50                __aeabi_fmul
                0x102e3be8                __aeabi_fdiv
                0x102e3be8                __divsf3
 .text          0x102e3d48      0x114 C:\Program Files (x86)\CodeSourcery\Sourcery_CodeBench_Lite_for_ARM_EABI\lib\gcc\arm-none-eabi\4.7.2\thumb\libgcc.a(_arm_cmpsf2.o)
                0x102e3d48                __gesf2
                0x102e3d48                __gtsf2
                0x102e3d50                __lesf2
                0x102e3d50                __ltsf2
                0x102e3d58                __nesf2
                0x102e3d58                __eqsf2
                0x102e3d58                __cmpsf2
                0x102e3dbc                __aeabi_cfrcmple
                0x102e3dcc                __aeabi_cfcmpeq
                0x102e3dcc                __aeabi_cfcmple
                0x102e3de4                __aeabi_fcmpeq
                0x102e3dfc                __aeabi_fcmplt
                0x102e3e14                __aeabi_fcmple
                0x102e3e2c                __aeabi_fcmpge
                0x102e3e44                __aeabi_fcmpgt
 .text          0x102e3e5c       0x54 C:\Program Files (x86)\CodeSourcery\Sourcery_CodeBench_Lite_for_ARM_EABI\lib\gcc\arm-none-eabi\4.7.2\thumb\libgcc.a(_arm_fixunssfsi.o)
                0x102e3e5c                __fixunssfsi
                0x102e3e5c                __aeabi_f2uiz
 .text.__stub   0x102e3eb0       0xac linker stubs

.glue_7         0x102e3f60        0x0
 .glue_7        0x00000000        0x0 linker stubs

.glue_7t        0x102e3f60        0x0
 .glue_7t       0x00000000        0x0 linker stubs

.vfp11_veneer   0x102e3f60        0x0
 .vfp11_veneer  0x00000000        0x0 linker stubs

.v4_bx          0x102e3f60        0x0
 .v4_bx         0x00000000        0x0 linker stubs

.iplt           0x102e3f60        0x0
 .iplt          0x00000000        0x0 ./ril/src/ril_alarm.o

.text.Ql_EINT_Register
                0x102e3f60       0x70
 .text.Ql_EINT_Register
                0x102e3f60       0x70 D:\Quectel\New\TEST\OpenCPU_SDK\libs\gcc\libapp_start.a(eint.o)
                0x102e3f60                Ql_EINT_Register

.text.Ql_EINT_Init
                0x102e3fd0       0x80
 .text.Ql_EINT_Init
                0x102e3fd0       0x80 D:\Quectel\New\TEST\OpenCPU_SDK\libs\gcc\libapp_start.a(eint.o)
                0x102e3fd0                Ql_EINT_Init

.text.Ql_FS_Open
                0x102e4050       0x68
 .text.Ql_FS_Open
                0x102e4050       0x68 D:\Quectel\New\TEST\OpenCPU_SDK\libs\gcc\libapp_start.a(fileSys.o)
                0x102e4050                Ql_FS_Open

.text.Ql_FS_Read
                0x102e40b8       0x78
 .text.Ql_FS_Read
                0x102e40b8       0x78 D:\Quectel\New\TEST\OpenCPU_SDK\libs\gcc\libapp_start.a(fileSys.o)
                0x102e40b8                Ql_FS_Read

.text.Ql_FS_Write
                0x102e4130       0x78
 .text.Ql_FS_Write
                0x102e4130       0x78 D:\Quectel\New\TEST\OpenCPU_SDK\libs\gcc\libapp_start.a(fileSys.o)
                0x102e4130                Ql_FS_Write

.text.Ql_FS_Seek
                0x102e41a8       0x70
 .text.Ql_FS_Seek
                0x102e41a8       0x70 D:\Quectel\New\TEST\OpenCPU_SDK\libs\gcc\libapp_start.a(fileSys.o)
                0x102e41a8                Ql_FS_Seek

.text.Ql_FS_Flush
                0x102e4218       0x54
 .text.Ql_FS_Flush
                0x102e4218       0x54 D:\Quectel\New\TEST\OpenCPU_SDK\libs\gcc\libapp_start.a(fileSys.o)
                0x102e4218                Ql_FS_Flush

.text.Ql_FS_Close
                0x102e426c       0x54
 .text.Ql_FS_Close
                0x102e426c       0x54 D:\Quectel\New\TEST\OpenCPU_SDK\libs\gcc\libapp_start.a(fileSys.o)
                0x102e426c                Ql_FS_Close

.text.Ql_FS_GetSize
                0x102e42c0       0x60
 .text.Ql_FS_GetSize
                0x102e42c0       0x60 D:\Quectel\New\TEST\OpenCPU_SDK\libs\gcc\libapp_start.a(fileSys.o)
                0x102e42c0                Ql_FS_GetSize

.text.Ql_FS_Delete
                0x102e4320       0x60
 .text.Ql_FS_Delete
                0x102e4320       0x60 D:\Quectel\New\TEST\OpenCPU_SDK\libs\gcc\libapp_start.a(fileSys.o)
                0x102e4320                Ql_FS_Delete

.text.Ql_FS_Check
                0x102e4380       0x60
 .text.Ql_FS_Check
                0x102e4380       0x60 D:\Quectel\New\TEST\OpenCPU_SDK\libs\gcc\libapp_start.a(fileSys.o)
                0x102e4380                Ql_FS_Check

.text.Ql_FS_CreateDir
                0x102e43e0       0x60
 .text.Ql_FS_CreateDir
                0x102e43e0       0x60 D:\Quectel\New\TEST\OpenCPU_SDK\libs\gcc\libapp_start.a(fileSys.o)
                0x102e43e0                Ql_FS_CreateDir

.text.Ql_FS_CheckDir
                0x102e4440       0x60
 .text.Ql_FS_CheckDir
                0x102e4440       0x60 D:\Quectel\New\TEST\OpenCPU_SDK\libs\gcc\libapp_start.a(fileSys.o)
                0x102e4440                Ql_FS_CheckDir

.text.Ql_FS_GetFreeSpace
                0x102e44a0       0x74
 .text.Ql_FS_GetFreeSpace
                0x102e44a0       0x74 D:\Quectel\New\TEST\OpenCPU_SDK\libs\gcc\libapp_start.a(fileSys.o)
                0x102e44a0                Ql_FS_GetFreeSpace

.text.Ql_FS_GetTotalSpace
                0x102e4514       0x74
 .text.Ql_FS_GetTotalSpace
                0x102e4514       0x74 D:\Quectel\New\TEST\OpenCPU_SDK\libs\gcc\libapp_start.a(fileSys.o)
                0x102e4514                Ql_FS_GetTotalSpace

.text.Ql_FS_Format
                0x102e4588       0x60
 .text.Ql_FS_Format
                0x102e4588       0x60 D:\Quectel\New\TEST\OpenCPU_SDK\libs\gcc\libapp_start.a(fileSys.o)
                0x102e4588                Ql_FS_Format

.text.Ql_FOTA_Init
                0x102e45e8       0x60
 .text.Ql_FOTA_Init
                0x102e45e8       0x60 D:\Quectel\New\TEST\OpenCPU_SDK\libs\gcc\libapp_start.a(fota.o)
                0x102e45e8                Ql_FOTA_Init

.text.Ql_FOTA_WriteData
                0x102e4648       0x68
 .text.Ql_FOTA_WriteData
                0x102e4648       0x68 D:\Quectel\New\TEST\OpenCPU_SDK\libs\gcc\libapp_start.a(fota.o)
                0x102e4648                Ql_FOTA_WriteData

.text.Ql_FOTA_Finish
                0x102e46b0       0x58
 .text.Ql_FOTA_Finish
                0x102e46b0       0x58 D:\Quectel\New\TEST\OpenCPU_SDK\libs\gcc\libapp_start.a(fota.o)
                0x102e46b0                Ql_FOTA_Finish

.text.Ql_FOTA_Update
                0x102e4708       0x58
 .text.Ql_FOTA_Update
                0x102e4708       0x58 D:\Quectel\New\TEST\OpenCPU_SDK\libs\gcc\libapp_start.a(fota.o)
                0x102e4708                Ql_FOTA_Update

.text.Ql_GPIO_Init
                0x102e4760       0x78
 .text.Ql_GPIO_Init
                0x102e4760       0x78 D:\Quectel\New\TEST\OpenCPU_SDK\libs\gcc\libapp_start.a(gpio.o)
                0x102e4760                Ql_GPIO_Init

.text.Ql_GPIO_SetLevel
                0x102e47d8       0x68
 .text.Ql_GPIO_SetLevel
                0x102e47d8       0x68 D:\Quectel\New\TEST\OpenCPU_SDK\libs\gcc\libapp_start.a(gpio.o)
                0x102e47d8                Ql_GPIO_SetLevel

.text.Ql_MEM_Alloc
                0x102e4840       0x78
 .text.Ql_MEM_Alloc
                0x102e4840       0x78 D:\Quectel\New\TEST\OpenCPU_SDK\libs\gcc\libapp_start.a(memory.o)
                0x102e4840                Ql_MEM_Alloc

.text.Ql_MEM_Free
                0x102e48b8       0x74
 .text.Ql_MEM_Free
                0x102e48b8       0x74 D:\Quectel\New\TEST\OpenCPU_SDK\libs\gcc\libapp_start.a(memory.o)
                0x102e48b8                Ql_MEM_Free

.text.ql_InitVFunc
                0x102e492c       0xd8
 .text.ql_InitVFunc
                0x102e492c       0xd8 D:\Quectel\New\TEST\OpenCPU_SDK\libs\gcc\libapp_start.a(ql_main.o)
                0x102e492c                ql_InitVFunc

.text.ocpu_main
                0x102e4a04       0xf0
 .text.ocpu_main
                0x102e4a04       0xf0 D:\Quectel\New\TEST\OpenCPU_SDK\libs\gcc\libapp_start.a(ql_main.o)
                0x102e4a04                ocpu_main

.text.proc_reserved2
                0x102e4af4       0x70
 .text.proc_reserved2
                0x102e4af4       0x70 D:\Quectel\New\TEST\OpenCPU_SDK\libs\gcc\libapp_start.a(ril_aux.o)
                0x102e4af4                proc_reserved2

.text.ril_StopATTimer
                0x102e4b64       0x34
 .text.ril_StopATTimer
                0x102e4b64       0x34 D:\Quectel\New\TEST\OpenCPU_SDK\libs\gcc\libapp_start.a(ril_main.o)

.text.Callback_OnATTimer
                0x102e4b98       0x4c
 .text.Callback_OnATTimer
                0x102e4b98       0x4c D:\Quectel\New\TEST\OpenCPU_SDK\libs\gcc\libapp_start.a(ril_main.o)

.text.CallBack_SerialPort_Hdlr
                0x102e4be4      0x384
 .text.CallBack_SerialPort_Hdlr
                0x102e4be4      0x384 D:\Quectel\New\TEST\OpenCPU_SDK\libs\gcc\libapp_start.a(ril_main.o)

.text.proc_reserved1
                0x102e4f68      0x200
 .text.proc_reserved1
                0x102e4f68      0x200 D:\Quectel\New\TEST\OpenCPU_SDK\libs\gcc\libapp_start.a(ril_main.o)
                0x102e4f68                proc_reserved1

.text.Ql_RIL_SendATCmd
                0x102e5168      0x260
 .text.Ql_RIL_SendATCmd
                0x102e5168      0x260 D:\Quectel\New\TEST\OpenCPU_SDK\libs\gcc\libapp_start.a(ril_main.o)
                0x102e5168                Ql_RIL_SendATCmd

.text.Ql_RIL_WriteDataToCore
                0x102e53c8       0x24
 .text.Ql_RIL_WriteDataToCore
                0x102e53c8       0x24 D:\Quectel\New\TEST\OpenCPU_SDK\libs\gcc\libapp_start.a(ril_main.o)
                0x102e53c8                Ql_RIL_WriteDataToCore

.text.Ql_SPI_Init
                0x102e53ec       0x88
 .text.Ql_SPI_Init
                0x102e53ec       0x88 D:\Quectel\New\TEST\OpenCPU_SDK\libs\gcc\libapp_start.a(spi.o)
                0x102e53ec                Ql_SPI_Init

.text.Ql_SPI_Config
                0x102e5474       0x80
 .text.Ql_SPI_Config
                0x102e5474       0x80 D:\Quectel\New\TEST\OpenCPU_SDK\libs\gcc\libapp_start.a(spi.o)
                0x102e5474                Ql_SPI_Config

.text.Ql_SPI_Write
                0x102e54f4       0x70
 .text.Ql_SPI_Write
                0x102e54f4       0x70 D:\Quectel\New\TEST\OpenCPU_SDK\libs\gcc\libapp_start.a(spi.o)
                0x102e54f4                Ql_SPI_Write

.text.Ql_atof   0x102e5564       0x98
 .text.Ql_atof  0x102e5564       0x98 D:\Quectel\New\TEST\OpenCPU_SDK\libs\gcc\libapp_start.a(stdlib_func.o)
                0x102e5564                Ql_atof

.text.Ql_strcpy
                0x102e55fc       0xa0
 .text.Ql_strcpy
                0x102e55fc       0xa0 D:\Quectel\New\TEST\OpenCPU_SDK\libs\gcc\libapp_start.a(stdlib_func.o)
                0x102e55fc                Ql_strcpy

.text.Ql_strncpy
                0x102e569c       0x88
 .text.Ql_strncpy
                0x102e569c       0x88 D:\Quectel\New\TEST\OpenCPU_SDK\libs\gcc\libapp_start.a(stdlib_func.o)
                0x102e569c                Ql_strncpy

.text.Ql_strcat
                0x102e5724       0x80
 .text.Ql_strcat
                0x102e5724       0x80 D:\Quectel\New\TEST\OpenCPU_SDK\libs\gcc\libapp_start.a(stdlib_func.o)
                0x102e5724                Ql_strcat

.text.Ql_strlen
                0x102e57a4       0x78
 .text.Ql_strlen
                0x102e57a4       0x78 D:\Quectel\New\TEST\OpenCPU_SDK\libs\gcc\libapp_start.a(stdlib_func.o)
                0x102e57a4                Ql_strlen

.text.Ql_strcmp
                0x102e581c       0x68
 .text.Ql_strcmp
                0x102e581c       0x68 D:\Quectel\New\TEST\OpenCPU_SDK\libs\gcc\libapp_start.a(stdlib_func.o)
                0x102e581c                Ql_strcmp

.text.Ql_strncmp
                0x102e5884       0x70
 .text.Ql_strncmp
                0x102e5884       0x70 D:\Quectel\New\TEST\OpenCPU_SDK\libs\gcc\libapp_start.a(stdlib_func.o)
                0x102e5884                Ql_strncmp

.text.Ql_memset
                0x102e58f4       0x88
 .text.Ql_memset
                0x102e58f4       0x88 D:\Quectel\New\TEST\OpenCPU_SDK\libs\gcc\libapp_start.a(stdlib_func.o)
                0x102e58f4                Ql_memset

.text.Ql_memcpy
                0x102e597c       0x88
 .text.Ql_memcpy
                0x102e597c       0x88 D:\Quectel\New\TEST\OpenCPU_SDK\libs\gcc\libapp_start.a(stdlib_func.o)
                0x102e597c                Ql_memcpy

.text.Ql_strstr
                0x102e5a04       0x80
 .text.Ql_strstr
                0x102e5a04       0x80 D:\Quectel\New\TEST\OpenCPU_SDK\libs\gcc\libapp_start.a(stdlib_func.o)
                0x102e5a04                Ql_strstr

.text.Ql_toupper
                0x102e5a84        0x8
 .text.Ql_toupper
                0x102e5a84        0x8 D:\Quectel\New\TEST\OpenCPU_SDK\libs\gcc\libapp_start.a(stdlib_func.o)
                0x102e5a84                Ql_toupper

.text.Ql_atoi   0x102e5a8c       0x84
 .text.Ql_atoi  0x102e5a8c       0x84 D:\Quectel\New\TEST\OpenCPU_SDK\libs\gcc\libapp_start.a(stdlib_func.o)
                0x102e5a8c                Ql_atoi

.text.Ql_Sleep  0x102e5b10       0x74
 .text.Ql_Sleep
                0x102e5b10       0x74 D:\Quectel\New\TEST\OpenCPU_SDK\libs\gcc\libapp_start.a(system.o)
                0x102e5b10                Ql_Sleep

.text.Ql_GetCoreVer
                0x102e5b84       0x6c
 .text.Ql_GetCoreVer
                0x102e5b84       0x6c D:\Quectel\New\TEST\OpenCPU_SDK\libs\gcc\libapp_start.a(system.o)
                0x102e5b84                Ql_GetCoreVer

.text.Ql_GetSDKVer
                0x102e5bf0       0x64
 .text.Ql_GetSDKVer
                0x102e5bf0       0x64 D:\Quectel\New\TEST\OpenCPU_SDK\libs\gcc\libapp_start.a(system.o)
                0x102e5bf0                Ql_GetSDKVer

.text.Ql_OS_GetMessage
                0x102e5c54       0x60
 .text.Ql_OS_GetMessage
                0x102e5c54       0x60 D:\Quectel\New\TEST\OpenCPU_SDK\libs\gcc\libapp_start.a(taskMngt.o)
                0x102e5c54                Ql_OS_GetMessage

.text.Ql_OS_SendMessage
                0x102e5cb4       0x78
 .text.Ql_OS_SendMessage
                0x102e5cb4       0x78 D:\Quectel\New\TEST\OpenCPU_SDK\libs\gcc\libapp_start.a(taskMngt.o)
                0x102e5cb4                Ql_OS_SendMessage

.text.Ql_OS_CreateMutex
                0x102e5d2c       0x54
 .text.Ql_OS_CreateMutex
                0x102e5d2c       0x54 D:\Quectel\New\TEST\OpenCPU_SDK\libs\gcc\libapp_start.a(taskMngt.o)
                0x102e5d2c                Ql_OS_CreateMutex

.text.Ql_OS_TakeMutex
                0x102e5d80       0x54
 .text.Ql_OS_TakeMutex
                0x102e5d80       0x54 D:\Quectel\New\TEST\OpenCPU_SDK\libs\gcc\libapp_start.a(taskMngt.o)
                0x102e5d80                Ql_OS_TakeMutex

.text.Ql_OS_GiveMutex
                0x102e5dd4       0x54
 .text.Ql_OS_GiveMutex
                0x102e5dd4       0x54 D:\Quectel\New\TEST\OpenCPU_SDK\libs\gcc\libapp_start.a(taskMngt.o)
                0x102e5dd4                Ql_OS_GiveMutex

.text.Ql_OS_CreateEvent
                0x102e5e28       0x54
 .text.Ql_OS_CreateEvent
                0x102e5e28       0x54 D:\Quectel\New\TEST\OpenCPU_SDK\libs\gcc\libapp_start.a(taskMngt.o)
                0x102e5e28                Ql_OS_CreateEvent

.text.Ql_OS_WaitEvent
                0x102e5e7c       0x68
 .text.Ql_OS_WaitEvent
                0x102e5e7c       0x68 D:\Quectel\New\TEST\OpenCPU_SDK\libs\gcc\libapp_start.a(taskMngt.o)
                0x102e5e7c                Ql_OS_WaitEvent

.text.Ql_OS_SetEvent
                0x102e5ee4       0x68
 .text.Ql_OS_SetEvent
                0x102e5ee4       0x68 D:\Quectel\New\TEST\OpenCPU_SDK\libs\gcc\libapp_start.a(taskMngt.o)
                0x102e5ee4                Ql_OS_SetEvent

.text.Ql_GetLocalTime
                0x102e5f4c       0x54
 .text.Ql_GetLocalTime
                0x102e5f4c       0x54 D:\Quectel\New\TEST\OpenCPU_SDK\libs\gcc\libapp_start.a(time.o)
                0x102e5f4c                Ql_GetLocalTime

.text.Ql_Mktime
                0x102e5fa0       0x70
 .text.Ql_Mktime
                0x102e5fa0       0x70 D:\Quectel\New\TEST\OpenCPU_SDK\libs\gcc\libapp_start.a(time.o)
                0x102e5fa0                Ql_Mktime

.text.Ql_Timer_Register
                0x102e6010       0x70
 .text.Ql_Timer_Register
                0x102e6010       0x70 D:\Quectel\New\TEST\OpenCPU_SDK\libs\gcc\libapp_start.a(timer.o)
                0x102e6010                Ql_Timer_Register

.text.Ql_Timer_Start
                0x102e6080       0x70
 .text.Ql_Timer_Start
                0x102e6080       0x70 D:\Quectel\New\TEST\OpenCPU_SDK\libs\gcc\libapp_start.a(timer.o)
                0x102e6080                Ql_Timer_Start

.text.Ql_Timer_Stop
                0x102e60f0       0x60
 .text.Ql_Timer_Stop
                0x102e60f0       0x60 D:\Quectel\New\TEST\OpenCPU_SDK\libs\gcc\libapp_start.a(timer.o)
                0x102e60f0                Ql_Timer_Stop

.text.Ql_UART_Register
                0x102e6150       0x70
 .text.Ql_UART_Register
                0x102e6150       0x70 D:\Quectel\New\TEST\OpenCPU_SDK\libs\gcc\libapp_start.a(uart.o)
                0x102e6150                Ql_UART_Register

.text.Ql_UART_Open
                0x102e61c0       0x70
 .text.Ql_UART_Open
                0x102e61c0       0x70 D:\Quectel\New\TEST\OpenCPU_SDK\libs\gcc\libapp_start.a(uart.o)
                0x102e61c0                Ql_UART_Open

.text.Ql_UART_Write
                0x102e6230       0x70
 .text.Ql_UART_Write
                0x102e6230       0x70 D:\Quectel\New\TEST\OpenCPU_SDK\libs\gcc\libapp_start.a(uart.o)
                0x102e6230                Ql_UART_Write

.text.Ql_UART_Read
                0x102e62a0       0x70
 .text.Ql_UART_Read
                0x102e62a0       0x70 D:\Quectel\New\TEST\OpenCPU_SDK\libs\gcc\libapp_start.a(uart.o)
                0x102e62a0                Ql_UART_Read

.text.Ql_UART_ClrRxBuffer
                0x102e6310       0x54
 .text.Ql_UART_ClrRxBuffer
                0x102e6310       0x54 D:\Quectel\New\TEST\OpenCPU_SDK\libs\gcc\libapp_start.a(uart.o)
                0x102e6310                Ql_UART_ClrRxBuffer

.text.Ql_UART_GetPinStatus
                0x102e6364       0x68
 .text.Ql_UART_GetPinStatus
                0x102e6364       0x68 D:\Quectel\New\TEST\OpenCPU_SDK\libs\gcc\libapp_start.a(uart.o)
                0x102e6364                Ql_UART_GetPinStatus

.text.Ql_UART_SendEscap
                0x102e63cc       0x60
 .text.Ql_UART_SendEscap
                0x102e63cc       0x60 D:\Quectel\New\TEST\OpenCPU_SDK\libs\gcc\libapp_start.a(uart.o)
                0x102e63cc                Ql_UART_SendEscap

.text.Ql_WTD_Feed
                0x102e642c       0x5c
 .text.Ql_WTD_Feed
                0x102e642c       0x5c D:\Quectel\New\TEST\OpenCPU_SDK\libs\gcc\libapp_start.a(watchdog.o)
                0x102e642c                Ql_WTD_Feed

.rodata         0x102e6488     0x7978
 *(.rodata)
 .rodata        0x102e6488      0x11c ./ril/src/ril_bluetooth.o
 .rodata        0x102e65a4       0x1c ./ril/src/ril_dtmf.o
 .rodata        0x102e65c0       0x68 ./ril/src/ril_http.o
 .rodata        0x102e6628       0x10 ./ril/src/ril_location.o
 .rodata        0x102e6638       0x68 ./ril/src/ril_network.o
 .rodata        0x102e66a0       0x54 ./ril/src/ril_sim.o
 .rodata        0x102e66f4      0x888 ./ril/src/ril_urc.o
 .rodata        0x102e6f7c      0x1a0 ./custom/mqtt/src/mqtt.o
 .rodata        0x102e711c       0x10 ./custom/fota/src/file_Operations.o
 .rodata        0x102e712c       0x4c ./custom/config/custom_sys_cfg.o
                0x102e7130                SystemCfg
 .rodata        0x102e7178       0x68 ./custom/config/sys_config.o
                0x102e7178                GpioConfigTbl
                0x102e717c                TaskConfig
 .rodata        0x102e71e0     0x3e58 ./custom/TFTDisplay/src/st7735.o
 .rodata        0x102eb038       0x10 ./custom/SecureSocket/src/SecureSocket.o
 .rodata        0x102eb048     0x2a60 ./custom/IPC/src/ipc.o
                0x102eb050                magic_byte
 .rodata        0x102edaa8       0x16 D:\Quectel\New\TEST\OpenCPU_SDK\libs\gcc\libapp_start.a(ql_main.o)
 .rodata        0x102edabe        0x4 D:\Quectel\New\TEST\OpenCPU_SDK\libs\gcc\libapp_start.a(ril_main.o)
 .rodata        0x102edac2       0x16 D:\Quectel\New\TEST\OpenCPU_SDK\libs\gcc\libapp_start.a(system.o)
 .rodata        0x102edad8      0x104 C:\Program Files (x86)\CodeSourcery\Sourcery_CodeBench_Lite_for_ARM_EABI\arm-none-eabi\lib\thumb\libc.a(lib_a-ctype_.o)
                0x102edad8                _ctype_
 *fill*         0x102edbdc        0x4 
 .rodata        0x102edbe0       0xf8 C:\Program Files (x86)\CodeSourcery\Sourcery_CodeBench_Lite_for_ARM_EABI\arm-none-eabi\lib\thumb\libc.a(lib_a-strtod.o)
 .rodata        0x102edcd8      0x128 C:\Program Files (x86)\CodeSourcery\Sourcery_CodeBench_Lite_for_ARM_EABI\arm-none-eabi\lib\thumb\libc.a(lib_a-mprec.o)
                0x102edce8                __mprec_tens
                0x102eddb0                __mprec_tinytens
                0x102eddd8                __mprec_bigtens

.rodata.str1.4  0x102ede00     0x2578
 .rodata.str1.4
                0x102ede00       0x30 ./ril/src/ril_atResponse.o
                                 0x34 (size before relaxing)
 .rodata.str1.4
                0x102ede30      0x518 ./ril/src/ril_bluetooth.o
                                0x544 (size before relaxing)
 .rodata.str1.4
                0x102ee348       0xc3 ./ril/src/ril_dtmf.o
                                 0xdc (size before relaxing)
 *fill*         0x102ee40b        0x1 
 .rodata.str1.4
                0x102ee40c       0x19 ./ril/src/ril_http.o
                                 0x34 (size before relaxing)
 *fill*         0x102ee425        0x3 
 .rodata.str1.4
                0x102ee428       0x57 ./ril/src/ril_init.o
                                 0x58 (size before relaxing)
 *fill*         0x102ee47f        0x1 
 .rodata.str1.4
                0x102ee480       0x71 ./ril/src/ril_location.o
                                 0x94 (size before relaxing)
 *fill*         0x102ee4f1        0x3 
 .rodata.str1.4
                0x102ee4f4      0x11c ./ril/src/ril_network.o
                                0x13c (size before relaxing)
 .rodata.str1.4
                0x102ee610       0xf1 ./ril/src/ril_sim.o
                                0x11c (size before relaxing)
 *fill*         0x102ee701        0x3 
 .rodata.str1.4
                0x102ee704      0x1b0 ./ril/src/ril_urc.o
                                0x1b8 (size before relaxing)
 .rodata.str1.4
                0x102ee8b4       0x15 ./ril/src/ril_util.o
                                 0x20 (size before relaxing)
 *fill*         0x102ee8c9        0x3 
 .rodata.str1.4
                0x102ee8cc       0x82 ./custom/timer/src/Timers.o
                                 0x84 (size before relaxing)
 *fill*         0x102ee94e        0x2 
 .rodata.str1.4
                0x102ee950        0xf ./custom/mqtt/src/MQTTConnectClient.o
                                 0x10 (size before relaxing)
 *fill*         0x102ee95f        0x1 
 .rodata.str1.4
                0x102ee960      0x640 ./custom/mqtt/src/mqtt.o
                                0x650 (size before relaxing)
 .rodata.str1.4
                0x102eefa0      0x534 ./custom/fota/src/file_Operations.o
                                0x540 (size before relaxing)
 .rodata.str1.4
                0x102ef4d4      0x3f3 ./custom/fota/src/fota_app.o
                                0x404 (size before relaxing)
 *fill*         0x102ef8c7        0x1 
 .rodata.str1.4
                0x102ef8c8       0x75 ./custom/cJSON/src/cJSON.o
                                 0x78 (size before relaxing)
 *fill*         0x102ef93d        0x3 
 .rodata.str1.4
                0x102ef940       0xae ./custom/TFTDisplay/src/st7735.o
                                 0xbc (size before relaxing)
 *fill*         0x102ef9ee        0x2 
 .rodata.str1.4
                0x102ef9f0      0x4c5 ./custom/SecureSocket/src/SecureSocket.o
                                0x534 (size before relaxing)
 *fill*         0x102efeb5        0x3 
 .rodata.str1.4
                0x102efeb8      0x219 ./custom/IPC/src/ipc.o
                                0x228 (size before relaxing)
 *fill*         0x102f00d1        0x3 
 .rodata.str1.4
                0x102f00d4      0x266 ./custom/main.o
                                0x288 (size before relaxing)
 *fill*         0x102f033a        0x2 
 .rodata.str1.4
                0x102f033c        0xf C:\Program Files (x86)\CodeSourcery\Sourcery_CodeBench_Lite_for_ARM_EABI\arm-none-eabi\lib\thumb\libc.a(lib_a-strtod.o)
                                 0x10 (size before relaxing)
 *fill*         0x102f034b        0x1 
 .rodata.str1.4
                0x102f034c       0x1b C:\Program Files (x86)\CodeSourcery\Sourcery_CodeBench_Lite_for_ARM_EABI\arm-none-eabi\lib\thumb\libc.a(lib_a-gdtoa-gethex.o)
                                 0x1c (size before relaxing)
 *fill*         0x102f0367        0x1 
 .rodata.str1.4
                0x102f0368        0x2 C:\Program Files (x86)\CodeSourcery\Sourcery_CodeBench_Lite_for_ARM_EABI\arm-none-eabi\lib\thumb\libc.a(lib_a-impure.o)
                                  0x4 (size before relaxing)
 *fill*         0x102f036a        0x2 
 .rodata.str1.4
                0x102f036c        0xc C:\Program Files (x86)\CodeSourcery\Sourcery_CodeBench_Lite_for_ARM_EABI\arm-none-eabi\lib\thumb\libc.a(lib_a-locale.o)
                                 0x14 (size before relaxing)

.rodata.str1.1  0x102f0378      0x73e
 .rodata.str1.1
                0x102f0378       0x6f D:\Quectel\New\TEST\OpenCPU_SDK\libs\gcc\libapp_start.a(eint.o)
 .rodata.str1.1
                0x102f03e7      0x15c D:\Quectel\New\TEST\OpenCPU_SDK\libs\gcc\libapp_start.a(fileSys.o)
 .rodata.str1.1
                0x102f0543       0x4e D:\Quectel\New\TEST\OpenCPU_SDK\libs\gcc\libapp_start.a(fota.o)
 .rodata.str1.1
                0x102f0591       0x9a D:\Quectel\New\TEST\OpenCPU_SDK\libs\gcc\libapp_start.a(gpio.o)
 .rodata.str1.1
                0x102f062b       0x19 D:\Quectel\New\TEST\OpenCPU_SDK\libs\gcc\libapp_start.a(memory.o)
 .rodata.str1.1
                0x102f0644       0x56 D:\Quectel\New\TEST\OpenCPU_SDK\libs\gcc\libapp_start.a(ql_main.o)
 .rodata.str1.1
                0x102f069a       0x1e D:\Quectel\New\TEST\OpenCPU_SDK\libs\gcc\libapp_start.a(ril_main.o)
                                 0x25 (size before relaxing)
 .rodata.str1.1
                0x102f06b8       0x52 D:\Quectel\New\TEST\OpenCPU_SDK\libs\gcc\libapp_start.a(spi.o)
 .rodata.str1.1
                0x102f070a       0xa1 D:\Quectel\New\TEST\OpenCPU_SDK\libs\gcc\libapp_start.a(stdlib_func.o)
 .rodata.str1.1
                0x102f07ab       0x3d D:\Quectel\New\TEST\OpenCPU_SDK\libs\gcc\libapp_start.a(system.o)
 .rodata.str1.1
                0x102f07e8      0x140 D:\Quectel\New\TEST\OpenCPU_SDK\libs\gcc\libapp_start.a(taskMngt.o)
 .rodata.str1.1
                0x102f0928       0x41 D:\Quectel\New\TEST\OpenCPU_SDK\libs\gcc\libapp_start.a(time.o)
 .rodata.str1.1
                0x102f0969       0x45 D:\Quectel\New\TEST\OpenCPU_SDK\libs\gcc\libapp_start.a(timer.o)
 .rodata.str1.1
                0x102f09ae      0x108 D:\Quectel\New\TEST\OpenCPU_SDK\libs\gcc\libapp_start.a(uart.o)

.rel.dyn        0x102f0ab8        0x0
 .rel.iplt      0x00000000        0x0 ./ril/src/ril_alarm.o

.data           0xf03d2000     0x3050 load address 0x102f0ab8
                0x102f0ab8                PROVIDE (__data_load, LOADADDR (.data))
                0xf03d2000                PROVIDE (__data_start, .)
 *(.data)
 .data          0xf03d2000        0x1 ./ril/src/ril_bluetooth.o
 *fill*         0xf03d2001        0x3 
 .data          0xf03d2004       0x20 ./ril/src/ril_init.o
                0xf03d2004                g_LimitedCmds
                0xf03d200c                g_InitCmds
 .data          0xf03d2024       0x18 ./custom/timer/src/Timers.o
                0xf03d2024                Timer_Delay
                0xf03d2028                Timer_SendTimeOut
                0xf03d202c                Timer_SendTimeOut_Interval
                0xf03d2030                Timer_TimeOut
                0xf03d2034                INTERVAL_WATCHDOG_FEED
                0xf03d2038                ID_WATCHDOG_FEED
 .data          0xf03d203c       0x60 ./custom/mqtt/src/mqtt.o
                0xf03d203c                buflen
                0xf03d2040                SECURE_GW_TOPIC_EVENT
                0xf03d2050                SECURE_GW_TOPIC_DATA
                0xf03d2060                SECURE_GW_TOPIC_ACK
                0xf03d2070                RP_Geolocation
                0xf03d2078                RP_vendorcode
                0xf03d2084                RP_devicetype
                0xf03d2090                RP_devicestatus
 .data          0xf03d209c       0x18 ./custom/fota/src/file_Operations.o
                0xf03d209c                file_devicedata
                0xf03d20a0                file_IoTdata
                0xf03d20a4                file_data
                0xf03d20a8                Error_Messagesdata
                0xf03d20ac                File_Licensepem
                0xf03d20b0                File_FotaAppBin
 .data          0xf03d20b4        0x8 ./custom/fota/src/fota_app.o
                0xf03d20b4                g_Handle_File_LICENSEPEM
                0xf03d20b8                g_Handle_File_FotaAppBin
 .data          0xf03d20bc        0xc ./custom/cJSON/src/cJSON.o
 .data          0xf03d20c8     0x25b8 ./custom/TFTDisplay/src/st7735.o
                0xf03d20c8                BigFont
                0xf03d2ca8                Grotesk16x32
                0xf03d4468                LCD_Dislpay_Message
 .data          0xf03d4680        0xc ./custom/IPC/src/ipc.o
                0xf03d4680                IPC_Response_missing_count
                0xf03d4684                Internal_error_code
                0xf03d4688                Power_Up_Sequencing_Counter
 .data          0xf03d468c       0xac ./custom/main.o
                0xf03d468c                CCIDNumber
                0xf03d46a8                IMEINumber
                0xf03d46bc                Operator_name
                0xf03d46d0                service_provider_name
                0xf03d46f0                Message
                0xf03d4724                Phone_Number
                0xf03d4730                version_info
 .data          0xf03d4738       0x18 D:\Quectel\New\TEST\OpenCPU_SDK\libs\gcc\libapp_start.a(ql_func.o)
                0xf03d4738                api_notsup
 .data          0xf03d4750        0x4 D:\Quectel\New\TEST\OpenCPU_SDK\libs\gcc\libapp_start.a(ril_aux.o)
                0xf03d4750                g_ril_auxTaskId
 .data          0xf03d4754       0x10 D:\Quectel\New\TEST\OpenCPU_SDK\libs\gcc\libapp_start.a(ril_main.o)
 .data          0xf03d4764        0x4 C:\Program Files (x86)\CodeSourcery\Sourcery_CodeBench_Lite_for_ARM_EABI\arm-none-eabi\lib\thumb\libc.a(lib_a-ctype_.o)
                0xf03d4764                __ctype_ptr__
 .data          0xf03d4768       0x28 C:\Program Files (x86)\CodeSourcery\Sourcery_CodeBench_Lite_for_ARM_EABI\arm-none-eabi\lib\thumb\libc.a(lib_a-strtod.o)
 .data          0xf03d4790      0x430 C:\Program Files (x86)\CodeSourcery\Sourcery_CodeBench_Lite_for_ARM_EABI\arm-none-eabi\lib\thumb\libc.a(lib_a-impure.o)
                0xf03d4790                _impure_ptr
 .data          0xf03d4bc0       0x7c C:\Program Files (x86)\CodeSourcery\Sourcery_CodeBench_Lite_for_ARM_EABI\arm-none-eabi\lib\thumb\libc.a(lib_a-locale.o)
                0xf03d4be0                __mb_cur_max
 .data          0xf03d4c3c      0x410 C:\Program Files (x86)\CodeSourcery\Sourcery_CodeBench_Lite_for_ARM_EABI\arm-none-eabi\lib\thumb\libc.a(lib_a-mallocr.o)
                0xf03d4c3c                __malloc_av_
                0xf03d5044                __malloc_sbrk_base
                0xf03d5048                __malloc_trim_threshold
                0xf03d5050                . = ALIGN (0x8)
 *fill*         0xf03d504c        0x4 
                0xf03d5050                PROVIDE (_edata, .)

.igot.plt       0xf03d5050        0x0 load address 0x102f3b08
 .igot.plt      0x00000000        0x0 ./ril/src/ril_alarm.o

.bss            0xf03d5050     0x9600 load address 0x102f3b08
                0xf03d5050                PROVIDE (__bss_start__, .)
 *(.bss)
 .bss           0xf03d5050        0x4 ./ril/src/ril_atResponse.o
 .bss           0xf03d5054        0x4 ./ril/src/ril_audio.o
                0xf03d5054                cb_aud_play
 .bss           0xf03d5058       0x98 ./ril/src/ril_bluetooth.o
 .bss           0xf03d50f0        0x4 ./ril/src/ril_custom.o
                0xf03d50f0                cb_rcvCoreData
 .bss           0xf03d50f4       0x10 ./ril/src/ril_dtmf.o
 .bss           0xf03d5104       0x18 ./ril/src/ril_http.o
                0xf03d5108                http_url_addr
                0xf03d510c                http_url_addr_len
                0xf03d5110                http_post_msg
                0xf03d5114                http_post_msg_len
                0xf03d5118                callback_http_dwnld
 .bss           0xf03d511c      0x204 ./ril/src/ril_location.o
 .bss           0xf03d5320      0x200 ./ril/src/ril_sim.o
 .bss           0xf03d5520        0x8 ./ril/src/ril_urc.o
                0xf03d5520                FtpGet_IND_CB
                0xf03d5524                FtpPut_IND_CB
 .bss           0xf03d5528      0x200 ./custom/timer/src/Timers.o
 .bss           0xf03d5728        0x4 ./custom/mqtt/src/MQTTPacket.o
 .bss           0xf03d572c      0x4d0 ./custom/mqtt/src/mqtt.o
                0xf03d572c                g_len_send_data
                0xf03d5730                DEVICE_CLIENT_ID
                0xf03d574c                DEVICE_USER_ID
                0xf03d57b0                DEVICE_SAS_TOKEN
                0xf03d57b4                time_stamp
                0xf03d57c8                local_time
                0xf03d59e4                Water_data_Publish_without_unit
                0xf03d59ec                Received_RCID
                0xf03d5a08                Received_RCTS
                0xf03d5a24                flow_rate
                0xf03d5a30                TDS_Input_Data
                0xf03d5a3c                TDS_Ouput_Data
                0xf03d5a48                Pump_Current
                0xf03d5a54                em_error
                0xf03d5a58                em_error_E1
                0xf03d5a5c                em_error_E5
                0xf03d5a60                tamper
                0xf03d5a64                RCID
                0xf03d5a80                RCTS
                0xf03d5a9c                lock_unlock_ack
                0xf03d5aa0                Process_TWIN_PROPERTY_CHANGE
                0xf03d5aa4                RP_IotHubName
                0xf03d5ac0                RP_DpsIdScope
                0xf03d5acc                RP_CntrlFirmwareFileName
                0xf03d5b00                RP_CntrlFirmwareVersion
                0xf03d5b0c                RP_CntrlFirmwareFileURL
                0xf03d5ba2                FOTA_information
                0xf03d5ba4                RP_FW_Upgrade_status
                0xf03d5bac                last_connectedtime
                0xf03d5bc8                DP_Version_Info
                0xf03d5bd0                g_recvd_data_last_read_pos
                0xf03d5bd4                Water_Unit_index_set
                0xf03d5bd8                rechargebalance
                0xf03d5bdc                rcbal
                0xf03d5be8                cmdrcbal
                0xf03d5bf4                water_balance
                0xf03d5bf8                payload_count
 .bss           0xf03d5bfc      0x26c ./custom/fota/src/file_Operations.o
                0xf03d5dfc                AZURE_IoT_device_ID
                0xf03d5e18                AZURE_IoT_DPS_ID
                0xf03d5e34                AZURE_assigned_IoT_Hub
 .bss           0xf03d5e68      0x444 ./custom/fota/src/fota_app.o
                0xf03d6068                g_rcvdDataLen
                0xf03d606c                g_HttpRcvBuf
                0xf03d6168                FOTA_URL
                0xf03d6214                HTTP_LICENSE_URL_ADDR
 .bss           0xf03d62ac        0x4 ./custom/extras/src/SysCalls.o
 .bss           0xf03d62b0      0x214 ./custom/cJSON/src/cJSON.o
 .bss           0xf03d64c4       0xc0 ./custom/TFTDisplay/src/st7735.o
                0xf03d64f8                language_index
                0xf03d64fc                sendonetimelowbal
                0xf03d64fd                sendonetimezerobal
                0xf03d64fe                Balance_in_green
                0xf03d6500                Last_language_index
 .bss           0xf03d6584     0x3d70 ./custom/SecureSocket/src/SecureSocket.o
                0xf03d6784                write_flag
                0xf03d6788                g_recvd_data_len
                0xf03d678c                g_buf_recvd_data
                0xf03da094                NULL_sslrecvParam
                0xf03da09c                REST_MESSAGE_PUT
                0xf03da1c8                REST_MESSAGE_POST
 .bss           0xf03da2f4      0x2f8 ./custom/IPC/src/ipc.o
                0xf03da2f4                IPC_Sequence_Counter
                0xf03da4f8                Water_Unit_index_get
                0xf03da4fe                CRC_Token
                0xf03da500                Control_Module_Indentity_data
                0xf03da510                Purification_ON_Counter
                0xf03da514                IPC_CMD_REQ_source
                0xf03da518                water_balance_buffer
                0xf03da520                previous_flowrate
                0xf03da522                water_flow_rate_ml_minute
                0xf03da524                previous_amc_timer
                0xf03da526                amc_timer
                0xf03da528                TDS_Sensor_OUT_value
                0xf03da52a                previous_TDS_Sensor_OUT_value
                0xf03da52c                TDS_Sensor_In_value
                0xf03da52e                previous_TDS_Sensor_In_value
                0xf03da530                TDS_Sensor_Out_Temp_value
                0xf03da532                previous_TDS_Sensor_Out_Temp_value
                0xf03da534                TDS_Sensor_In_Temp_value
                0xf03da536                previous_TDS_Sensor_In_Temp_value
                0xf03da538                previous_ro_pump_current
                0xf03da53a                ro_pump_current_in_mA
                0xf03da53c                Previous_Status_Byte
                0xf03da53d                Status_Byte
                0xf03da540                Purification_OFF_Event_Water_Balance
                0xf03da544                Purification_ON_Event_Water_Balance
                0xf03da548                Purification_Stop_local_time
                0xf03da564                Purification_Start_local_time
                0xf03da580                Water_dispensed_volume
                0xf03da588                water_balance_buffer_last
                0xf03da590                Con_Module_Reset_Counter
                0xf03da592                Heart_Beat_Message_Counter
                0xf03da594                Publish_ping_Counter
                0xf03da596                IPC_Sequence_Counter_GET_Special_parameters
                0xf03da598                PUBLISH_RESPONSE_REQ_source
                0xf03da59c                Previous_AMC_Status_Byte
                0xf03da59d                AMC_Status_Byte
                0xf03da59e                PreviousSensor_Status_Byte
                0xf03da5a0                Sensor_Status_Byte
                0xf03da5a2                PreviousPurificationOffStatus_Data
                0xf03da5a4                PreviousFaultStatus_Data
                0xf03da5a6                Fault_Status_Byte
                0xf03da5a8                Previous_Purification_ON_Counter
                0xf03da5ac                Error_messages_array
                0xf03da5b8                control_module_identity_number
                0xf03da5cc                deviceidentitydata
                0xf03da5ea                Special_Action_Timer
 .bss           0xf03da5ec      0x360 ./custom/main.o
                0xf03da5ec                Certificate_File_Download_state
                0xf03da5f0                FLAG
                0xf03da618                Cx0_File_Size
                0xf03da81c                rssi
                0xf03da820                RssiLevel
                0xf03da821                previous_rssival
                0xf03da824                latitude_
                0xf03da830                longitude_
                0xf03da83c                coresdkpbuf
                0xf03da8a0                Code_File_Size
                0xf03da8a4                GPRS_Connect_Failed_Attempts_Count
                0xf03da8a5                firmware_upgraded_flag
                0xf03da8a8                latlong
                0xf03da8c6                file
                0xf03da8c8                wtdid
                0xf03da8cc                m_passwd
                0xf03da8d0                m_userid
                0xf03da8d4                m_apn
                0xf03da908                CCID
                0xf03da924                IMEI
                0xf03da938                MId
 .bss           0xf03da94c       0x1c D:\Quectel\New\TEST\OpenCPU_SDK\libs\gcc\libapp_start.a(eint.o)
                0xf03da94c                m_EINT_Register
                0xf03da950                m_EINT_RegisterFast
                0xf03da954                m_EINT_Init
                0xf03da958                m_EINT_Uninit
                0xf03da95c                m_EINT_GetLevel
                0xf03da960                m_EINT_Mask
                0xf03da964                m_EINT_Unmask
 .bss           0xf03da968       0x60 D:\Quectel\New\TEST\OpenCPU_SDK\libs\gcc\libapp_start.a(fileSys.o)
 .bss           0xf03da9c8       0x14 D:\Quectel\New\TEST\OpenCPU_SDK\libs\gcc\libapp_start.a(fota.o)
 .bss           0xf03da9dc       0x20 D:\Quectel\New\TEST\OpenCPU_SDK\libs\gcc\libapp_start.a(gpio.o)
                0xf03da9dc                m_GPIO_Init
                0xf03da9e0                m_GPIO_SetLevel
                0xf03da9e4                m_GPIO_GetLevel
                0xf03da9e8                m_GPIO_SetDirection
                0xf03da9ec                m_GPIO_GetDirection
                0xf03da9f0                m_GPIO_SetPullSelection
                0xf03da9f4                m_GPIO_GetPullSelection
                0xf03da9f8                m_GPIO_Uninit
 .bss           0xf03da9fc        0x8 D:\Quectel\New\TEST\OpenCPU_SDK\libs\gcc\libapp_start.a(memory.o)
 .bss           0xf03daa04       0x24 D:\Quectel\New\TEST\OpenCPU_SDK\libs\gcc\libapp_start.a(ql_func.o)
                0xf03daa04                m_StartPlayAudioStream
                0xf03daa08                m_get_api_ptr
                0xf03daa0c                m_StopPlayAudioStream
                0xf03daa10                m_GetRelativeTime_Counter
                0xf03daa14                m_SecondToTicks
                0xf03daa18                m_MillisecondToTicks
                0xf03daa1c                m_CalendarTime2LocalTime
                0xf03daa20                m_osChangeTaskPriority
                0xf03daa24                m_create_api_hash
 .bss           0xf03daa28       0x10 D:\Quectel\New\TEST\OpenCPU_SDK\libs\gcc\libapp_start.a(ql_main.o)
                0xf03daa2c                runinfo
 .bss           0xf03daa38        0x1 D:\Quectel\New\TEST\OpenCPU_SDK\libs\gcc\libapp_start.a(ril_aux.o)
                0xf03daa38                g_ril_auxTaskReady
 *fill*         0xf03daa39        0x3 
 .bss           0xf03daa3c      0xc34 D:\Quectel\New\TEST\OpenCPU_SDK\libs\gcc\libapp_start.a(ril_main.o)
 .bss           0xf03db670       0x18 D:\Quectel\New\TEST\OpenCPU_SDK\libs\gcc\libapp_start.a(spi.o)
                0xf03db670                m_SPI_Init
                0xf03db674                m_SPI_Config
                0xf03db678                m_SPI_Write
                0xf03db67c                m_SPI_Read
                0xf03db680                m_SPI_WriteRead
                0xf03db684                m_SPI_Uninit
 .bss           0xf03db688       0x40 D:\Quectel\New\TEST\OpenCPU_SDK\libs\gcc\libapp_start.a(stdlib_func.o)
 .bss           0xf03db6c8       0x14 D:\Quectel\New\TEST\OpenCPU_SDK\libs\gcc\libapp_start.a(system.o)
 .bss           0xf03db6dc       0x40 D:\Quectel\New\TEST\OpenCPU_SDK\libs\gcc\libapp_start.a(taskMngt.o)
 .bss           0xf03db71c       0x10 D:\Quectel\New\TEST\OpenCPU_SDK\libs\gcc\libapp_start.a(time.o)
 .bss           0xf03db72c       0x10 D:\Quectel\New\TEST\OpenCPU_SDK\libs\gcc\libapp_start.a(timer.o)
 .bss           0xf03db73c       0x3c D:\Quectel\New\TEST\OpenCPU_SDK\libs\gcc\libapp_start.a(uart.o)
 .bss           0xf03db778       0x18 D:\Quectel\New\TEST\OpenCPU_SDK\libs\gcc\libapp_start.a(watchdog.o)
 .bss           0xf03db790       0x34 C:\Program Files (x86)\CodeSourcery\Sourcery_CodeBench_Lite_for_ARM_EABI\arm-none-eabi\lib\thumb\libc.a(lib_a-mallocr.o)
                0xf03db790                __malloc_top_pad
                0xf03db794                __malloc_current_mallinfo
                0xf03db7bc                __malloc_max_sbrked_mem
                0xf03db7c0                __malloc_max_total_mem
                0xf03db7c8                . = ALIGN (0x8)
 *fill*         0xf03db7c4        0x4 
                0xf03db7c8                _end = .
                0xf03db7c8                PROVIDE (__bss_end__, .)
 COMMON         0xf03db7c8      0x124 ./ril/src/ril_telephony.o
                0xf03db7c8                g_comingCall
 COMMON         0xf03db8ec       0x78 ./custom/timer/src/Timers.o
                0xf03db8ec                GW_sf_state
                0xf03db8f0                writeedlen
                0xf03db8f4                TFT_state
                0xf03db8f8                readedlen
                0xf03db8fc                MQTT_msg
                0xf03db900                filePath
 COMMON         0xf03db964     0x23f0 ./custom/mqtt/src/mqtt.o
                0xf03db964                payload_array
 COMMON         0xf03ddd54      0x7d0 ./custom/fota/src/file_Operations.o
                0xf03ddd54                persistent_parameter_array
                0xf03ddf48                persistent_parameter_IoT_array
 COMMON         0xf03de524        0xc ./custom/fota/src/fota_app.o
                0xf03de524                dataLen_here
                0xf03de528                Fota_Fail_Reason_Code
                0xf03de52c                total_size
 COMMON         0xf03de530        0x1 ./custom/TFTDisplay/src/st7735.o
                0xf03de530                madctl
 *fill*         0xf03de531        0x3 
 COMMON         0xf03de534        0x7 ./custom/IPC/src/ipc.o
                0xf03de534                Timer_On
                0xf03de536                configuration_Data_Read
                0xf03de538                configuration_Data_Write
 *fill*         0xf03de53b        0x1 
 COMMON         0xf03de53c       0x10 D:\Quectel\New\TEST\OpenCPU_SDK\libs\gcc\libapp_start.a(ql_main.o)
                0xf03de53c                Ql_snprintf
                0xf03de540                Ql_sprintf
                0xf03de544                Ql_Debug_Trace
                0xf03de548                Ql_sscanf
 COMMON         0xf03de54c      0x100 C:\Program Files (x86)\CodeSourcery\Sourcery_CodeBench_Lite_for_ARM_EABI\arm-none-eabi\lib\thumb\libc.a(lib_a-gdtoa-gethex.o)
                0xf03de54c                __hexdig
 COMMON         0xf03de64c        0x4 C:\Program Files (x86)\CodeSourcery\Sourcery_CodeBench_Lite_for_ARM_EABI\arm-none-eabi\lib\thumb\libc.a(lib_a-reent.o)
                0xf03de64c                errno
                0xf03db7c8                PROVIDE (__HEAP_START, _end)
OUTPUT(APPGS3MDM32A01.elf elf32-littlearm)

.debug_info     0x00000000    0x27b1d
 .debug_info    0x00000000      0x243 ./ril/src/ril_atResponse.o
 .debug_info    0x00000243     0x1556 ./ril/src/ril_audio.o
 .debug_info    0x00001799     0x3ed3 ./ril/src/ril_bluetooth.o
 .debug_info    0x0000566c      0x137 ./ril/src/ril_custom.o
 .debug_info    0x000057a3      0x9bd ./ril/src/ril_dtmf.o
 .debug_info    0x00006160      0x793 ./ril/src/ril_http.o
 .debug_info    0x000068f3      0x10a ./ril/src/ril_init.o
 .debug_info    0x000069fd      0x6ac ./ril/src/ril_location.o
 .debug_info    0x000070a9     0x12d0 ./ril/src/ril_network.o
 .debug_info    0x00008379      0xd18 ./ril/src/ril_sim.o
 .debug_info    0x00009091      0x5d7 ./ril/src/ril_telephony.o
 .debug_info    0x00009668     0x1620 ./ril/src/ril_urc.o
 .debug_info    0x0000ac88      0x59f ./ril/src/ril_util.o
 .debug_info    0x0000b227      0x6e4 ./custom/timer/src/Timers.o
 .debug_info    0x0000b90b      0xb57 ./custom/mqtt/src/MQTTConnectClient.o
 .debug_info    0x0000c462      0x3fc ./custom/mqtt/src/MQTTDeserializePublish.o
 .debug_info    0x0000c85e      0xad3 ./custom/mqtt/src/MQTTPacket.o
 .debug_info    0x0000d331      0x5d3 ./custom/mqtt/src/MQTTSerializePublish.o
 .debug_info    0x0000d904      0x4b1 ./custom/mqtt/src/MQTTSubscribeClient.o
 .debug_info    0x0000ddb5     0x64a8 ./custom/mqtt/src/mqtt.o
 .debug_info    0x0001425d     0x3075 ./custom/fota/src/file_Operations.o
 .debug_info    0x000172d2     0x1c72 ./custom/fota/src/fota_app.o
 .debug_info    0x00018f44       0xe0 ./custom/extras/src/SysCalls.o
 .debug_info    0x00019024      0x2fa ./custom/config/custom_sys_cfg.o
 .debug_info    0x0001931e      0x288 ./custom/config/sys_config.o
 .debug_info    0x000195a6     0x2f06 ./custom/cJSON/src/cJSON.o
 .debug_info    0x0001c4ac     0x4683 ./custom/TFTDisplay/src/st7735.o
 .debug_info    0x00020b2f     0x2d3f ./custom/SecureSocket/src/SecureSocket.o
 .debug_info    0x0002386e     0x23de ./custom/IPC/src/ipc.o
 .debug_info    0x00025c4c     0x1ed1 ./custom/main.o

.debug_abbrev   0x00000000     0x465b
 .debug_abbrev  0x00000000      0x13c ./ril/src/ril_atResponse.o
 .debug_abbrev  0x0000013c      0x2bd ./ril/src/ril_audio.o
 .debug_abbrev  0x000003f9      0x39f ./ril/src/ril_bluetooth.o
 .debug_abbrev  0x00000798       0xb6 ./ril/src/ril_custom.o
 .debug_abbrev  0x0000084e      0x239 ./ril/src/ril_dtmf.o
 .debug_abbrev  0x00000a87      0x1d8 ./ril/src/ril_http.o
 .debug_abbrev  0x00000c5f       0x87 ./ril/src/ril_init.o
 .debug_abbrev  0x00000ce6      0x194 ./ril/src/ril_location.o
 .debug_abbrev  0x00000e7a      0x313 ./ril/src/ril_network.o
 .debug_abbrev  0x0000118d      0x2f0 ./ril/src/ril_sim.o
 .debug_abbrev  0x0000147d      0x1cf ./ril/src/ril_telephony.o
 .debug_abbrev  0x0000164c      0x360 ./ril/src/ril_urc.o
 .debug_abbrev  0x000019ac      0x15e ./ril/src/ril_util.o
 .debug_abbrev  0x00001b0a      0x181 ./custom/timer/src/Timers.o
 .debug_abbrev  0x00001c8b      0x25d ./custom/mqtt/src/MQTTConnectClient.o
 .debug_abbrev  0x00001ee8      0x196 ./custom/mqtt/src/MQTTDeserializePublish.o
 .debug_abbrev  0x0000207e      0x3e1 ./custom/mqtt/src/MQTTPacket.o
 .debug_abbrev  0x0000245f      0x1a8 ./custom/mqtt/src/MQTTSerializePublish.o
 .debug_abbrev  0x00002607      0x1c0 ./custom/mqtt/src/MQTTSubscribeClient.o
 .debug_abbrev  0x000027c7      0x2fa ./custom/mqtt/src/mqtt.o
 .debug_abbrev  0x00002ac1      0x349 ./custom/fota/src/file_Operations.o
 .debug_abbrev  0x00002e0a      0x2e7 ./custom/fota/src/fota_app.o
 .debug_abbrev  0x000030f1       0x7d ./custom/extras/src/SysCalls.o
 .debug_abbrev  0x0000316e       0xdc ./custom/config/custom_sys_cfg.o
 .debug_abbrev  0x0000324a       0xc5 ./custom/config/sys_config.o
 .debug_abbrev  0x0000330f      0x55f ./custom/cJSON/src/cJSON.o
 .debug_abbrev  0x0000386e      0x3f8 ./custom/TFTDisplay/src/st7735.o
 .debug_abbrev  0x00003c66      0x3b9 ./custom/SecureSocket/src/SecureSocket.o
 .debug_abbrev  0x0000401f      0x2fd ./custom/IPC/src/ipc.o
 .debug_abbrev  0x0000431c      0x33f ./custom/main.o

.debug_loc      0x00000000    0x14164
 .debug_loc     0x00000000       0x9f ./ril/src/ril_atResponse.o
 .debug_loc     0x0000009f      0xb30 ./ril/src/ril_audio.o
 .debug_loc     0x00000bcf     0x23cf ./ril/src/ril_bluetooth.o
 .debug_loc     0x00002f9e       0x83 ./ril/src/ril_custom.o
 .debug_loc     0x00003021      0x5e6 ./ril/src/ril_dtmf.o
 .debug_loc     0x00003607      0x484 ./ril/src/ril_http.o
 .debug_loc     0x00003a8b      0x1a0 ./ril/src/ril_location.o
 .debug_loc     0x00003c2b      0xbcc ./ril/src/ril_network.o
 .debug_loc     0x000047f7      0x6d1 ./ril/src/ril_sim.o
 .debug_loc     0x00004ec8      0x39d ./ril/src/ril_telephony.o
 .debug_loc     0x00005265      0xc45 ./ril/src/ril_urc.o
 .debug_loc     0x00005eaa      0x5e1 ./ril/src/ril_util.o
 .debug_loc     0x0000648b      0x102 ./custom/timer/src/Timers.o
 .debug_loc     0x0000658d      0x4f8 ./custom/mqtt/src/MQTTConnectClient.o
 .debug_loc     0x00006a85      0x24a ./custom/mqtt/src/MQTTDeserializePublish.o
 .debug_loc     0x00006ccf      0xc43 ./custom/mqtt/src/MQTTPacket.o
 .debug_loc     0x00007912      0x450 ./custom/mqtt/src/MQTTSerializePublish.o
 .debug_loc     0x00007d62      0x3c4 ./custom/mqtt/src/MQTTSubscribeClient.o
 .debug_loc     0x00008126     0x2404 ./custom/mqtt/src/mqtt.o
 .debug_loc     0x0000a52a     0x102e ./custom/fota/src/file_Operations.o
 .debug_loc     0x0000b558      0x777 ./custom/fota/src/fota_app.o
 .debug_loc     0x0000bccf       0x21 ./custom/extras/src/SysCalls.o
 .debug_loc     0x0000bcf0     0x3bad ./custom/cJSON/src/cJSON.o
 .debug_loc     0x0000f89d     0x2265 ./custom/TFTDisplay/src/st7735.o
 .debug_loc     0x00011b02     0x15b6 ./custom/SecureSocket/src/SecureSocket.o
 .debug_loc     0x000130b8      0xc4e ./custom/IPC/src/ipc.o
 .debug_loc     0x00013d06      0x45e ./custom/main.o

.debug_aranges  0x00000000      0x3b8
 .debug_aranges
                0x00000000       0x20 ./ril/src/ril_atResponse.o
 .debug_aranges
                0x00000020       0x20 ./ril/src/ril_audio.o
 .debug_aranges
                0x00000040       0x20 ./ril/src/ril_bluetooth.o
 .debug_aranges
                0x00000060       0x20 ./ril/src/ril_custom.o
 .debug_aranges
                0x00000080       0x20 ./ril/src/ril_dtmf.o
 .debug_aranges
                0x000000a0       0x20 ./ril/src/ril_http.o
 .debug_aranges
                0x000000c0       0x20 ./ril/src/ril_init.o
 .debug_aranges
                0x000000e0       0x20 ./ril/src/ril_location.o
 .debug_aranges
                0x00000100       0x20 ./ril/src/ril_network.o
 .debug_aranges
                0x00000120       0x20 ./ril/src/ril_sim.o
 .debug_aranges
                0x00000140       0x20 ./ril/src/ril_telephony.o
 .debug_aranges
                0x00000160       0x20 ./ril/src/ril_urc.o
 .debug_aranges
                0x00000180       0x20 ./ril/src/ril_util.o
 .debug_aranges
                0x000001a0       0x20 ./custom/timer/src/Timers.o
 .debug_aranges
                0x000001c0       0x20 ./custom/mqtt/src/MQTTConnectClient.o
 .debug_aranges
                0x000001e0       0x20 ./custom/mqtt/src/MQTTDeserializePublish.o
 .debug_aranges
                0x00000200       0x20 ./custom/mqtt/src/MQTTPacket.o
 .debug_aranges
                0x00000220       0x20 ./custom/mqtt/src/MQTTSerializePublish.o
 .debug_aranges
                0x00000240       0x20 ./custom/mqtt/src/MQTTSubscribeClient.o
 .debug_aranges
                0x00000260       0x20 ./custom/mqtt/src/mqtt.o
 .debug_aranges
                0x00000280       0x20 ./custom/fota/src/file_Operations.o
 .debug_aranges
                0x000002a0       0x20 ./custom/fota/src/fota_app.o
 .debug_aranges
                0x000002c0       0x20 ./custom/extras/src/SysCalls.o
 .debug_aranges
                0x000002e0       0x20 ./custom/config/custom_sys_cfg.o
 .debug_aranges
                0x00000300       0x18 ./custom/config/sys_config.o
 .debug_aranges
                0x00000318       0x20 ./custom/cJSON/src/cJSON.o
 .debug_aranges
                0x00000338       0x20 ./custom/TFTDisplay/src/st7735.o
 .debug_aranges
                0x00000358       0x20 ./custom/SecureSocket/src/SecureSocket.o
 .debug_aranges
                0x00000378       0x20 ./custom/IPC/src/ipc.o
 .debug_aranges
                0x00000398       0x20 ./custom/main.o

.debug_macro    0x00000000     0x4f14
 .debug_macro   0x00000000       0xf3 ./ril/src/ril_atResponse.o
 .debug_macro   0x000000f3      0x17f ./ril/src/ril_audio.o
 .debug_macro   0x00000272       0x2b ./ril/src/ril_audio.o
 .debug_macro   0x0000029d       0x1d ./ril/src/ril_audio.o
 .debug_macro   0x000002ba       0x2b ./ril/src/ril_audio.o
 .debug_macro   0x000002e5      0x15b ./ril/src/ril_bluetooth.o
 .debug_macro   0x00000440       0x46 ./ril/src/ril_bluetooth.o
 .debug_macro   0x00000486       0xe9 ./ril/src/ril_custom.o
 .debug_macro   0x0000056f      0x177 ./ril/src/ril_dtmf.o
 .debug_macro   0x000006e6      0x18d ./ril/src/ril_http.o
 .debug_macro   0x00000873      0x140 ./ril/src/ril_init.o
 .debug_macro   0x000009b3      0x180 ./ril/src/ril_location.o
 .debug_macro   0x00000b33       0x34 ./ril/src/ril_location.o
 .debug_macro   0x00000b67      0x153 ./ril/src/ril_network.o
 .debug_macro   0x00000cba      0x17f ./ril/src/ril_sim.o
 .debug_macro   0x00000e39       0xf2 ./ril/src/ril_telephony.o
 .debug_macro   0x00000f2b       0x10 ./ril/src/ril_telephony.o
 .debug_macro   0x00000f3b      0x17b ./ril/src/ril_urc.o
 .debug_macro   0x000010b6       0xe2 ./ril/src/ril_util.o
 .debug_macro   0x00001198      0x330 ./custom/timer/src/Timers.o
 .debug_macro   0x000014c8       0x10 ./custom/timer/src/Timers.o
 .debug_macro   0x000014d8       0x89 ./custom/timer/src/Timers.o
 .debug_macro   0x00001561       0x1c ./custom/timer/src/Timers.o
 .debug_macro   0x0000157d       0x16 ./custom/timer/src/Timers.o
 .debug_macro   0x00001593       0x10 ./custom/timer/src/Timers.o
 .debug_macro   0x000015a3       0x1c ./custom/timer/src/Timers.o
 .debug_macro   0x000015bf       0x4c ./custom/timer/src/Timers.o
 .debug_macro   0x0000160b       0x1c ./custom/timer/src/Timers.o
 .debug_macro   0x00001627       0x85 ./custom/timer/src/Timers.o
 .debug_macro   0x000016ac       0x93 ./custom/timer/src/Timers.o
 .debug_macro   0x0000173f       0x4c ./custom/timer/src/Timers.o
 .debug_macro   0x0000178b       0x40 ./custom/timer/src/Timers.o
 .debug_macro   0x000017cb       0xd7 ./custom/timer/src/Timers.o
 .debug_macro   0x000018a2       0x28 ./custom/timer/src/Timers.o
 .debug_macro   0x000018ca       0x1c ./custom/timer/src/Timers.o
 .debug_macro   0x000018e6       0x16 ./custom/timer/src/Timers.o
 .debug_macro   0x000018fc       0x16 ./custom/timer/src/Timers.o
 .debug_macro   0x00001912       0x35 ./custom/timer/src/Timers.o
 .debug_macro   0x00001947       0x10 ./custom/timer/src/Timers.o
 .debug_macro   0x00001957       0x10 ./custom/timer/src/Timers.o
 .debug_macro   0x00001967       0x22 ./custom/timer/src/Timers.o
 .debug_macro   0x00001989       0x91 ./custom/timer/src/Timers.o
 .debug_macro   0x00001a1a       0x16 ./custom/timer/src/Timers.o
 .debug_macro   0x00001a30      0x14e ./custom/timer/src/Timers.o
 .debug_macro   0x00001b7e       0x4c ./custom/timer/src/Timers.o
 .debug_macro   0x00001bca      0x369 ./custom/timer/src/Timers.o
 .debug_macro   0x00001f33      0x332 ./custom/timer/src/Timers.o
 .debug_macro   0x00002265      0x2fe ./custom/mqtt/src/MQTTConnectClient.o
 .debug_macro   0x00002563      0x16c ./custom/mqtt/src/MQTTConnectClient.o
 .debug_macro   0x000026cf       0x43 ./custom/mqtt/src/MQTTConnectClient.o
 .debug_macro   0x00002712       0x1e ./custom/mqtt/src/MQTTConnectClient.o
 .debug_macro   0x00002730      0x152 ./custom/mqtt/src/MQTTDeserializePublish.o
 .debug_macro   0x00002882      0x152 ./custom/mqtt/src/MQTTPacket.o
 .debug_macro   0x000029d4      0x14c ./custom/mqtt/src/MQTTSerializePublish.o
 .debug_macro   0x00002b20      0x14c ./custom/mqtt/src/MQTTSubscribeClient.o
 .debug_macro   0x00002c6c      0x3f5 ./custom/mqtt/src/mqtt.o
 .debug_macro   0x00003061      0x320 ./custom/fota/src/file_Operations.o
 .debug_macro   0x00003381      0x314 ./custom/fota/src/fota_app.o
 .debug_macro   0x00003695       0xa8 ./custom/extras/src/SysCalls.o
 .debug_macro   0x0000373d       0xf9 ./custom/config/custom_sys_cfg.o
 .debug_macro   0x00003836      0x193 ./custom/config/sys_config.o
 .debug_macro   0x000039c9       0x2b ./custom/config/sys_config.o
 .debug_macro   0x000039f4       0x2b ./custom/config/sys_config.o
 .debug_macro   0x00003a1f       0x3e ./custom/config/sys_config.o
 .debug_macro   0x00003a5d      0x2be ./custom/cJSON/src/cJSON.o
 .debug_macro   0x00003d1b       0x12 ./custom/cJSON/src/cJSON.o
 .debug_macro   0x00003d2d      0x184 ./custom/cJSON/src/cJSON.o
 .debug_macro   0x00003eb1       0x2b ./custom/cJSON/src/cJSON.o
 .debug_macro   0x00003edc       0xee ./custom/cJSON/src/cJSON.o
 .debug_macro   0x00003fca       0x94 ./custom/cJSON/src/cJSON.o
 .debug_macro   0x0000405e      0x37e ./custom/TFTDisplay/src/st7735.o
 .debug_macro   0x000043dc      0x118 ./custom/TFTDisplay/src/st7735.o
 .debug_macro   0x000044f4      0x310 ./custom/SecureSocket/src/SecureSocket.o
 .debug_macro   0x00004804      0x34b ./custom/IPC/src/ipc.o
 .debug_macro   0x00004b4f       0x1c ./custom/IPC/src/ipc.o