Archive member included because of file (symbol)

D:\Quectel_M66\TEST\OpenCPU_SDK\libs\gcc\libapp_start.a(eint.o)
                              ./custom/main.o (Ql_EINT_Register)
D:\Quectel_M66\TEST\OpenCPU_SDK\libs\gcc\libapp_start.a(fileSys.o)
                              ./custom/fota/src/file_Operations.o (Ql_FS_Open)
D:\Quectel_M66\TEST\OpenCPU_SDK\libs\gcc\libapp_start.a(fota.o)
                              ./custom/fota/src/fota_app.o (Ql_FOTA_Init)
D:\Quectel_M66\TEST\OpenCPU_SDK\libs\gcc\libapp_start.a(gpio.o)
                              ./custom/main.o (Ql_GPIO_Init)
D:\Quectel_M66\TEST\OpenCPU_SDK\libs\gcc\libapp_start.a(lib_ril_sms.o)
                              ./custom/sms/src/sms.o (LIB_SMS_IsValidHexStr)
D:\Quectel_M66\TEST\OpenCPU_SDK\libs\gcc\libapp_start.a(memory.o)
                              ./ril/src/ril_bluetooth.o (Ql_MEM_Alloc)
D:\Quectel_M66\TEST\OpenCPU_SDK\libs\gcc\libapp_start.a(ql_func.o)
                              D:\Quectel_M66\TEST\OpenCPU_SDK\libs\gcc\libapp_start.a(memory.o) (api_notsup)
D:\Quectel_M66\TEST\OpenCPU_SDK\libs\gcc\libapp_start.a(ql_main.o)
                              ./ril/src/ril_bluetooth.o (Ql_Debug_Trace)
D:\Quectel_M66\TEST\OpenCPU_SDK\libs\gcc\libapp_start.a(ril_aux.o)
                              ./custom/config/sys_config.o (proc_reserved2)
D:\Quectel_M66\TEST\OpenCPU_SDK\libs\gcc\libapp_start.a(ril_main.o)
                              ./custom/config/sys_config.o (proc_reserved1)
D:\Quectel_M66\TEST\OpenCPU_SDK\libs\gcc\libapp_start.a(spi.o)
                              ./custom/main.o (Ql_SPI_Init)
D:\Quectel_M66\TEST\OpenCPU_SDK\libs\gcc\libapp_start.a(stdlib_func.o)
                              ./ril/src/ril_dtmf.o (Ql_atof)
D:\Quectel_M66\TEST\OpenCPU_SDK\libs\gcc\libapp_start.a(system.o)
                              ./ril/src/ril_ftp.o (Ql_Sleep)
D:\Quectel_M66\TEST\OpenCPU_SDK\libs\gcc\libapp_start.a(taskMngt.o)
                              ./custom/main.o (Ql_OS_GetMessage)
D:\Quectel_M66\TEST\OpenCPU_SDK\libs\gcc\libapp_start.a(time.o)
                              ./custom/SecureSocket/src/Network_Time.o (Ql_SetLocalTime)
D:\Quectel_M66\TEST\OpenCPU_SDK\libs\gcc\libapp_start.a(timer.o)
                              ./custom/timer/src/Timers.o (Ql_Timer_Register)
D:\Quectel_M66\TEST\OpenCPU_SDK\libs\gcc\libapp_start.a(uart.o)
                              ./custom/main.o (Ql_UART_Register)
D:\Quectel_M66\TEST\OpenCPU_SDK\libs\gcc\libapp_start.a(watchdog.o)
                              ./custom/timer/src/Timers.o (Ql_WTD_Feed)
D:\Quectel_M66\TEST\OpenCPU_SDK\libs\gcc\libapp_start.a(ocpu_init.o)
                              D:\Quectel_M66\TEST\OpenCPU_SDK\libs\gcc\libapp_start.a(ql_main.o) (_OCPU_InitUserMem)
C:\Program Files (x86)\CodeSourcery\Sourcery_CodeBench_Lite_for_ARM_EABI\arm-none-eabi\lib\thumb\libm.a(lib_a-s_floor.o)
                              ./custom/cJSON/src/cJSON.o (floor)
C:\Program Files (x86)\CodeSourcery\Sourcery_CodeBench_Lite_for_ARM_EABI\arm-none-eabi\lib\thumb\libc.a(lib_a-atoi.o)
                              ./custom/mqtt/src/mqtt.o (atoi)
C:\Program Files (x86)\CodeSourcery\Sourcery_CodeBench_Lite_for_ARM_EABI\arm-none-eabi\lib\thumb\libc.a(lib_a-ctype_.o)
                              ./custom/cJSON/src/cJSON.o (__ctype_ptr__)
C:\Program Files (x86)\CodeSourcery\Sourcery_CodeBench_Lite_for_ARM_EABI\arm-none-eabi\lib\thumb\libc.a(lib_a-memcmp.o)
                              ./custom/mqtt/src/MQTTConnectServer.o (memcmp)
C:\Program Files (x86)\CodeSourcery\Sourcery_CodeBench_Lite_for_ARM_EABI\arm-none-eabi\lib\thumb\libc.a(lib_a-memcpy.o)
                              ./ril/src/ril_alarm.o (memcpy)
C:\Program Files (x86)\CodeSourcery\Sourcery_CodeBench_Lite_for_ARM_EABI\arm-none-eabi\lib\thumb\libc.a(lib_a-memset.o)
                              ./ril/src/ril_alarm.o (memset)
C:\Program Files (x86)\CodeSourcery\Sourcery_CodeBench_Lite_for_ARM_EABI\arm-none-eabi\lib\thumb\libc.a(lib_a-realloc.o)
                              ./custom/cJSON/src/cJSON.o (realloc)
C:\Program Files (x86)\CodeSourcery\Sourcery_CodeBench_Lite_for_ARM_EABI\arm-none-eabi\lib\thumb\libc.a(lib_a-reallocr.o)
                              C:\Program Files (x86)\CodeSourcery\Sourcery_CodeBench_Lite_for_ARM_EABI\arm-none-eabi\lib\thumb\libc.a(lib_a-realloc.o) (_realloc_r)
C:\Program Files (x86)\CodeSourcery\Sourcery_CodeBench_Lite_for_ARM_EABI\arm-none-eabi\lib\thumb\libc.a(lib_a-snprintf.o)
                              ./custom/mqtt/src/MQTTFormat.o (snprintf)
C:\Program Files (x86)\CodeSourcery\Sourcery_CodeBench_Lite_for_ARM_EABI\arm-none-eabi\lib\thumb\libc.a(lib_a-strchr.o)
                              ./custom/cJSON/src/cJSON.o (strchr)
C:\Program Files (x86)\CodeSourcery\Sourcery_CodeBench_Lite_for_ARM_EABI\arm-none-eabi\lib\thumb\libc.a(lib_a-strcmp.o)
                              ./custom/cJSON/src/cJSON.o (strcmp)
[...]
Memory Configuration

Name             Origin             Length             Attributes
ROM              0x102c7040         0x0005a000         xr
RAM              0xf03d2000         0x00019000         xrw
*default*        0x00000000         0xffffffff

Linker script and memory map

LOAD ./ril/src/ril_alarm.o
LOAD ./ril/src/ril_atResponse.o
LOAD ./ril/src/ril_audio.o
LOAD ./ril/src/ril_bluetooth.o
LOAD ./ril/src/ril_custom.o
LOAD ./ril/src/ril_dtmf.o
LOAD ./ril/src/ril_ftp.o
LOAD ./ril/src/ril_http.o
LOAD ./ril/src/ril_init.o
LOAD ./ril/src/ril_location.o
LOAD ./ril/src/ril_network.o
LOAD ./ril/src/ril_sim.o
LOAD ./ril/src/ril_system.o
LOAD ./ril/src/ril_telephony.o
LOAD ./ril/src/ril_urc.o
LOAD ./ril/src/ril_util.o
LOAD ./custom/timer/src/Timers.o
LOAD ./custom/sms/src/sms.o
LOAD ./custom/mqtt/src/MQTTConnectClient.o
LOAD ./custom/mqtt/src/MQTTConnectServer.o
LOAD ./custom/mqtt/src/MQTTDeserializePublish.o
LOAD ./custom/mqtt/src/MQTTFormat.o
LOAD ./custom/mqtt/src/MQTTPacket.o
LOAD ./custom/mqtt/src/MQTTSerializePublish.o
LOAD ./custom/mqtt/src/MQTTSubscribeClient.o
LOAD ./custom/mqtt/src/MQTTSubscribeServer.o
LOAD ./custom/mqtt/src/MQTTUnsubscribeClient.o
LOAD ./custom/mqtt/src/MQTTUnsubscribeServer.o
LOAD ./custom/mqtt/src/mqtt.o
LOAD ./custom/fota/src/file_Operations.o
LOAD ./custom/fota/src/fota_app.o
LOAD ./custom/extras/src/SysCalls.o
LOAD ./custom/config/custom_sys_cfg.o
LOAD ./custom/config/sys_config.o
LOAD ./custom/cJSON/src/cJSON.o
LOAD ./custom/TFTDisplay/src/st7735.o
LOAD ./custom/SecureSocket/src/Network_Time.o
LOAD ./custom/SecureSocket/src/SecureSocket.o
LOAD ./custom/IPC/src/ipc.o
LOAD ./custom/main.o
LOAD ./.metadata/.plugins/org.eclipse.cdt.make.core/specs.o
LOAD D:\Quectel_M66\TEST\OpenCPU_SDK\libs\gcc\libapp_start.a
LOAD C:\Program Files (x86)\CodeSourcery\Sourcery_CodeBench_Lite_for_ARM_EABI\arm-none-eabi\lib\thumb\libm.a
LOAD C:\Program Files (x86)\CodeSourcery\Sourcery_CodeBench_Lite_for_ARM_EABI\arm-none-eabi\lib\thumb\libc.a
LOAD C:\Program Files (x86)\CodeSourcery\Sourcery_CodeBench_Lite_for_ARM_EABI\arm-none-eabi\lib\thumb\libcs3.a
LOAD C:\Program Files (x86)\CodeSourcery\Sourcery_CodeBench_Lite_for_ARM_EABI\lib\gcc\arm-none-eabi\4.7.2\thumb\libgcc.a
START GROUP
LOAD C:\Program Files (x86)\CodeSourcery\Sourcery_CodeBench_Lite_for_ARM_EABI\lib\gcc\arm-none-eabi\4.7.2\thumb\libgcc.a
LOAD C:\Program Files (x86)\CodeSourcery\Sourcery_CodeBench_Lite_for_ARM_EABI\arm-none-eabi\lib\thumb\libc.a
END GROUP
                0x102c7040                . = 0x102c7040

.initdata       0x102c7040       0x2c
 *(.initdata)
 .initdata      0x102c7040       0x2c D:\Quectel_M66\TEST\OpenCPU_SDK\libs\gcc\libapp_start.a(ql_main.o)
                0x102c7040                GADLENTRY

text            0x102c7070    0x1ba78
 *(.text)
 .text          0x102c7070       0xec ./ril/src/ril_atResponse.o
                0x102c7070                Ql_RIL_AT_GetErrCode
                0x102c7080                Ql_RIL_AT_SetErrCode
                0x102c7090                Default_atRsp_callback
 .text          0x102c715c     0x2af0 ./ril/src/ril_bluetooth.o
                0x102c7c8c                BT_DevMngmt_GetDeviceId
                0x102c7cc4                BT_DevMngmt_GetPairedId
                0x102c7cfc                BT_DevMngmt_GetConnId
                0x102c7d34                BT_DevMngmt_GetProfileId
                0x102c7d6c                BT_DevMngmt_GetDevName
                0x102c7da4                BT_DevMngmt_GetDevAddr
                0x102c7ddc                RIL_BT_Switch
                0x102c7e68                RIL_BT_GetPwrState
                0x102c7ee0                RIL_BT_SetName
                0x102c7f7c                RIL_BT_GetName
                0x102c8080                RIL_BT_GetLocalAddr
                0x102c8174                RIL_BT_SetVisble
                0x102c822c                OnURCHandler_BTVisible
                0x102c8310                RIL_BT_GetVisble
                0x102c8388                OnURCHandler_BTScan
                0x102c85e4                RIL_BT_GetDevListInfo
                0x102c865c                RIL_BT_GetDevListPointer
                0x102c8668                RIL_BT_StopScan
                0x102c86c0                RIL_BT_QueryState
                0x102c8728                RIL_BT_StartScan
                0x102c87e8                RIL_BT_Initialize
                0x102c881c                RIL_BT_PairReq
                0x102c888c                OnURCHandler_BTPair
                0x102c8a94                RIL_BT_PairConfirm
                0x102c8b4c                OnURCHandler_BTPairCnf
                0x102c8d70                RIL_BT_Unpair
                0x102c8e38                RIL_BT_GetSupportedProfile
                0x102c8f44                RIL_BT_ConnReq
                0x102c8fe0                OnURCHandler_BTConn
                0x102c91fc                RIL_BT_SPP_DirectConn
                0x102c9280                RIL_BT_ConnAccept
                0x102c9304                OnURCHandler_BTConnCnf
                0x102c95a0                RIL_BT_Disconnect
                0x102c9614                OnURCHandler_BTDisconn
                0x102c97bc                RIL_BT_SPP_Send
                0x102c985c                RIL_BT_SPP_Read
                0x102c9900                OnURCHandler_BTIndication
 .text          0x102c9c4c       0x20 ./ril/src/ril_custom.o
                0x102c9c4c                Ql_RIL_RcvDataFrmCore
 .text          0x102c9c6c      0x5a8 ./ril/src/ril_dtmf.o
                0x102c9d68                RIL_ToneDet_Open
                0x102c9dec                RIL_ToneDet_Close
                0x102c9e64                RIL_ToneDet_Set
                0x102c9f0c                RIL_ToneDet_Get
                0x102c9fc4                OnURCHandler_QToneDet
                0x102ca0b8                RIL_WDTMF_Send
                0x102ca174                OnURCHandler_QWDTMF
 .text          0x102ca214      0x45c ./ril/src/ril_http.o
                0x102ca32c                RIL_HTTP_SetServerURL
                0x102ca3dc                RIL_HTTP_RequestToGet
                0x102ca470                RIL_HTTP_RequestToPost
                0x102ca51c                RIL_HTTP_ReadResponse
                0x102ca5cc                RIL_HTTP_DownloadFile
 .text          0x102ca670       0x10 ./ril/src/ril_init.o
                0x102ca670                RIL_GetInitCmdCnt
                0x102ca678                RIL_GetLimitedCmdCnt
 .text          0x102ca680      0x2e4 ./ril/src/ril_location.o
                0x102ca680                RIL_GetLocation
                0x102ca79c                RIL_GetLocationByCell
                0x102ca890                OnURCHandler_QCELLLocation
 .text          0x102ca964      0xb64 ./ril/src/ril_network.o
                0x102cad38                RIL_NW_GetGSMState
                0x102cadb0                RIL_NW_GetGPRSState
                0x102cae28                RIL_NW_GetSignalQuality
                0x102caec0                RIL_NW_SetGPRSContext
                0x102caf3c                RIL_NW_SetAPN
                0x102cb048                RIL_NW_GetIpStatusByName
                0x102cb2ec                RIL_NW_GetIPStatus
                0x102cb330                RIL_NW_OpenPDPContext
                0x102cb3e0                RIL_NW_ClosePDPContext
                0x102cb450                RIL_NW_GetOperator
 .text          0x102cb4c8      0x7e0 ./ril/src/ril_sim.o
                0x102cb768                RIL_SIM_GetSimStateByName
                0x102cba50                RIL_SIM_GetSimState
                0x102cbac8                RIL_SIM_GetIMSI
                0x102cbb40                RIL_SIM_GetCCID
                0x102cbbb8                RIL_SIM_GetSPN
 .text          0x102cbca8      0xca8 ./ril/src/ril_urc.o
                0x102cc810                OnURCHandler
                0x102cc8d0                Ql_RIL_IsURCStr
 .text          0x102cc950      0x464 ./ril/src/ril_util.o
                0x102cc950                Ql_StrPrefixMatch
                0x102cc998                Ql_StrToUpper
                0x102cc9dc                Ql_HexStrToInt
                0x102cca60                Ql_RIL_FindString
                0x102ccaf0                Ql_RIL_FindLine
                0x102ccd68                Ql_GenHash
 .text          0x102ccdb4      0x1a4 ./custom/timer/src/Timers.o
                0x102ccdb4                Callback_OnTimer
                0x102cce3c                Timer_register
                0x102cced4                timer_handler_watchdogFeed
 .text          0x102ccf58      0x3b8 ./custom/mqtt/src/MQTTConnectClient.o
                0x102ccf58                MQTTSerialize_connectLength
                0x102cd038                MQTTSerialize_connect
                0x102cd218                MQTTDeserialize_connack
                0x102cd2a8                MQTTSerialize_zero
                0x102cd300                MQTTSerialize_disconnect
                0x102cd308                MQTTSerialize_pingreq
 .text          0x102cd310      0x18c ./custom/mqtt/src/MQTTDeserializePublish.o
                0x102cd310                MQTTDeserialize_publish
                0x102cd414                MQTTDeserialize_ack
 .text          0x102cd49c      0x5a0 ./custom/mqtt/src/MQTTPacket.o
                0x102cd49c                bufchar
                0x102cd4dc                MQTTPacket_encode
                0x102cd530                MQTTPacket_decode
                0x102cd590                MQTTPacket_len
                0x102cd5cc                MQTTPacket_decodeBuf
                0x102cd5e4                readInt
                0x102cd600                readChar
                0x102cd614                writeChar
                0x102cd62c                writeInt
                0x102cd684                writeCString
                0x102cd6d8                getLenStringLen
                0x102cd6e8                writeMQTTString
                0x102cd760                readMQTTLenString
                0x102cd7c4                MQTTstrlen
                0x102cd7f8                MQTTPacket_equals
                0x102cd868                MQTTPacket_read
                0x102cd8e4                MQTTPacket_readnb
 .text          0x102cda3c      0x214 ./custom/mqtt/src/MQTTSerializePublish.o
                0x102cda3c                MQTTSerialize_publishLength
                0x102cda78                MQTTSerialize_publish
                0x102cdb78                MQTTSerialize_ack
                0x102cdc04                MQTTSerialize_puback
                0x102cdc1c                MQTTSerialize_pubrel
                0x102cdc38                MQTTSerialize_pubcomp
 .text          0x102cdc50      0x210 ./custom/mqtt/src/MQTTSubscribeClient.o
                0x102cdc50                MQTTSerialize_subscribeLength
                0x102cdc98                MQTTSerialize_subscribe
                0x102cdd88                MQTTDeserialize_suback
 .text          0x102cde60     0x4348 ./custom/mqtt/src/mqtt.o
                0x102cde60                GetLocalTime_UTC
                0x102cdf0c                MQTT_Send_CONN_DISCONN_Request
                0x102ce02c                MQTT_Send_SUB_Request
                0x102ce208                MQTT_Send_Publish
                0x102d0548                Process_Device_Twin_Properties
                0x102d16c8                MQTT_Packet_Process
 .text          0x102d21a8     0x1dc8 ./custom/fota/src/file_Operations.o
                0x102d21a8                fileSys_SetFileSystem
                0x102d22ec                fileSys_OpenOrCreateFile
                0x102d2368                fileSys_WriteFile
                0x102d2414                fileSys_checkFile
                0x102d2478                fileSys_CloseFile
                0x102d248c                fileSys_deleteFile
                0x102d24f0                fileSys_getFileSize
                0x102d2554                Store_Persistent_Data
                0x102d2abc                Read_Persistent_Data
                0x102d2e8c                Store_IoT_Persistent_Data
                0x102d314c                Read_IoT_Persistent_Data
                0x102d3524                Find_Newest_Payload_Number
                0x102d3630                Write_And_Store_Pending_MQTT_Log_Messages
                0x102d376c                Write_Error_Messages
                0x102d38e0                Read_Fault_Flag_File
                0x102d3a6c                Read_License
 .text          0x102d3f70     0x10f8 ./custom/fota/src/fota_app.o
                0x102d4274                RIL_HTTPS_QSSLCFG
                0x102d4340                FIRMWARE_Download
                0x102d44ac                FIRMWARE_Update
                0x102d4860                FOTA_INIT
                0x102d4b60                LICENSE_Download
                0x102d4ee8                LICENSE_INIT
 .text          0x102d5068       0x1c ./custom/extras/src/SysCalls.o
                0x102d5068                _sbrk
 .text          0x102d5084     0x20b0 ./custom/cJSON/src/cJSON.o
                0x102d6010                cJSON_GetErrorPtr
                0x102d6020                cJSON_Version
                0x102d6060                cJSON_InitHooks
                0x102d60e4                cJSON_Delete
                0x102d6510                cJSON_SetNumberHelper
                0x102d6590                cJSON_ParseWithOpts
                0x102d6634                cJSON_Parse
                0x102d6640                cJSON_Print
                0x102d6648                cJSON_PrintUnformatted
                0x102d6650                cJSON_PrintBuffered
                0x102d66c0                cJSON_PrintPreallocated
                0x102d6704                cJSON_GetArraySize
                0x102d6724                cJSON_GetArrayItem
                0x102d6748                cJSON_GetObjectItem
                0x102d6788                cJSON_GetObjectItemCaseSensitive
                0x102d67dc                cJSON_HasObjectItem
                0x102d67f0                cJSON_AddItemToArray
                0x102d682c                cJSON_AddItemToObjectCS
                0x102d6888                cJSON_AddItemToObject
                0x102d68bc                cJSON_AddItemReferenceToArray
                0x102d68dc                cJSON_AddItemReferenceToObject
                0x102d6904                cJSON_DetachItemFromArray
                0x102d6918                cJSON_DeleteItemFromArray
                0x102d6928                cJSON_DetachItemFromObject
                0x102d697c                cJSON_DeleteItemFromObject
                0x102d698c                cJSON_InsertItemInArray
                0x102d69e0                cJSON_ReplaceItemInArray
                0x102d69ec                cJSON_ReplaceItemInObject
                0x102d6a7c                cJSON_CreateNull
                0x102d6a94                cJSON_CreateTrue
                0x102d6aac                cJSON_CreateFalse
                0x102d6ac4                cJSON_CreateBool
                0x102d6aec                cJSON_CreateNumber
                0x102d6b94                cJSON_CreateString
                0x102d6bdc                cJSON_CreateRaw
                0x102d6c24                cJSON_CreateArray
                0x102d6c3c                cJSON_CreateObject
                0x102d6c54                cJSON_CreateIntArray
                0x102d6cd4                cJSON_CreateFloatArray
                0x102d6d54                cJSON_CreateDoubleArray
                0x102d6dcc                cJSON_CreateStringArray
                0x102d6e40                cJSON_Duplicate
                0x102d6f28                cJSON_Minify
                0x102d7024                cJSON_IsInvalid
                0x102d703c                cJSON_IsFalse
                0x102d7058                cJSON_IsTrue
                0x102d7074                cJSON_IsBool
                0x102d708c                cJSON_IsNull
                0x102d70a8                cJSON_IsNumber
                0x102d70c4                cJSON_IsString
                0x102d70e0                cJSON_IsArray
                0x102d70fc                cJSON_IsObject
                0x102d7118                cJSON_IsRaw
 .text          0x102d7134     0x2db4 ./custom/TFTDisplay/src/st7735.o
                0x102d7134                write_spi_byte
                0x102d7138                writecommand
                0x102d7174                writedata
                0x102d71b0                writedata_16bit
                0x102d71f0                setAddrWindow
                0x102d7260                ST7735_pushColor
                0x102d7264                ST7735_drawPixel
                0x102d7284                ST7735_initR
                0x102d75a4                Font_BigFont
                0x102d76a8                Font_Grotesk16x32
                0x102d77ac                ST7735_drawString_for_BALANCE_align_Center
                0x102d780c                ST7735_drawCircleHelper
                0x102d79ac                ST7735_drawCircle
                0x102d7b54                ST7735_getRotation
                0x102d7b64                ST7735_setRotation
                0x102d7b88                ST7735_fillScreen
                0x102d7bd8                ST7735_fillRect
                0x102d7c40                ST7735_drawChar
                0x102d7d40                ST7735_drawString
                0x102d7da4                ST7735_drawString_align_Center
                0x102d7e40                ST7735_drawFastLine
                0x102d7e94                ST7735_drawVerticalLine
                0x102d7ec4                ST7735_fillCircle
                0x102d7fe4                ST7735_fillCircleHelper
                0x102d8108                ST7735_drawHorizontalLine
                0x102d8134                ST7735_drawRect
                0x102d81a4                abs
                0x102d81b0                ST7735_drawLine
                0x102d827c                loadBitmapToLCD
                0x102d8550                Refresh_Antenna_Symbol
                0x102d876c                Refresh_Cloud_Connectivity_Symbol
                0x102d8800                Refresh_Communication_inprogress_Symbol
                0x102d8840                Init_display
                0x102d8860                Fill_Screen_Color
                0x102d8864                Display_Water_Balance_on_LCD
                0x102d8b6c                Init_Water_Balance_Screen
                0x102d8be0                display_please_wait
                0x102d8c28                display_FW_Version_Info
                0x102d8ca8                repaint_water_balance_screen
                0x102d8e10                display_on_tftlcd
 .text          0x102d9ee8     0x1b78 ./custom/SecureSocket/src/SecureSocket.o
                0x102da900                RIL_SSL_QSSLCERTIFICATE_DEL
                0x102da99c                RIL_SSL_QSSLCERTIFICATE_WRITE
                0x102daa4c                RIL_SSL_QSSLCERTIFICATE_READ
                0x102dab50                RIL_SSL_QSSLCFG
                0x102dadd0                RIL_SSL_QSSLOPEN
                0x102daeb0                RIL_SSL_QSSLSEND
                0x102daf48                RIL_SSL_QSSLRECV
                0x102dafe0                RIL_SSL_QSSLSTATE
                0x102db060                RIL_SSL_QSSLCLOSE
                0x102db0e0                SSL_Recv_Data
                0x102db438                SSL_Check_SOC_State
                0x102db5b8                GPRS_Deactivate
                0x102db5dc                Connect_Azure_IoT
                0x102db8e0                Connect_Azure_IoT_host_socket
                0x102db948                SSL_Send_Data
                0x102db9e4                TCP_Socket_Read_Data_SSL
 .text          0x102dba60     0x1578 ./custom/IPC/src/ipc.o
                0x102dba60                Callback_OnIPCTimer
                0x102dbb20                format_water_balance_buffer
                0x102dbc88                Transform
                0x102dbd00                InitIPComm
                0x102dbde0                Send_IPC_Command
                0x102dc0d4                READ_ACK
                0x102dc140                SET_RESET_BOOTLOADER_BTYE
                0x102dc1b0                SYNCHR_COMMAND
                0x102dc22c                SEND_ECHO
                0x102dc250                GET_COMMAND
                0x102dc358                WRITE_COMMAND
                0x102dc4a4                READ_COMMAND
                0x102dc5c8                ERASE_SECTOR_COMMAND
                0x102dc6c4                GO_COMMAND
                0x102dc774                READ_IDENTITY
                0x102dca2c                FirmwareUpgrade
                0x102dce3c                READ_WATER_BALANCE
 .text          0x102dcfd8     0x12cc ./custom/main.o
                0x102ddb40                Get_Signal_RSSI
                0x102ddc38                Callback_Location
                0x102ddd6c                publish_data
                0x102ddd8c                proc_main_task
                0x102de268                proc_subtask1
 .text          0x102de2a4       0x4c D:\Quectel_M66\TEST\OpenCPU_SDK\libs\gcc\libapp_start.a(ocpu_init.o)
                0x102de2a4                _OCPU_InitUserMem
 .text          0x102de2f0      0x140 C:\Program Files (x86)\CodeSourcery\Sourcery_CodeBench_Lite_for_ARM_EABI\arm-none-eabi\lib\thumb\libm.a(lib_a-s_floor.o)
                0x102de2f0                floor
 .text          0x102de430       0x20 C:\Program Files (x86)\CodeSourcery\Sourcery_CodeBench_Lite_for_ARM_EABI\arm-none-eabi\lib\thumb\libc.a(lib_a-atoi.o)
                0x102de430                atoi
                0x102de440                _atoi_r
 .text          0x102de450      0x10c C:\Program Files (x86)\CodeSourcery\Sourcery_CodeBench_Lite_for_ARM_EABI\arm-none-eabi\lib\thumb\libc.a(lib_a-memcpy.o)
                0x102de450                memcpy
 .text          0x102de55c       0x9c C:\Program Files (x86)\CodeSourcery\Sourcery_CodeBench_Lite_for_ARM_EABI\arm-none-eabi\lib\thumb\libc.a(lib_a-memset.o)
                0x102de55c                memset
 .text          0x102de5f8       0x1c C:\Program Files (x86)\CodeSourcery\Sourcery_CodeBench_Lite_for_ARM_EABI\arm-none-eabi\lib\thumb\libc.a(lib_a-realloc.o)
                0x102de5f8                realloc
 .text          0x102de614      0x3e0 C:\Program Files (x86)\CodeSourcery\Sourcery_CodeBench_Lite_for_ARM_EABI\arm-none-eabi\lib\thumb\libc.a(lib_a-reallocr.o)
                0x102de614                _realloc_r
 .text          0x102de9f4       0xd4 C:\Program Files (x86)\CodeSourcery\Sourcery_CodeBench_Lite_for_ARM_EABI\arm-none-eabi\lib\thumb\libc.a(lib_a-strchr.o)
                0x102de9f4                strchr
 .text          0x102deac8       0x14 C:\Program Files (x86)\CodeSourcery\Sourcery_CodeBench_Lite_for_ARM_EABI\arm-none-eabi\lib\thumb\libc.a(lib_a-strcmp.o)
                0x102deac8                strcmp
 .text          0x102deadc       0x10 C:\Program Files (x86)\CodeSourcery\Sourcery_CodeBench_Lite_for_ARM_EABI\arm-none-eabi\lib\thumb\libc.a(lib_a-strcpy.o)
                0x102deadc                strcpy
 .text          0x102deaec       0x10 C:\Program Files (x86)\CodeSourcery\Sourcery_CodeBench_Lite_for_ARM_EABI\arm-none-eabi\lib\thumb\libc.a(lib_a-strlen.o)
                0x102deaec                strlen
 .text          0x102deafc       0xbc C:\Program Files (x86)\CodeSourcery\Sourcery_CodeBench_Lite_for_ARM_EABI\arm-none-eabi\lib\thumb\libc.a(lib_a-strncmp.o)
                0x102deafc                strncmp
 .text          0x102debb8      0xf48 C:\Program Files (x86)\CodeSourcery\Sourcery_CodeBench_Lite_for_ARM_EABI\arm-none-eabi\lib\thumb\libc.a(lib_a-strtod.o)
                0x102debb8                _strtod_r
                0x102dfa38                strtod
                0x102dfa54                strtof
 .text          0x102dfb00       0x18 C:\Program Files (x86)\CodeSourcery\Sourcery_CodeBench_Lite_for_ARM_EABI\arm-none-eabi\lib\thumb\libc.a(lib_a-strtok.o)
                0x102dfb00                strtok
 .text          0x102dfb18       0x7c C:\Program Files (x86)\CodeSourcery\Sourcery_CodeBench_Lite_for_ARM_EABI\arm-none-eabi\lib\thumb\libc.a(lib_a-strtok_r.o)
                0x102dfb18                __strtok_r
                0x102dfb84                strtok_r
 .text          0x102dfb94      0x190 C:\Program Files (x86)\CodeSourcery\Sourcery_CodeBench_Lite_for_ARM_EABI\arm-none-eabi\lib\thumb\libc.a(lib_a-strtol.o)
                0x102dfb94                _strtol_r
                0x102dfd04                strtol
 .text          0x102dfd24      0x238 C:\Program Files (x86)\CodeSourcery\Sourcery_CodeBench_Lite_for_ARM_EABI\arm-none-eabi\lib\thumb\libc.a(lib_a-freer.o)
                0x102dfd24                _malloc_trim_r
                0x102dfdc8                _free_r
 .text          0x102dff5c      0x674 C:\Program Files (x86)\CodeSourcery\Sourcery_CodeBench_Lite_for_ARM_EABI\arm-none-eabi\lib\thumb\libc.a(lib_a-gdtoa-gethex.o)
                0x102e0020                __hexdig_init
                0x102e0078                __gethex
 .text          0x102e05d0      0x1e0 C:\Program Files (x86)\CodeSourcery\Sourcery_CodeBench_Lite_for_ARM_EABI\arm-none-eabi\lib\thumb\libc.a(lib_a-gdtoa-hexnan.o)
                0x102e05d0                __hexnan
 .text          0x102e07b0       0xa0 C:\Program Files (x86)\CodeSourcery\Sourcery_CodeBench_Lite_for_ARM_EABI\arm-none-eabi\lib\thumb\libc.a(lib_a-locale.o)
                0x102e07b0                _setlocale_r
                0x102e07f8                __locale_charset
                0x102e0800                __locale_mb_cur_max
                0x102e080c                __locale_msgcharset
                0x102e0818                __locale_cjk_lang
                0x102e081c                _localeconv_r
                0x102e0828                setlocale
                0x102e0844                localeconv
 .text          0x102e0850      0x518 C:\Program Files (x86)\CodeSourcery\Sourcery_CodeBench_Lite_for_ARM_EABI\arm-none-eabi\lib\thumb\libc.a(lib_a-mallocr.o)
                0x102e0850                _malloc_r
 .text          0x102e0d68       0xb0 C:\Program Files (x86)\CodeSourcery\Sourcery_CodeBench_Lite_for_ARM_EABI\arm-none-eabi\lib\thumb\libc.a(lib_a-memmove.o)
                0x102e0d68                memmove
 .text          0x102e0e18        0x8 C:\Program Files (x86)\CodeSourcery\Sourcery_CodeBench_Lite_for_ARM_EABI\arm-none-eabi\lib\thumb\libc.a(lib_a-mlock.o)
                0x102e0e18                __malloc_lock
                0x102e0e1c                __malloc_unlock
 .text          0x102e0e20      0x970 C:\Program Files (x86)\CodeSourcery\Sourcery_CodeBench_Lite_for_ARM_EABI\arm-none-eabi\lib\thumb\libc.a(lib_a-mprec.o)
                0x102e0e20                _Balloc
                0x102e0e74                _Bfree
                0x102e0e8c                __multadd
                0x102e0f38                __s2b
                0x102e0fd4                __hi0bits
                0x102e100c                __lo0bits
                0x102e106c                __i2b
                0x102e1084                __multiply
                0x102e11e8                __pow5mult
                0x102e1298                __lshift
                0x102e1368                __mcmp
                0x102e13a4                __mdiff
                0x102e1494                __ulp
                0x102e14dc                __b2d
                0x102e1580                __d2b
                0x102e1638                __ratio
                0x102e16ac                _mprec_log10
                0x102e16ec                __copybits
                0x102e1734                __any_on
 .text          0x102e1790       0x28 C:\Program Files (x86)\CodeSourcery\Sourcery_CodeBench_Lite_for_ARM_EABI\arm-none-eabi\lib\thumb\libc.a(lib_a-sbrkr.o)
                0x102e1790                _sbrk_r
 .text          0x102e17b8       0x64 C:\Program Files (x86)\CodeSourcery\Sourcery_CodeBench_Lite_for_ARM_EABI\arm-none-eabi\lib\thumb\libc.a(lib_a-callocr.o)
                0x102e17b8                _calloc_r
 .text          0x102e181c      0x11c C:\Program Files (x86)\CodeSourcery\Sourcery_CodeBench_Lite_for_ARM_EABI\lib\gcc\arm-none-eabi\4.7.2\thumb\libgcc.a(_udivsi3.o)
                0x102e181c                __aeabi_uidiv
                0x102e181c                __udivsi3
                0x102e1918                __aeabi_uidivmod
 .text          0x102e1938      0x150 C:\Program Files (x86)\CodeSourcery\Sourcery_CodeBench_Lite_for_ARM_EABI\lib\gcc\arm-none-eabi\4.7.2\thumb\libgcc.a(_divsi3.o)
                0x102e1938                __divsi3
                0x102e1938                __aeabi_idiv
                0x102e1a68                __aeabi_idivmod
 .text          0x102e1a88        0x4 C:\Program Files (x86)\CodeSourcery\Sourcery_CodeBench_Lite_for_ARM_EABI\lib\gcc\arm-none-eabi\4.7.2\thumb\libgcc.a(_dvmd_tls.o)
                0x102e1a88                __aeabi_idiv0
                0x102e1a88                __aeabi_ldiv0
 .text          0x102e1a8c      0x41c C:\Program Files (x86)\CodeSourcery\Sourcery_CodeBench_Lite_for_ARM_EABI\lib\gcc\arm-none-eabi\4.7.2\thumb\libgcc.a(_arm_addsubdf3.o)
                0x102e1a8c                __aeabi_drsub
                0x102e1a94                __aeabi_dsub
                0x102e1a94                __subdf3
                0x102e1a98                __aeabi_dadd
                0x102e1a98                __adddf3
                0x102e1da8                __floatunsidf
                0x102e1da8                __aeabi_ui2d
                0x102e1dcc                __floatsidf
                0x102e1dcc                __aeabi_i2d
                0x102e1df4                __aeabi_f2d
                0x102e1df4                __extendsfdf2
                0x102e1e34                __floatundidf
                0x102e1e34                __aeabi_ul2d
                0x102e1e48                __floatdidf
                0x102e1e48                __aeabi_l2d
 .text          0x102e1ea8      0x49c C:\Program Files (x86)\CodeSourcery\Sourcery_CodeBench_Lite_for_ARM_EABI\lib\gcc\arm-none-eabi\4.7.2\thumb\libgcc.a(_arm_muldivdf3.o)
                0x102e1ea8                __aeabi_dmul
                0x102e1ea8                __muldf3
                0x102e2138                __divdf3
                0x102e2138                __aeabi_ddiv
 .text          0x102e2344      0x144 C:\Program Files (x86)\CodeSourcery\Sourcery_CodeBench_Lite_for_ARM_EABI\lib\gcc\arm-none-eabi\4.7.2\thumb\libgcc.a(_arm_cmpdf2.o)
                0x102e2344                __gtdf2
                0x102e2344                __gedf2
                0x102e234c                __ltdf2
                0x102e234c                __ledf2
                0x102e2354                __nedf2
                0x102e2354                __eqdf2
                0x102e2354                __cmpdf2
                0x102e23dc                __aeabi_cdrcmple
                0x102e23f8                __aeabi_cdcmpeq
                0x102e23f8                __aeabi_cdcmple
                0x102e2410                __aeabi_dcmpeq
                0x102e2428                __aeabi_dcmplt
                0x102e2440                __aeabi_dcmple
                0x102e2458                __aeabi_dcmpge
                0x102e2470                __aeabi_dcmpgt
 .text          0x102e2488       0x5c C:\Program Files (x86)\CodeSourcery\Sourcery_CodeBench_Lite_for_ARM_EABI\lib\gcc\arm-none-eabi\4.7.2\thumb\libgcc.a(_arm_fixdfsi.o)
                0x102e2488                __aeabi_d2iz
                0x102e2488                __fixdfsi
 .text          0x102e24e4       0x54 C:\Program Files (x86)\CodeSourcery\Sourcery_CodeBench_Lite_for_ARM_EABI\lib\gcc\arm-none-eabi\4.7.2\thumb\libgcc.a(_arm_fixunsdfsi.o)
                0x102e24e4                __aeabi_d2uiz
                0x102e24e4                __fixunsdfsi
 .text          0x102e2538       0xa0 C:\Program Files (x86)\CodeSourcery\Sourcery_CodeBench_Lite_for_ARM_EABI\lib\gcc\arm-none-eabi\4.7.2\thumb\libgcc.a(_arm_truncdfsf2.o)
                0x102e2538                __truncdfsf2
                0x102e2538                __aeabi_d2f
 .text          0x102e25d8      0x2f8 C:\Program Files (x86)\CodeSourcery\Sourcery_CodeBench_Lite_for_ARM_EABI\lib\gcc\arm-none-eabi\4.7.2\thumb\libgcc.a(_arm_muldivsf3.o)
                0x102e25d8                __mulsf3
                0x102e25d8                __aeabi_fmul
                0x102e2770                __aeabi_fdiv
                0x102e2770                __divsf3
 .text          0x102e28d0      0x114 C:\Program Files (x86)\CodeSourcery\Sourcery_CodeBench_Lite_for_ARM_EABI\lib\gcc\arm-none-eabi\4.7.2\thumb\libgcc.a(_arm_cmpsf2.o)
                0x102e28d0                __gesf2
                0x102e28d0                __gtsf2
                0x102e28d8                __lesf2
                0x102e28d8                __ltsf2
                0x102e28e0                __nesf2
                0x102e28e0                __eqsf2
                0x102e28e0                __cmpsf2
                0x102e2944                __aeabi_cfrcmple
                0x102e2954                __aeabi_cfcmpeq
                0x102e2954                __aeabi_cfcmple
                0x102e296c                __aeabi_fcmpeq
                0x102e2984                __aeabi_fcmplt
                0x102e299c                __aeabi_fcmple
                0x102e29b4                __aeabi_fcmpge
                0x102e29cc                __aeabi_fcmpgt
 .text          0x102e29e4       0x54 C:\Program Files (x86)\CodeSourcery\Sourcery_CodeBench_Lite_for_ARM_EABI\lib\gcc\arm-none-eabi\4.7.2\thumb\libgcc.a(_arm_fixunssfsi.o)
                0x102e29e4                __fixunssfsi
                0x102e29e4                __aeabi_f2uiz
 .text.__stub   0x102e2a38       0xac linker stubs

.glue_7         0x102e2ae8        0x0
 .glue_7        0x00000000        0x0 linker stubs

.glue_7t        0x102e2ae8        0x0
 .glue_7t       0x00000000        0x0 linker stubs

.vfp11_veneer   0x102e2ae8        0x0
 .vfp11_veneer  0x00000000        0x0 linker stubs

.v4_bx          0x102e2ae8        0x0
 .v4_bx         0x00000000        0x0 linker stubs

.iplt           0x102e2ae8        0x0
 .iplt          0x00000000        0x0 ./ril/src/ril_alarm.o

.text.Ql_EINT_Register
                0x102e2ae8       0x70
 .text.Ql_EINT_Register
                0x102e2ae8       0x70 D:\Quectel_M66\TEST\OpenCPU_SDK\libs\gcc\libapp_start.a(eint.o)
                0x102e2ae8                Ql_EINT_Register

.text.Ql_EINT_Init
                0x102e2b58       0x80
 .text.Ql_EINT_Init
                0x102e2b58       0x80 D:\Quectel_M66\TEST\OpenCPU_SDK\libs\gcc\libapp_start.a(eint.o)
                0x102e2b58                Ql_EINT_Init

.text.Ql_FS_Open
                0x102e2bd8       0x68
 .text.Ql_FS_Open
                0x102e2bd8       0x68 D:\Quectel_M66\TEST\OpenCPU_SDK\libs\gcc\libapp_start.a(fileSys.o)
                0x102e2bd8                Ql_FS_Open

.text.Ql_FS_Read
                0x102e2c40       0x78
 .text.Ql_FS_Read
                0x102e2c40       0x78 D:\Quectel_M66\TEST\OpenCPU_SDK\libs\gcc\libapp_start.a(fileSys.o)
                0x102e2c40                Ql_FS_Read

.text.Ql_FS_Write
                0x102e2cb8       0x78
 .text.Ql_FS_Write
                0x102e2cb8       0x78 D:\Quectel_M66\TEST\OpenCPU_SDK\libs\gcc\libapp_start.a(fileSys.o)
                0x102e2cb8                Ql_FS_Write

.text.Ql_FS_Seek
                0x102e2d30       0x70
 .text.Ql_FS_Seek
                0x102e2d30       0x70 D:\Quectel_M66\TEST\OpenCPU_SDK\libs\gcc\libapp_start.a(fileSys.o)
                0x102e2d30                Ql_FS_Seek

.text.Ql_FS_Flush
                0x102e2da0       0x54
 .text.Ql_FS_Flush
                0x102e2da0       0x54 D:\Quectel_M66\TEST\OpenCPU_SDK\libs\gcc\libapp_start.a(fileSys.o)
                0x102e2da0                Ql_FS_Flush

.text.Ql_FS_Close
                0x102e2df4       0x54
 .text.Ql_FS_Close
                0x102e2df4       0x54 D:\Quectel_M66\TEST\OpenCPU_SDK\libs\gcc\libapp_start.a(fileSys.o)
                0x102e2df4                Ql_FS_Close

.text.Ql_FS_GetSize
                0x102e2e48       0x60
 .text.Ql_FS_GetSize
                0x102e2e48       0x60 D:\Quectel_M66\TEST\OpenCPU_SDK\libs\gcc\libapp_start.a(fileSys.o)
                0x102e2e48                Ql_FS_GetSize

.text.Ql_FS_Delete
                0x102e2ea8       0x60
 .text.Ql_FS_Delete
                0x102e2ea8       0x60 D:\Quectel_M66\TEST\OpenCPU_SDK\libs\gcc\libapp_start.a(fileSys.o)
                0x102e2ea8                Ql_FS_Delete

.text.Ql_FS_Check
                0x102e2f08       0x60
 .text.Ql_FS_Check
                0x102e2f08       0x60 D:\Quectel_M66\TEST\OpenCPU_SDK\libs\gcc\libapp_start.a(fileSys.o)
                0x102e2f08                Ql_FS_Check

.text.Ql_FS_CreateDir
                0x102e2f68       0x60
 .text.Ql_FS_CreateDir
                0x102e2f68       0x60 D:\Quectel_M66\TEST\OpenCPU_SDK\libs\gcc\libapp_start.a(fileSys.o)
                0x102e2f68                Ql_FS_CreateDir

.text.Ql_FS_CheckDir
                0x102e2fc8       0x60
 .text.Ql_FS_CheckDir
                0x102e2fc8       0x60 D:\Quectel_M66\TEST\OpenCPU_SDK\libs\gcc\libapp_start.a(fileSys.o)
                0x102e2fc8                Ql_FS_CheckDir

.text.Ql_FS_GetFreeSpace
                0x102e3028       0x74
 .text.Ql_FS_GetFreeSpace
                0x102e3028       0x74 D:\Quectel_M66\TEST\OpenCPU_SDK\libs\gcc\libapp_start.a(fileSys.o)
                0x102e3028                Ql_FS_GetFreeSpace

.text.Ql_FS_GetTotalSpace
                0x102e309c       0x74
 .text.Ql_FS_GetTotalSpace
                0x102e309c       0x74 D:\Quectel_M66\TEST\OpenCPU_SDK\libs\gcc\libapp_start.a(fileSys.o)
                0x102e309c                Ql_FS_GetTotalSpace

.text.Ql_FS_Format
                0x102e3110       0x60
 .text.Ql_FS_Format
                0x102e3110       0x60 D:\Quectel_M66\TEST\OpenCPU_SDK\libs\gcc\libapp_start.a(fileSys.o)
                0x102e3110                Ql_FS_Format

.text.Ql_FOTA_Init
                0x102e3170       0x60
 .text.Ql_FOTA_Init
                0x102e3170       0x60 D:\Quectel_M66\TEST\OpenCPU_SDK\libs\gcc\libapp_start.a(fota.o)
                0x102e3170                Ql_FOTA_Init

.text.Ql_FOTA_WriteData
                0x102e31d0       0x68
 .text.Ql_FOTA_WriteData
                0x102e31d0       0x68 D:\Quectel_M66\TEST\OpenCPU_SDK\libs\gcc\libapp_start.a(fota.o)
                0x102e31d0                Ql_FOTA_WriteData

.text.Ql_FOTA_Finish
                0x102e3238       0x58
 .text.Ql_FOTA_Finish
                0x102e3238       0x58 D:\Quectel_M66\TEST\OpenCPU_SDK\libs\gcc\libapp_start.a(fota.o)
                0x102e3238                Ql_FOTA_Finish

.text.Ql_FOTA_Update
                0x102e3290       0x58
 .text.Ql_FOTA_Update
                0x102e3290       0x58 D:\Quectel_M66\TEST\OpenCPU_SDK\libs\gcc\libapp_start.a(fota.o)
                0x102e3290                Ql_FOTA_Update

.text.Ql_GPIO_Init
                0x102e32e8       0x78
 .text.Ql_GPIO_Init
                0x102e32e8       0x78 D:\Quectel_M66\TEST\OpenCPU_SDK\libs\gcc\libapp_start.a(gpio.o)
                0x102e32e8                Ql_GPIO_Init

.text.Ql_GPIO_SetLevel
                0x102e3360       0x68
 .text.Ql_GPIO_SetLevel
                0x102e3360       0x68 D:\Quectel_M66\TEST\OpenCPU_SDK\libs\gcc\libapp_start.a(gpio.o)
                0x102e3360                Ql_GPIO_SetLevel

.text.Ql_MEM_Alloc
                0x102e33c8       0x78
 .text.Ql_MEM_Alloc
                0x102e33c8       0x78 D:\Quectel_M66\TEST\OpenCPU_SDK\libs\gcc\libapp_start.a(memory.o)
                0x102e33c8                Ql_MEM_Alloc

.text.Ql_MEM_Free
                0x102e3440       0x74
 .text.Ql_MEM_Free
                0x102e3440       0x74 D:\Quectel_M66\TEST\OpenCPU_SDK\libs\gcc\libapp_start.a(memory.o)
                0x102e3440                Ql_MEM_Free

.text.ql_InitVFunc
                0x102e34b4       0xd8
 .text.ql_InitVFunc
                0x102e34b4       0xd8 D:\Quectel_M66\TEST\OpenCPU_SDK\libs\gcc\libapp_start.a(ql_main.o)
                0x102e34b4                ql_InitVFunc

.text.ocpu_main
                0x102e358c       0xf0
 .text.ocpu_main
                0x102e358c       0xf0 D:\Quectel_M66\TEST\OpenCPU_SDK\libs\gcc\libapp_start.a(ql_main.o)
                0x102e358c                ocpu_main

.text.proc_reserved2
                0x102e367c       0x70
 .text.proc_reserved2
                0x102e367c       0x70 D:\Quectel_M66\TEST\OpenCPU_SDK\libs\gcc\libapp_start.a(ril_aux.o)
                0x102e367c                proc_reserved2

.text.ril_StopATTimer
                0x102e36ec       0x34
 .text.ril_StopATTimer
                0x102e36ec       0x34 D:\Quectel_M66\TEST\OpenCPU_SDK\libs\gcc\libapp_start.a(ril_main.o)

.text.Callback_OnATTimer
                0x102e3720       0x4c
 .text.Callback_OnATTimer
                0x102e3720       0x4c D:\Quectel_M66\TEST\OpenCPU_SDK\libs\gcc\libapp_start.a(ril_main.o)

.text.CallBack_SerialPort_Hdlr
                0x102e376c      0x384
 .text.CallBack_SerialPort_Hdlr
                0x102e376c      0x384 D:\Quectel_M66\TEST\OpenCPU_SDK\libs\gcc\libapp_start.a(ril_main.o)

.text.proc_reserved1
                0x102e3af0      0x200
 .text.proc_reserved1
                0x102e3af0      0x200 D:\Quectel_M66\TEST\OpenCPU_SDK\libs\gcc\libapp_start.a(ril_main.o)
                0x102e3af0                proc_reserved1

.text.Ql_RIL_SendATCmd
                0x102e3cf0      0x260
 .text.Ql_RIL_SendATCmd
                0x102e3cf0      0x260 D:\Quectel_M66\TEST\OpenCPU_SDK\libs\gcc\libapp_start.a(ril_main.o)
                0x102e3cf0                Ql_RIL_SendATCmd

.text.Ql_RIL_WriteDataToCore
                0x102e3f50       0x24
 .text.Ql_RIL_WriteDataToCore
                0x102e3f50       0x24 D:\Quectel_M66\TEST\OpenCPU_SDK\libs\gcc\libapp_start.a(ril_main.o)
                0x102e3f50                Ql_RIL_WriteDataToCore

.text.Ql_SPI_Init
                0x102e3f74       0x88
 .text.Ql_SPI_Init
                0x102e3f74       0x88 D:\Quectel_M66\TEST\OpenCPU_SDK\libs\gcc\libapp_start.a(spi.o)
                0x102e3f74                Ql_SPI_Init

.text.Ql_SPI_Config
                0x102e3ffc       0x80
 .text.Ql_SPI_Config
                0x102e3ffc       0x80 D:\Quectel_M66\TEST\OpenCPU_SDK\libs\gcc\libapp_start.a(spi.o)
                0x102e3ffc                Ql_SPI_Config

.text.Ql_SPI_Write
                0x102e407c       0x70
 .text.Ql_SPI_Write
                0x102e407c       0x70 D:\Quectel_M66\TEST\OpenCPU_SDK\libs\gcc\libapp_start.a(spi.o)
                0x102e407c                Ql_SPI_Write

.text.Ql_atof   0x102e40ec       0x98
 .text.Ql_atof  0x102e40ec       0x98 D:\Quectel_M66\TEST\OpenCPU_SDK\libs\gcc\libapp_start.a(stdlib_func.o)
                0x102e40ec                Ql_atof

.text.Ql_strcpy
                0x102e4184       0xa0
 .text.Ql_strcpy
                0x102e4184       0xa0 D:\Quectel_M66\TEST\OpenCPU_SDK\libs\gcc\libapp_start.a(stdlib_func.o)
                0x102e4184                Ql_strcpy

.text.Ql_strncpy
                0x102e4224       0x88
 .text.Ql_strncpy
                0x102e4224       0x88 D:\Quectel_M66\TEST\OpenCPU_SDK\libs\gcc\libapp_start.a(stdlib_func.o)
                0x102e4224                Ql_strncpy

.text.Ql_strcat
                0x102e42ac       0x80
 .text.Ql_strcat
                0x102e42ac       0x80 D:\Quectel_M66\TEST\OpenCPU_SDK\libs\gcc\libapp_start.a(stdlib_func.o)
                0x102e42ac                Ql_strcat

.text.Ql_strlen
                0x102e432c       0x78
 .text.Ql_strlen
                0x102e432c       0x78 D:\Quectel_M66\TEST\OpenCPU_SDK\libs\gcc\libapp_start.a(stdlib_func.o)
                0x102e432c                Ql_strlen

.text.Ql_strcmp
                0x102e43a4       0x68
 .text.Ql_strcmp
                0x102e43a4       0x68 D:\Quectel_M66\TEST\OpenCPU_SDK\libs\gcc\libapp_start.a(stdlib_func.o)
                0x102e43a4                Ql_strcmp

.text.Ql_strncmp
                0x102e440c       0x70
 .text.Ql_strncmp
                0x102e440c       0x70 D:\Quectel_M66\TEST\OpenCPU_SDK\libs\gcc\libapp_start.a(stdlib_func.o)
                0x102e440c                Ql_strncmp

.text.Ql_memset
                0x102e447c       0x88
 .text.Ql_memset
                0x102e447c       0x88 D:\Quectel_M66\TEST\OpenCPU_SDK\libs\gcc\libapp_start.a(stdlib_func.o)
                0x102e447c                Ql_memset

.text.Ql_memcpy
                0x102e4504       0x88
 .text.Ql_memcpy
                0x102e4504       0x88 D:\Quectel_M66\TEST\OpenCPU_SDK\libs\gcc\libapp_start.a(stdlib_func.o)
                0x102e4504                Ql_memcpy

.text.Ql_strstr
                0x102e458c       0x80
 .text.Ql_strstr
                0x102e458c       0x80 D:\Quectel_M66\TEST\OpenCPU_SDK\libs\gcc\libapp_start.a(stdlib_func.o)
                0x102e458c                Ql_strstr

.text.Ql_toupper
                0x102e460c        0x8
 .text.Ql_toupper
                0x102e460c        0x8 D:\Quectel_M66\TEST\OpenCPU_SDK\libs\gcc\libapp_start.a(stdlib_func.o)
                0x102e460c                Ql_toupper

.text.Ql_atoi   0x102e4614       0x84
 .text.Ql_atoi  0x102e4614       0x84 D:\Quectel_M66\TEST\OpenCPU_SDK\libs\gcc\libapp_start.a(stdlib_func.o)
                0x102e4614                Ql_atoi

.text.Ql_Sleep  0x102e4698       0x74
 .text.Ql_Sleep
                0x102e4698       0x74 D:\Quectel_M66\TEST\OpenCPU_SDK\libs\gcc\libapp_start.a(system.o)
                0x102e4698                Ql_Sleep

.text.Ql_GetCoreVer
                0x102e470c       0x6c
 .text.Ql_GetCoreVer
                0x102e470c       0x6c D:\Quectel_M66\TEST\OpenCPU_SDK\libs\gcc\libapp_start.a(system.o)
                0x102e470c                Ql_GetCoreVer

.text.Ql_GetSDKVer
                0x102e4778       0x64
 .text.Ql_GetSDKVer
                0x102e4778       0x64 D:\Quectel_M66\TEST\OpenCPU_SDK\libs\gcc\libapp_start.a(system.o)
                0x102e4778                Ql_GetSDKVer

.text.Ql_OS_GetMessage
                0x102e47dc       0x60
 .text.Ql_OS_GetMessage
                0x102e47dc       0x60 D:\Quectel_M66\TEST\OpenCPU_SDK\libs\gcc\libapp_start.a(taskMngt.o)
                0x102e47dc                Ql_OS_GetMessage

.text.Ql_OS_SendMessage
                0x102e483c       0x78
 .text.Ql_OS_SendMessage
                0x102e483c       0x78 D:\Quectel_M66\TEST\OpenCPU_SDK\libs\gcc\libapp_start.a(taskMngt.o)
                0x102e483c                Ql_OS_SendMessage

.text.Ql_OS_CreateMutex
                0x102e48b4       0x54
 .text.Ql_OS_CreateMutex
                0x102e48b4       0x54 D:\Quectel_M66\TEST\OpenCPU_SDK\libs\gcc\libapp_start.a(taskMngt.o)
                0x102e48b4                Ql_OS_CreateMutex

.text.Ql_OS_TakeMutex
                0x102e4908       0x54
 .text.Ql_OS_TakeMutex
                0x102e4908       0x54 D:\Quectel_M66\TEST\OpenCPU_SDK\libs\gcc\libapp_start.a(taskMngt.o)
                0x102e4908                Ql_OS_TakeMutex

.text.Ql_OS_GiveMutex
                0x102e495c       0x54
 .text.Ql_OS_GiveMutex
                0x102e495c       0x54 D:\Quectel_M66\TEST\OpenCPU_SDK\libs\gcc\libapp_start.a(taskMngt.o)
                0x102e495c                Ql_OS_GiveMutex

.text.Ql_OS_CreateEvent
                0x102e49b0       0x54
 .text.Ql_OS_CreateEvent
                0x102e49b0       0x54 D:\Quectel_M66\TEST\OpenCPU_SDK\libs\gcc\libapp_start.a(taskMngt.o)
                0x102e49b0                Ql_OS_CreateEvent

.text.Ql_OS_WaitEvent
                0x102e4a04       0x68
 .text.Ql_OS_WaitEvent
                0x102e4a04       0x68 D:\Quectel_M66\TEST\OpenCPU_SDK\libs\gcc\libapp_start.a(taskMngt.o)
                0x102e4a04                Ql_OS_WaitEvent

.text.Ql_OS_SetEvent
                0x102e4a6c       0x68
 .text.Ql_OS_SetEvent
                0x102e4a6c       0x68 D:\Quectel_M66\TEST\OpenCPU_SDK\libs\gcc\libapp_start.a(taskMngt.o)
                0x102e4a6c                Ql_OS_SetEvent

.text.Ql_GetLocalTime
                0x102e4ad4       0x54
 .text.Ql_GetLocalTime
                0x102e4ad4       0x54 D:\Quectel_M66\TEST\OpenCPU_SDK\libs\gcc\libapp_start.a(time.o)
                0x102e4ad4                Ql_GetLocalTime

.text.Ql_Mktime
                0x102e4b28       0x70
 .text.Ql_Mktime
                0x102e4b28       0x70 D:\Quectel_M66\TEST\OpenCPU_SDK\libs\gcc\libapp_start.a(time.o)
                0x102e4b28                Ql_Mktime

.text.Ql_Timer_Register
                0x102e4b98       0x70
 .text.Ql_Timer_Register
                0x102e4b98       0x70 D:\Quectel_M66\TEST\OpenCPU_SDK\libs\gcc\libapp_start.a(timer.o)
                0x102e4b98                Ql_Timer_Register

.text.Ql_Timer_Start
                0x102e4c08       0x70
 .text.Ql_Timer_Start
                0x102e4c08       0x70 D:\Quectel_M66\TEST\OpenCPU_SDK\libs\gcc\libapp_start.a(timer.o)
                0x102e4c08                Ql_Timer_Start

.text.Ql_Timer_Stop
                0x102e4c78       0x60
 .text.Ql_Timer_Stop
                0x102e4c78       0x60 D:\Quectel_M66\TEST\OpenCPU_SDK\libs\gcc\libapp_start.a(timer.o)
                0x102e4c78                Ql_Timer_Stop

.text.Ql_UART_Register
                0x102e4cd8       0x70
 .text.Ql_UART_Register
                0x102e4cd8       0x70 D:\Quectel_M66\TEST\OpenCPU_SDK\libs\gcc\libapp_start.a(uart.o)
                0x102e4cd8                Ql_UART_Register

.text.Ql_UART_Open
                0x102e4d48       0x70
 .text.Ql_UART_Open
                0x102e4d48       0x70 D:\Quectel_M66\TEST\OpenCPU_SDK\libs\gcc\libapp_start.a(uart.o)
                0x102e4d48                Ql_UART_Open

.text.Ql_UART_Write
                0x102e4db8       0x70
 .text.Ql_UART_Write
                0x102e4db8       0x70 D:\Quectel_M66\TEST\OpenCPU_SDK\libs\gcc\libapp_start.a(uart.o)
                0x102e4db8                Ql_UART_Write

.text.Ql_UART_Read
                0x102e4e28       0x70
 .text.Ql_UART_Read
                0x102e4e28       0x70 D:\Quectel_M66\TEST\OpenCPU_SDK\libs\gcc\libapp_start.a(uart.o)
                0x102e4e28                Ql_UART_Read

.text.Ql_UART_ClrRxBuffer
                0x102e4e98       0x54
 .text.Ql_UART_ClrRxBuffer
                0x102e4e98       0x54 D:\Quectel_M66\TEST\OpenCPU_SDK\libs\gcc\libapp_start.a(uart.o)
                0x102e4e98                Ql_UART_ClrRxBuffer

.text.Ql_UART_GetPinStatus
                0x102e4eec       0x68
 .text.Ql_UART_GetPinStatus
                0x102e4eec       0x68 D:\Quectel_M66\TEST\OpenCPU_SDK\libs\gcc\libapp_start.a(uart.o)
                0x102e4eec                Ql_UART_GetPinStatus

.text.Ql_UART_SendEscap
                0x102e4f54       0x60
 .text.Ql_UART_SendEscap
                0x102e4f54       0x60 D:\Quectel_M66\TEST\OpenCPU_SDK\libs\gcc\libapp_start.a(uart.o)
                0x102e4f54                Ql_UART_SendEscap

.text.Ql_WTD_Feed
                0x102e4fb4       0x5c
 .text.Ql_WTD_Feed
                0x102e4fb4       0x5c D:\Quectel_M66\TEST\OpenCPU_SDK\libs\gcc\libapp_start.a(watchdog.o)
                0x102e4fb4                Ql_WTD_Feed

.rodata         0x102e5010     0x78d0
 *(.rodata)
 .rodata        0x102e5010      0x100 ./ril/src/ril_bluetooth.o
 .rodata        0x102e5110       0x1a ./ril/src/ril_dtmf.o
 .rodata        0x102e512a       0x61 ./ril/src/ril_http.o
 .rodata        0x102e518b        0xe ./ril/src/ril_location.o
 .rodata        0x102e5199       0x5d ./ril/src/ril_network.o
 .rodata        0x102e51f6       0x2f ./ril/src/ril_sim.o
 *fill*         0x102e5225        0x3 
 .rodata        0x102e5228      0x888 ./ril/src/ril_urc.o
 .rodata        0x102e5ab0      0x16c ./custom/mqtt/src/mqtt.o
 .rodata        0x102e5c1c        0xc ./custom/fota/src/file_Operations.o
 .rodata        0x102e5c28       0x48 ./custom/config/custom_sys_cfg.o
                0x102e5c2c                SystemCfg
 .rodata        0x102e5c70       0x68 ./custom/config/sys_config.o
                0x102e5c70                GpioConfigTbl
                0x102e5c74                TaskConfig
 .rodata        0x102e5cd8     0x3e54 ./custom/TFTDisplay/src/st7735.o
 .rodata        0x102e9b2c        0xf ./custom/SecureSocket/src/SecureSocket.o
 .rodata        0x102e9b3b     0x2a4f ./custom/IPC/src/ipc.o
                0x102e9b43                magic_byte
 .rodata        0x102ec58a       0x16 D:\Quectel_M66\TEST\OpenCPU_SDK\libs\gcc\libapp_start.a(ql_main.o)
 .rodata        0x102ec5a0        0x4 D:\Quectel_M66\TEST\OpenCPU_SDK\libs\gcc\libapp_start.a(ril_main.o)
 .rodata        0x102ec5a4       0x16 D:\Quectel_M66\TEST\OpenCPU_SDK\libs\gcc\libapp_start.a(system.o)
 *fill*         0x102ec5ba        0x2 
 .rodata        0x102ec5bc      0x104 C:\Program Files (x86)\CodeSourcery\Sourcery_CodeBench_Lite_for_ARM_EABI\arm-none-eabi\lib\thumb\libc.a(lib_a-ctype_.o)
                0x102ec5bc                _ctype_
 .rodata        0x102ec6c0       0xf8 C:\Program Files (x86)\CodeSourcery\Sourcery_CodeBench_Lite_for_ARM_EABI\arm-none-eabi\lib\thumb\libc.a(lib_a-strtod.o)
 .rodata        0x102ec7b8      0x128 C:\Program Files (x86)\CodeSourcery\Sourcery_CodeBench_Lite_for_ARM_EABI\arm-none-eabi\lib\thumb\libc.a(lib_a-mprec.o)
                0x102ec7c8                __mprec_tens
                0x102ec890                __mprec_tinytens
                0x102ec8b8                __mprec_bigtens

.rodata.str1.1  0x102ec8e0     0x28b3
 .rodata.str1.1
                0x102ec8e0       0x25 ./ril/src/ril_atResponse.o
                                 0x2e (size before relaxing)
 .rodata.str1.1
                0x102ec905      0x3e8 ./ril/src/ril_bluetooth.o
                                0x4e3 (size before relaxing)
 .rodata.str1.1
                0x102ecced       0xb7 ./ril/src/ril_dtmf.o
                                 0xcc (size before relaxing)
 .rodata.str1.1
                0x102ecda4       0x19 ./ril/src/ril_http.o
                                 0x2e (size before relaxing)
 .rodata.str1.1
                0x102ecdbd       0x52 ./ril/src/ril_init.o
 .rodata.str1.1
                0x102ece0f       0x6d ./ril/src/ril_location.o
                                 0x89 (size before relaxing)
 .rodata.str1.1
                0x102ece7c       0xf8 ./ril/src/ril_network.o
                                0x112 (size before relaxing)
 .rodata.str1.1
                0x102ecf74       0xc2 ./ril/src/ril_sim.o
                                 0xfa (size before relaxing)
 .rodata.str1.1
                0x102ed036      0x186 ./ril/src/ril_urc.o
                                0x18b (size before relaxing)
 .rodata.str1.1
                0x102ed1bc       0x11 ./ril/src/ril_util.o
                                 0x16 (size before relaxing)
 .rodata.str1.1
                0x102ed1cd       0x80 ./custom/timer/src/Timers.o
 .rodata.str1.1
                0x102ed24d        0xc ./custom/mqtt/src/MQTTConnectClient.o
 .rodata.str1.1
                0x102ed259      0x5ac ./custom/mqtt/src/mqtt.o
                                0x5c9 (size before relaxing)
 .rodata.str1.1
                0x102ed805      0x4f6 ./custom/fota/src/file_Operations.o
                                0x500 (size before relaxing)
 .rodata.str1.1
                0x102edcfb      0x3c8 ./custom/fota/src/fota_app.o
                                0x3d4 (size before relaxing)
 .rodata.str1.1
                0x102ee0c3       0x62 ./custom/cJSON/src/cJSON.o
 .rodata.str1.1
                0x102ee125       0x98 ./custom/TFTDisplay/src/st7735.o
                                 0xa1 (size before relaxing)
 .rodata.str1.1
                0x102ee1bd      0x445 ./custom/SecureSocket/src/SecureSocket.o
                                0x4bf (size before relaxing)
 .rodata.str1.1
                0x102ee602      0x20b ./custom/IPC/src/ipc.o
                                0x214 (size before relaxing)
 .rodata.str1.1
                0x102ee80d      0x24f ./custom/main.o
                                0x26b (size before relaxing)
 .rodata.str1.1
                0x102eea5c       0x6f D:\Quectel_M66\TEST\OpenCPU_SDK\libs\gcc\libapp_start.a(eint.o)
 .rodata.str1.1
                0x102eeacb      0x15c D:\Quectel_M66\TEST\OpenCPU_SDK\libs\gcc\libapp_start.a(fileSys.o)
 .rodata.str1.1
                0x102eec27       0x4e D:\Quectel_M66\TEST\OpenCPU_SDK\libs\gcc\libapp_start.a(fota.o)
 .rodata.str1.1
                0x102eec75       0x9a D:\Quectel_M66\TEST\OpenCPU_SDK\libs\gcc\libapp_start.a(gpio.o)
 .rodata.str1.1
                0x102eed0f       0x19 D:\Quectel_M66\TEST\OpenCPU_SDK\libs\gcc\libapp_start.a(memory.o)
 .rodata.str1.1
                0x102eed28       0x51 D:\Quectel_M66\TEST\OpenCPU_SDK\libs\gcc\libapp_start.a(ql_main.o)
                                 0x56 (size before relaxing)
 .rodata.str1.1
                0x102eed79       0x1c D:\Quectel_M66\TEST\OpenCPU_SDK\libs\gcc\libapp_start.a(ril_main.o)
                                 0x25 (size before relaxing)
 .rodata.str1.1
                0x102eed95       0x52 D:\Quectel_M66\TEST\OpenCPU_SDK\libs\gcc\libapp_start.a(spi.o)
 .rodata.str1.1
                0x102eede7       0xa1 D:\Quectel_M66\TEST\OpenCPU_SDK\libs\gcc\libapp_start.a(stdlib_func.o)
 .rodata.str1.1
                0x102eee88       0x3d D:\Quectel_M66\TEST\OpenCPU_SDK\libs\gcc\libapp_start.a(system.o)
 .rodata.str1.1
                0x102eeec5      0x140 D:\Quectel_M66\TEST\OpenCPU_SDK\libs\gcc\libapp_start.a(taskMngt.o)
 .rodata.str1.1
                0x102ef005       0x41 D:\Quectel_M66\TEST\OpenCPU_SDK\libs\gcc\libapp_start.a(time.o)
 .rodata.str1.1
                0x102ef046       0x45 D:\Quectel_M66\TEST\OpenCPU_SDK\libs\gcc\libapp_start.a(timer.o)
 .rodata.str1.1
                0x102ef08b      0x108 D:\Quectel_M66\TEST\OpenCPU_SDK\libs\gcc\libapp_start.a(uart.o)

.rodata.str1.4  0x102ef194       0x40
 .rodata.str1.4
                0x102ef194        0xf C:\Program Files (x86)\CodeSourcery\Sourcery_CodeBench_Lite_for_ARM_EABI\arm-none-eabi\lib\thumb\libc.a(lib_a-strtod.o)
                                 0x10 (size before relaxing)
 *fill*         0x102ef1a3        0x1 
 .rodata.str1.4
                0x102ef1a4       0x1b C:\Program Files (x86)\CodeSourcery\Sourcery_CodeBench_Lite_for_ARM_EABI\arm-none-eabi\lib\thumb\libc.a(lib_a-gdtoa-gethex.o)
                                 0x1c (size before relaxing)
 *fill*         0x102ef1bf        0x1 
 .rodata.str1.4
                0x102ef1c0        0x2 C:\Program Files (x86)\CodeSourcery\Sourcery_CodeBench_Lite_for_ARM_EABI\arm-none-eabi\lib\thumb\libc.a(lib_a-impure.o)
                                  0x4 (size before relaxing)
 *fill*         0x102ef1c2        0x2 
 .rodata.str1.4
                0x102ef1c4       0x10 C:\Program Files (x86)\CodeSourcery\Sourcery_CodeBench_Lite_for_ARM_EABI\arm-none-eabi\lib\thumb\libc.a(lib_a-locale.o)
                                 0x14 (size before relaxing)

.rel.dyn        0x102ef1d4        0x0
 .rel.iplt      0x00000000        0x0 ./ril/src/ril_alarm.o

.data           0xf03d2000     0x2ff8 load address 0x102ef1d8
                0x102ef1d8                PROVIDE (__data_load, LOADADDR (.data))
                0xf03d2000                PROVIDE (__data_start, .)
 *(.data)
 .data          0xf03d2000        0x1 ./ril/src/ril_bluetooth.o
 *fill*         0xf03d2001        0x3 
 .data          0xf03d2004       0x20 ./ril/src/ril_init.o
                0xf03d2004                g_LimitedCmds
                0xf03d200c                g_InitCmds
 .data          0xf03d2024       0x18 ./custom/timer/src/Timers.o
                0xf03d2024                Timer_Delay
                0xf03d2028                Timer_SendTimeOut
                0xf03d202c                Timer_SendTimeOut_Interval
                0xf03d2030                Timer_TimeOut
                0xf03d2034                INTERVAL_WATCHDOG_FEED
                0xf03d2038                ID_WATCHDOG_FEED
 .data          0xf03d203c       0x54 ./custom/mqtt/src/mqtt.o
                0xf03d203c                buflen
                0xf03d2040                SECURE_GW_TOPIC_EVENT
                0xf03d2050                SECURE_GW_TOPIC_DATA
                0xf03d205f                SECURE_GW_TOPIC_ACK
                0xf03d206d                RP_Geolocation
                0xf03d2072                RP_vendorcode
                0xf03d207c                RP_devicetype
                0xf03d2086                RP_devicestatus
 .data          0xf03d2090       0x18 ./custom/fota/src/file_Operations.o
                0xf03d2090                file_devicedata
                0xf03d2094                file_IoTdata
                0xf03d2098                file_data
                0xf03d209c                Error_Messagesdata
                0xf03d20a0                File_Licensepem
                0xf03d20a4                File_FotaAppBin
 .data          0xf03d20a8        0x8 ./custom/fota/src/fota_app.o
                0xf03d20a8                g_Handle_File_LICENSEPEM
                0xf03d20ac                g_Handle_File_FotaAppBin
 .data          0xf03d20b0        0xc ./custom/cJSON/src/cJSON.o
 .data          0xf03d20bc     0x25b2 ./custom/TFTDisplay/src/st7735.o
                0xf03d20bc                BigFont
                0xf03d2c9c                Grotesk16x32
                0xf03d445c                LCD_Dislpay_Message
 .data          0xf03d466e        0x8 ./custom/IPC/src/ipc.o
                0xf03d466e                IPC_Response_missing_count
                0xf03d466f                Internal_error_code
                0xf03d4674                Power_Up_Sequencing_Counter
 .data          0xf03d4676       0x67 ./custom/main.o
                0xf03d4676                CCIDNumber
                0xf03d468f                IMEINumber
                0xf03d46a3                Operator_name
                0xf03d46b7                service_provider_name
                0xf03d46d5                version_info
 .data          0xf03d46dd       0x18 D:\Quectel_M66\TEST\OpenCPU_SDK\libs\gcc\libapp_start.a(ql_func.o)
                0xf03d46dd                api_notsup
 *fill*         0xf03d46f5        0x3 
 .data          0xf03d46f8        0x4 D:\Quectel_M66\TEST\OpenCPU_SDK\libs\gcc\libapp_start.a(ril_aux.o)
                0xf03d46f8                g_ril_auxTaskId
 .data          0xf03d46fc       0x10 D:\Quectel_M66\TEST\OpenCPU_SDK\libs\gcc\libapp_start.a(ril_main.o)
 .data          0xf03d470c        0x4 C:\Program Files (x86)\CodeSourcery\Sourcery_CodeBench_Lite_for_ARM_EABI\arm-none-eabi\lib\thumb\libc.a(lib_a-ctype_.o)
                0xf03d470c                __ctype_ptr__
 .data          0xf03d4710       0x28 C:\Program Files (x86)\CodeSourcery\Sourcery_CodeBench_Lite_for_ARM_EABI\arm-none-eabi\lib\thumb\libc.a(lib_a-strtod.o)
 .data          0xf03d4738      0x430 C:\Program Files (x86)\CodeSourcery\Sourcery_CodeBench_Lite_for_ARM_EABI\arm-none-eabi\lib\thumb\libc.a(lib_a-impure.o)
                0xf03d4738                _impure_ptr
 .data          0xf03d4b68       0x7c C:\Program Files (x86)\CodeSourcery\Sourcery_CodeBench_Lite_for_ARM_EABI\arm-none-eabi\lib\thumb\libc.a(lib_a-locale.o)
                0xf03d4b88                __mb_cur_max
 .data          0xf03d4be4      0x410 C:\Program Files (x86)\CodeSourcery\Sourcery_CodeBench_Lite_for_ARM_EABI\arm-none-eabi\lib\thumb\libc.a(lib_a-mallocr.o)
                0xf03d4be4                __malloc_av_
                0xf03d4fec                __malloc_sbrk_base
                0xf03d4ff0                __malloc_trim_threshold
                0xf03d4ff8                . = ALIGN (0x8)
 *fill*         0xf03d4ff4        0x4 
                0xf03d4ff8                PROVIDE (_edata, .)

.igot.plt       0xf03d4ff8        0x0 load address 0x102f21d0
 .igot.plt      0x00000000        0x0 ./ril/src/ril_alarm.o

.bss            0xf03d4ff8     0x958c load address 0x102f21d0
                0xf03d4ff8                PROVIDE (__bss_start__, .)
 *(.bss)
 .bss           0xf03d4ff8        0x4 ./ril/src/ril_atResponse.o
 .bss           0xf03d4ffc        0x4 ./ril/src/ril_audio.o
                0xf03d4ffc                cb_aud_play
 .bss           0xf03d5000       0x98 ./ril/src/ril_bluetooth.o
 .bss           0xf03d5098        0x4 ./ril/src/ril_custom.o
                0xf03d5098                cb_rcvCoreData
 .bss           0xf03d509c       0x10 ./ril/src/ril_dtmf.o
 .bss           0xf03d50ac       0x18 ./ril/src/ril_http.o
                0xf03d50b0                http_url_addr
                0xf03d50b4                http_url_addr_len
                0xf03d50b8                http_post_msg
                0xf03d50bc                http_post_msg_len
                0xf03d50c0                callback_http_dwnld
 .bss           0xf03d50c4      0x204 ./ril/src/ril_location.o
 .bss           0xf03d52c8      0x200 ./ril/src/ril_sim.o
 .bss           0xf03d54c8        0x8 ./ril/src/ril_urc.o
                0xf03d54c8                FtpGet_IND_CB
                0xf03d54cc                FtpPut_IND_CB
 .bss           0xf03d54d0      0x200 ./custom/timer/src/Timers.o
 .bss           0xf03d56d0        0x4 ./custom/mqtt/src/MQTTPacket.o
 .bss           0xf03d56d4      0x490 ./custom/mqtt/src/mqtt.o
                0xf03d56d4                g_len_send_data
                0xf03d56d8                DEVICE_CLIENT_ID
                0xf03d56f1                DEVICE_USER_ID
                0xf03d5755                DEVICE_SAS_TOKEN
                0xf03d5756                time_stamp
                0xf03d5768                local_time
                0xf03d5981                Water_data_Publish_without_unit
                0xf03d5986                Received_RCID
                0xf03d599f                Received_RCTS
                0xf03d59b8                flow_rate
                0xf03d59c2                TDS_Input_Data
                0xf03d59cc                TDS_Ouput_Data
                0xf03d59d6                Pump_Current
                0xf03d59e0                em_error
                0xf03d59e2                em_error_E1
                0xf03d59e4                em_error_E5
                0xf03d59e6                tamper
                0xf03d59e8                RCID
                0xf03d5a01                RCTS
                0xf03d5a1a                lock_unlock_ack
                0xf03d5a1c                Process_TWIN_PROPERTY_CHANGE
                0xf03d5a20                RP_IotHubName
                0xf03d5a39                RP_DpsIdScope
                0xf03d5a43                RP_CntrlFirmwareFileName
                0xf03d5a75                RP_CntrlFirmwareVersion
                0xf03d5a7f                RP_CntrlFirmwareFileURL
                0xf03d5b15                FOTA_information
                0xf03d5b16                RP_FW_Upgrade_status
                0xf03d5b1b                last_connectedtime
                0xf03d5b34                DP_Version_Info
                0xf03d5b3c                g_recvd_data_last_read_pos
                0xf03d5b40                Water_Unit_index_set
                0xf03d5b44                rechargebalance
                0xf03d5b48                rcbal
                0xf03d5b52                cmdrcbal
                0xf03d5b5c                water_balance
                0xf03d5b60                payload_count
 .bss           0xf03d5b64      0x264 ./custom/fota/src/file_Operations.o
                0xf03d5d64                AZURE_IoT_device_ID
                0xf03d5d7d                AZURE_IoT_DPS_ID
                0xf03d5d96                AZURE_assigned_IoT_Hub
 .bss           0xf03d5dc8      0x440 ./custom/fota/src/fota_app.o
                0xf03d5fc8                g_rcvdDataLen
                0xf03d5fcc                g_HttpRcvBuf
                0xf03d60c6                FOTA_URL
                0xf03d6170                HTTP_LICENSE_URL_ADDR
 .bss           0xf03d6208        0x4 ./custom/extras/src/SysCalls.o
 .bss           0xf03d620c      0x214 ./custom/cJSON/src/cJSON.o
 .bss           0xf03d6420       0xb8 ./custom/TFTDisplay/src/st7735.o
                0xf03d6454                language_index
                0xf03d6458                sendonetimelowbal
                0xf03d6459                sendonetimezerobal
                0xf03d645a                Balance_in_green
                0xf03d645c                Last_language_index
 .bss           0xf03d64d8     0x3d70 ./custom/SecureSocket/src/SecureSocket.o
                0xf03d66d8                write_flag
                0xf03d66dc                g_recvd_data_len
                0xf03d66e0                g_buf_recvd_data
                0xf03d9fe8                NULL_sslrecvParam
                0xf03d9ff0                REST_MESSAGE_PUT
                0xf03da11c                REST_MESSAGE_POST
 .bss           0xf03da248      0x2ec ./custom/IPC/src/ipc.o
                0xf03da248                IPC_Sequence_Counter
                0xf03da44c                Water_Unit_index_get
                0xf03da452                CRC_Token
                0xf03da453                Control_Module_Indentity_data
                0xf03da464                Purification_ON_Counter
                0xf03da468                IPC_CMD_REQ_source
                0xf03da46c                water_balance_buffer
                0xf03da474                previous_flowrate
                0xf03da476                water_flow_rate_ml_minute
                0xf03da478                previous_amc_timer
                0xf03da47a                amc_timer
                0xf03da47c                TDS_Sensor_OUT_value
                0xf03da47e                previous_TDS_Sensor_OUT_value
                0xf03da480                TDS_Sensor_In_value
                0xf03da482                previous_TDS_Sensor_In_value
                0xf03da484                TDS_Sensor_Out_Temp_value
                0xf03da486                previous_TDS_Sensor_Out_Temp_value
                0xf03da488                TDS_Sensor_In_Temp_value
                0xf03da48a                previous_TDS_Sensor_In_Temp_value
                0xf03da48c                previous_ro_pump_current
                0xf03da48e                ro_pump_current_in_mA
                0xf03da490                Previous_Status_Byte
                0xf03da491                Status_Byte
                0xf03da494                Purification_OFF_Event_Water_Balance
                0xf03da498                Purification_ON_Event_Water_Balance
                0xf03da49c                Purification_Stop_local_time
                0xf03da4b5                Purification_Start_local_time
                0xf03da4ce                Water_dispensed_volume
                0xf03da4d5                water_balance_buffer_last
                0xf03da4dc                Con_Module_Reset_Counter
                0xf03da4de                Heart_Beat_Message_Counter
                0xf03da4e0                Publish_ping_Counter
                0xf03da4e2                IPC_Sequence_Counter_GET_Special_parameters
                0xf03da4e4                PUBLISH_RESPONSE_REQ_source
                0xf03da4e8                Previous_AMC_Status_Byte
                0xf03da4e9                AMC_Status_Byte
                0xf03da4ea                PreviousSensor_Status_Byte
                0xf03da4ec                Sensor_Status_Byte
                0xf03da4ee                PreviousPurificationOffStatus_Data
                0xf03da4f0                PreviousFaultStatus_Data
                0xf03da4f2                Fault_Status_Byte
                0xf03da4f4                Previous_Purification_ON_Counter
                0xf03da4f6                Error_messages_array
                0xf03da501                control_module_identity_number
                0xf03da515                deviceidentitydata
                0xf03da533                Special_Action_Timer
 .bss           0xf03da534      0x354 ./custom/main.o
                0xf03da534                Certificate_File_Download_state
                0xf03da535                FLAG
                0xf03da55e                Cx0_File_Size
                0xf03da760                rssi
                0xf03da764                RssiLevel
                0xf03da765                previous_rssival
                0xf03da766                latitude_
                0xf03da770                longitude_
                0xf03da77a                coresdkpbuf
                0xf03da7e0                Code_File_Size
                0xf03da7e4                GPRS_Connect_Failed_Attempts_Count
                0xf03da7e5                firmware_upgraded_flag
                0xf03da7e6                latlong
                0xf03da804                file
                0xf03da808                wtdid
                0xf03da80c                m_passwd
                0xf03da810                m_userid
                0xf03da814                m_apn
                0xf03da846                CCID
                0xf03da85f                IMEI
                0xf03da873                MId
 .bss           0xf03da888       0x1c D:\Quectel_M66\TEST\OpenCPU_SDK\libs\gcc\libapp_start.a(eint.o)
                0xf03da888                m_EINT_Register
                0xf03da88c                m_EINT_RegisterFast
                0xf03da890                m_EINT_Init
                0xf03da894                m_EINT_Uninit
                0xf03da898                m_EINT_GetLevel
                0xf03da89c                m_EINT_Mask
                0xf03da8a0                m_EINT_Unmask
 .bss           0xf03da8a4       0x60 D:\Quectel_M66\TEST\OpenCPU_SDK\libs\gcc\libapp_start.a(fileSys.o)
 .bss           0xf03da904       0x14 D:\Quectel_M66\TEST\OpenCPU_SDK\libs\gcc\libapp_start.a(fota.o)
 .bss           0xf03da918       0x20 D:\Quectel_M66\TEST\OpenCPU_SDK\libs\gcc\libapp_start.a(gpio.o)
                0xf03da918                m_GPIO_Init
                0xf03da91c                m_GPIO_SetLevel
                0xf03da920                m_GPIO_GetLevel
                0xf03da924                m_GPIO_SetDirection
                0xf03da928                m_GPIO_GetDirection
                0xf03da92c                m_GPIO_SetPullSelection
                0xf03da930                m_GPIO_GetPullSelection
                0xf03da934                m_GPIO_Uninit
 .bss           0xf03da938        0x8 D:\Quectel_M66\TEST\OpenCPU_SDK\libs\gcc\libapp_start.a(memory.o)
 .bss           0xf03da940       0x24 D:\Quectel_M66\TEST\OpenCPU_SDK\libs\gcc\libapp_start.a(ql_func.o)
                0xf03da940                m_StartPlayAudioStream
                0xf03da944                m_get_api_ptr
                0xf03da948                m_StopPlayAudioStream
                0xf03da94c                m_GetRelativeTime_Counter
                0xf03da950                m_SecondToTicks
                0xf03da954                m_MillisecondToTicks
                0xf03da958                m_CalendarTime2LocalTime
                0xf03da95c                m_osChangeTaskPriority
                0xf03da960                m_create_api_hash
 .bss           0xf03da964       0x10 D:\Quectel_M66\TEST\OpenCPU_SDK\libs\gcc\libapp_start.a(ql_main.o)
                0xf03da968                runinfo
 .bss           0xf03da974        0x1 D:\Quectel_M66\TEST\OpenCPU_SDK\libs\gcc\libapp_start.a(ril_aux.o)
                0xf03da974                g_ril_auxTaskReady
 *fill*         0xf03da975        0x3 
 .bss           0xf03da978      0xc34 D:\Quectel_M66\TEST\OpenCPU_SDK\libs\gcc\libapp_start.a(ril_main.o)
 .bss           0xf03db5ac       0x18 D:\Quectel_M66\TEST\OpenCPU_SDK\libs\gcc\libapp_start.a(spi.o)
                0xf03db5ac                m_SPI_Init
                0xf03db5b0                m_SPI_Config
                0xf03db5b4                m_SPI_Write
                0xf03db5b8                m_SPI_Read
                0xf03db5bc                m_SPI_WriteRead
                0xf03db5c0                m_SPI_Uninit
 .bss           0xf03db5c4       0x40 D:\Quectel_M66\TEST\OpenCPU_SDK\libs\gcc\libapp_start.a(stdlib_func.o)
 .bss           0xf03db604       0x14 D:\Quectel_M66\TEST\OpenCPU_SDK\libs\gcc\libapp_start.a(system.o)
 .bss           0xf03db618       0x40 D:\Quectel_M66\TEST\OpenCPU_SDK\libs\gcc\libapp_start.a(taskMngt.o)
 .bss           0xf03db658       0x10 D:\Quectel_M66\TEST\OpenCPU_SDK\libs\gcc\libapp_start.a(time.o)
 .bss           0xf03db668       0x10 D:\Quectel_M66\TEST\OpenCPU_SDK\libs\gcc\libapp_start.a(timer.o)
 .bss           0xf03db678       0x3c D:\Quectel_M66\TEST\OpenCPU_SDK\libs\gcc\libapp_start.a(uart.o)
 .bss           0xf03db6b4       0x18 D:\Quectel_M66\TEST\OpenCPU_SDK\libs\gcc\libapp_start.a(watchdog.o)
 .bss           0xf03db6cc       0x34 C:\Program Files (x86)\CodeSourcery\Sourcery_CodeBench_Lite_for_ARM_EABI\arm-none-eabi\lib\thumb\libc.a(lib_a-mallocr.o)
                0xf03db6cc                __malloc_top_pad
                0xf03db6d0                __malloc_current_mallinfo
                0xf03db6f8                __malloc_max_sbrked_mem
                0xf03db6fc                __malloc_max_total_mem
                0xf03db700                . = ALIGN (0x8)
                0xf03db700                _end = .
                0xf03db700                PROVIDE (__bss_end__, .)
 COMMON         0xf03db700      0x124 ./ril/src/ril_telephony.o
                0xf03db700                g_comingCall
 COMMON         0xf03db824       0x75 ./custom/timer/src/Timers.o
                0xf03db824                GW_sf_state
                0xf03db828                writeedlen
                0xf03db82c                TFT_state
                0xf03db830                readedlen
                0xf03db834                MQTT_msg
                0xf03db835                filePath
 COMMON         0xf03db899     0x23f0 ./custom/mqtt/src/mqtt.o
                0xf03db899                payload_array
 COMMON         0xf03ddc89      0x7d0 ./custom/fota/src/file_Operations.o
                0xf03ddc89                persistent_parameter_array
                0xf03dde7d                persistent_parameter_IoT_array
 *fill*         0xf03de459        0x3 
 COMMON         0xf03de45c        0xc ./custom/fota/src/fota_app.o
                0xf03de45c                dataLen_here
                0xf03de460                Fota_Fail_Reason_Code
                0xf03de464                total_size
 COMMON         0xf03de468        0x1 ./custom/TFTDisplay/src/st7735.o
                0xf03de468                madctl
 *fill*         0xf03de469        0x1 
 COMMON         0xf03de46a        0x6 ./custom/IPC/src/ipc.o
                0xf03de46a                Timer_On
                0xf03de46c                configuration_Data_Read
                0xf03de46d                configuration_Data_Write
 COMMON         0xf03de470       0x10 D:\Quectel_M66\TEST\OpenCPU_SDK\libs\gcc\libapp_start.a(ql_main.o)
                0xf03de470                Ql_snprintf
                0xf03de474                Ql_sprintf
                0xf03de478                Ql_Debug_Trace
                0xf03de47c                Ql_sscanf
 COMMON         0xf03de480      0x100 C:\Program Files (x86)\CodeSourcery\Sourcery_CodeBench_Lite_for_ARM_EABI\arm-none-eabi\lib\thumb\libc.a(lib_a-gdtoa-gethex.o)
                0xf03de480                __hexdig
 COMMON         0xf03de580        0x4 C:\Program Files (x86)\CodeSourcery\Sourcery_CodeBench_Lite_for_ARM_EABI\arm-none-eabi\lib\thumb\libc.a(lib_a-reent.o)
                0xf03de580                errno
                0xf03db700                PROVIDE (__HEAP_START, _end)
OUTPUT(APPGS3MDM32A01.elf elf32-littlearm)

.comment        0x00000000       0x30
 .comment       0x00000000       0x30 ./ril/src/ril_atResponse.o
                                 0x31 (size before relaxing)
 .comment       0x00000000       0x31 ./ril/src/ril_audio.o
 .comment       0x00000000       0x31 ./ril/src/ril_bluetooth.o
 .comment       0x00000000       0x31 ./ril/src/ril_custom.o
 .comment       0x00000000       0x31 ./ril/src/ril_dtmf.o
 .comment       0x00000000       0x31 ./ril/src/ril_http.o
 .comment       0x00000000       0x31 ./ril/src/ril_init.o
 .comment       0x00000000       0x31 ./ril/src/ril_location.o
 .comment       0x00000000       0x31 ./ril/src/ril_network.o
 .comment       0x00000000       0x31 ./ril/src/ril_sim.o
 .comment       0x00000000       0x31 ./ril/src/ril_telephony.o
 .comment       0x00000000       0x31 ./ril/src/ril_urc.o
 .comment       0x00000000       0x31 ./ril/src/ril_util.o
 .comment       0x00000000       0x31 ./custom/timer/src/Timers.o
 .comment       0x00000000       0x31 ./custom/mqtt/src/MQTTConnectClient.o
 .comment       0x00000000       0x31 ./custom/mqtt/src/MQTTDeserializePublish.o
 .comment       0x00000000       0x31 ./custom/mqtt/src/MQTTPacket.o
 .comment       0x00000000       0x31 ./custom/mqtt/src/MQTTSerializePublish.o
 .comment       0x00000000       0x31 ./custom/mqtt/src/MQTTSubscribeClient.o
 .comment       0x00000000       0x31 ./custom/mqtt/src/mqtt.o
 .comment       0x00000000       0x31 ./custom/fota/src/file_Operations.o
 .comment       0x00000000       0x31 ./custom/fota/src/fota_app.o
 .comment       0x00000000       0x31 ./custom/extras/src/SysCalls.o
 .comment       0x00000000       0x31 ./custom/config/custom_sys_cfg.o
 .comment       0x00000000       0x31 ./custom/config/sys_config.o
 .comment       0x00000000       0x31 ./custom/cJSON/src/cJSON.o
 .comment       0x00000000       0x31 ./custom/TFTDisplay/src/st7735.o
 .comment       0x00000000       0x31 ./custom/SecureSocket/src/SecureSocket.o
 .comment       0x00000000       0x31 ./custom/IPC/src/ipc.o
 .comment       0x00000000       0x31 ./custom/main.o
 .comment       0x00000000       0x31 D:\Quectel_M66\TEST\OpenCPU_SDK\libs\gcc\libapp_start.a(eint.o)
 .comment       0x00000000       0x31 D:\Quectel_M66\TEST\OpenCPU_SDK\libs\gcc\libapp_start.a(fileSys.o)
 .comment       0x00000000       0x31 D:\Quectel_M66\TEST\OpenCPU_SDK\libs\gcc\libapp_start.a(fota.o)
 .comment       0x00000000       0x31 D:\Quectel_M66\TEST\OpenCPU_SDK\libs\gcc\libapp_start.a(gpio.o)
 .comment       0x00000000       0x31 D:\Quectel_M66\TEST\OpenCPU_SDK\libs\gcc\libapp_start.a(memory.o)
 .comment       0x00000000       0x31 D:\Quectel_M66\TEST\OpenCPU_SDK\libs\gcc\libapp_start.a(ql_func.o)
 .comment       0x00000000       0x31 D:\Quectel_M66\TEST\OpenCPU_SDK\libs\gcc\libapp_start.a(ql_main.o)
 .comment       0x00000000       0x31 D:\Quectel_M66\TEST\OpenCPU_SDK\libs\gcc\libapp_start.a(ril_aux.o)
 .comment       0x00000000       0x31 D:\Quectel_M66\TEST\OpenCPU_SDK\libs\gcc\libapp_start.a(ril_main.o)
 .comment       0x00000000       0x31 D:\Quectel_M66\TEST\OpenCPU_SDK\libs\gcc\libapp_start.a(spi.o)
 .comment       0x00000000       0x31 D:\Quectel_M66\TEST\OpenCPU_SDK\libs\gcc\libapp_start.a(stdlib_func.o)
 .comment       0x00000000       0x31 D:\Quectel_M66\TEST\OpenCPU_SDK\libs\gcc\libapp_start.a(system.o)
 .comment       0x00000000       0x31 D:\Quectel_M66\TEST\OpenCPU_SDK\libs\gcc\libapp_start.a(taskMngt.o)
 .comment       0x00000000       0x31 D:\Quectel_M66\TEST\OpenCPU_SDK\libs\gcc\libapp_start.a(time.o)
 .comment       0x00000000       0x31 D:\Quectel_M66\TEST\OpenCPU_SDK\libs\gcc\libapp_start.a(timer.o)
 .comment       0x00000000       0x31 D:\Quectel_M66\TEST\OpenCPU_SDK\libs\gcc\libapp_start.a(uart.o)
 .comment       0x00000000       0x31 D:\Quectel_M66\TEST\OpenCPU_SDK\libs\gcc\libapp_start.a(watchdog.o)

.ARM.attributes
                0x00000000       0x2b
 .ARM.attributes
                0x00000000       0x2b ./ril/src/ril_atResponse.o
 .ARM.attributes
                0x0000002b       0x2b ./ril/src/ril_audio.o
 .ARM.attributes
                0x00000056       0x2b ./ril/src/ril_bluetooth.o
 .ARM.attributes
                0x00000081       0x2b ./ril/src/ril_custom.o
 .ARM.attributes
                0x000000ac       0x2b ./ril/src/ril_dtmf.o
 .ARM.attributes
                0x000000d7       0x2b ./ril/src/ril_http.o
 .ARM.attributes
                0x00000102       0x2b ./ril/src/ril_init.o
 .ARM.attributes
                0x0000012d       0x2b ./ril/src/ril_location.o
 .ARM.attributes
                0x00000158       0x2b ./ril/src/ril_network.o
 .ARM.attributes
                0x00000183       0x2b ./ril/src/ril_sim.o
 .ARM.attributes
                0x000001ae       0x2b ./ril/src/ril_telephony.o
 .ARM.attributes
                0x000001d9       0x2b ./ril/src/ril_urc.o
 .ARM.attributes
                0x00000204       0x2b ./ril/src/ril_util.o
 .ARM.attributes
                0x0000022f       0x2b ./custom/timer/src/Timers.o
 .ARM.attributes
                0x0000025a       0x2b ./custom/mqtt/src/MQTTConnectClient.o
 .ARM.attributes
                0x00000285       0x2b ./custom/mqtt/src/MQTTDeserializePublish.o
 .ARM.attributes
                0x000002b0       0x2b ./custom/mqtt/src/MQTTPacket.o
 .ARM.attributes
                0x000002db       0x2b ./custom/mqtt/src/MQTTSerializePublish.o
 .ARM.attributes
                0x00000306       0x2b ./custom/mqtt/src/MQTTSubscribeClient.o
 .ARM.attributes
                0x00000331       0x2b ./custom/mqtt/src/mqtt.o
 .ARM.attributes
                0x0000035c       0x2b ./custom/fota/src/file_Operations.o
 .ARM.attributes
                0x00000387       0x2b ./custom/fota/src/fota_app.o
 .ARM.attributes
                0x000003b2       0x2b ./custom/extras/src/SysCalls.o
 .ARM.attributes
                0x000003dd       0x2b ./custom/config/custom_sys_cfg.o
 .ARM.attributes
                0x00000408       0x2b ./custom/config/sys_config.o
 .ARM.attributes
                0x00000433       0x2b ./custom/cJSON/src/cJSON.o
 .ARM.attributes
                0x0000045e       0x2b ./custom/TFTDisplay/src/st7735.o
 .ARM.attributes
                0x00000489       0x2b ./custom/SecureSocket/src/SecureSocket.o
 .ARM.attributes
                0x000004b4       0x2b ./custom/IPC/src/ipc.o
 .ARM.attributes
                0x000004df       0x2b ./custom/main.o
 .ARM.attributes
                0x0000050a       0x2b D:\Quectel_M66\TEST\OpenCPU_SDK\libs\gcc\libapp_start.a(eint.o)
 .ARM.attributes
                0x00000535       0x2b D:\Quectel_M66\TEST\OpenCPU_SDK\libs\gcc\libapp_start.a(fileSys.o)
 .ARM.attributes
                0x00000560       0x2b D:\Quectel_M66\TEST\OpenCPU_SDK\libs\gcc\libapp_start.a(fota.o)
 .ARM.attributes
                0x0000058b       0x2b D:\Quectel_M66\TEST\OpenCPU_SDK\libs\gcc\libapp_start.a(gpio.o)
 .ARM.attributes
                0x000005b6       0x2b D:\Quectel_M66\TEST\OpenCPU_SDK\libs\gcc\libapp_start.a(memory.o)
 .ARM.attributes
                0x000005e1       0x2b D:\Quectel_M66\TEST\OpenCPU_SDK\libs\gcc\libapp_start.a(ql_func.o)
 .ARM.attributes
                0x0000060c       0x2b D:\Quectel_M66\TEST\OpenCPU_SDK\libs\gcc\libapp_start.a(ql_main.o)
 .ARM.attributes
                0x00000637       0x2b D:\Quectel_M66\TEST\OpenCPU_SDK\libs\gcc\libapp_start.a(ril_aux.o)
 .ARM.attributes
                0x00000662       0x2b D:\Quectel_M66\TEST\OpenCPU_SDK\libs\gcc\libapp_start.a(ril_main.o)
 .ARM.attributes
                0x0000068d       0x2b D:\Quectel_M66\TEST\OpenCPU_SDK\libs\gcc\libapp_start.a(spi.o)
 .ARM.attributes
                0x000006b8       0x2b D:\Quectel_M66\TEST\OpenCPU_SDK\libs\gcc\libapp_start.a(stdlib_func.o)
 .ARM.attributes
                0x000006e3       0x2b D:\Quectel_M66\TEST\OpenCPU_SDK\libs\gcc\libapp_start.a(system.o)
 .ARM.attributes
                0x0000070e       0x2b D:\Quectel_M66\TEST\OpenCPU_SDK\libs\gcc\libapp_start.a(taskMngt.o)
 .ARM.attributes
                0x00000739       0x2b D:\Quectel_M66\TEST\OpenCPU_SDK\libs\gcc\libapp_start.a(time.o)
 .ARM.attributes
                0x00000764       0x2b D:\Quectel_M66\TEST\OpenCPU_SDK\libs\gcc\libapp_start.a(timer.o)
 .ARM.attributes
                0x0000078f       0x2b D:\Quectel_M66\TEST\OpenCPU_SDK\libs\gcc\libapp_start.a(uart.o)
 .ARM.attributes
                0x000007ba       0x2b D:\Quectel_M66\TEST\OpenCPU_SDK\libs\gcc\libapp_start.a(watchdog.o)
 .ARM.attributes
                0x000007e5       0x1d D:\Quectel_M66\TEST\OpenCPU_SDK\libs\gcc\libapp_start.a(ocpu_init.o)
 .ARM.attributes
                0x00000802       0x30 C:\Program Files (x86)\CodeSourcery\Sourcery_CodeBench_Lite_for_ARM_EABI\arm-none-eabi\lib\thumb\libm.a(lib_a-s_floor.o)
 .ARM.attributes
                0x00000832       0x30 C:\Program Files (x86)\CodeSourcery\Sourcery_CodeBench_Lite_for_ARM_EABI\arm-none-eabi\lib\thumb\libc.a(lib_a-atoi.o)
 .ARM.attributes
                0x00000862       0x30 C:\Program Files (x86)\CodeSourcery\Sourcery_CodeBench_Lite_for_ARM_EABI\arm-none-eabi\lib\thumb\libc.a(lib_a-ctype_.o)
 .ARM.attributes
                0x00000892       0x30 C:\Program Files (x86)\CodeSourcery\Sourcery_CodeBench_Lite_for_ARM_EABI\arm-none-eabi\lib\thumb\libc.a(lib_a-memcpy.o)
 .ARM.attributes
                0x000008c2       0x30 C:\Program Files (x86)\CodeSourcery\Sourcery_CodeBench_Lite_for_ARM_EABI\arm-none-eabi\lib\thumb\libc.a(lib_a-memset.o)
 .ARM.attributes
                0x000008f2       0x30 C:\Program Files (x86)\CodeSourcery\Sourcery_CodeBench_Lite_for_ARM_EABI\arm-none-eabi\lib\thumb\libc.a(lib_a-realloc.o)
 .ARM.attributes
                0x00000922       0x30 C:\Program Files (x86)\CodeSourcery\Sourcery_CodeBench_Lite_for_ARM_EABI\arm-none-eabi\lib\thumb\libc.a(lib_a-reallocr.o)
 .ARM.attributes
                0x00000952       0x30 C:\Program Files (x86)\CodeSourcery\Sourcery_CodeBench_Lite_for_ARM_EABI\arm-none-eabi\lib\thumb\libc.a(lib_a-strchr.o)
 .ARM.attributes
                0x00000982       0x30 C:\Program Files (x86)\CodeSourcery\Sourcery_CodeBench_Lite_for_ARM_EABI\arm-none-eabi\lib\thumb\libc.a(lib_a-strcmp.o)
 .ARM.attributes
                0x000009b2       0x30 C:\Program Files (x86)\CodeSourcery\Sourcery_CodeBench_Lite_for_ARM_EABI\arm-none-eabi\lib\thumb\libc.a(lib_a-strcpy.o)
 .ARM.attributes
                0x000009e2       0x30 C:\Program Files (x86)\CodeSourcery\Sourcery_CodeBench_Lite_for_ARM_EABI\arm-none-eabi\lib\thumb\libc.a(lib_a-strlen.o)
 .ARM.attributes
                0x00000a12       0x30 C:\Program Files (x86)\CodeSourcery\Sourcery_CodeBench_Lite_for_ARM_EABI\arm-none-eabi\lib\thumb\libc.a(lib_a-strncmp.o)
 .ARM.attributes
                0x00000a42       0x30 C:\Program Files (x86)\CodeSourcery\Sourcery_CodeBench_Lite_for_ARM_EABI\arm-none-eabi\lib\thumb\libc.a(lib_a-strtod.o)
 .ARM.attributes
                0x00000a72       0x30 C:\Program Files (x86)\CodeSourcery\Sourcery_CodeBench_Lite_for_ARM_EABI\arm-none-eabi\lib\thumb\libc.a(lib_a-strtok.o)
 .ARM.attributes
                0x00000aa2       0x30 C:\Program Files (x86)\CodeSourcery\Sourcery_CodeBench_Lite_for_ARM_EABI\arm-none-eabi\lib\thumb\libc.a(lib_a-strtok_r.o)
 .ARM.attributes
                0x00000ad2       0x30 C:\Program Files (x86)\CodeSourcery\Sourcery_CodeBench_Lite_for_ARM_EABI\arm-none-eabi\lib\thumb\libc.a(lib_a-strtol.o)
 .ARM.attributes
                0x00000b02       0x30 C:\Program Files (x86)\CodeSourcery\Sourcery_CodeBench_Lite_for_ARM_EABI\arm-none-eabi\lib\thumb\libc.a(lib_a-freer.o)
 .ARM.attributes
                0x00000b32       0x30 C:\Program Files (x86)\CodeSourcery\Sourcery_CodeBench_Lite_for_ARM_EABI\arm-none-eabi\lib\thumb\libc.a(lib_a-gdtoa-gethex.o)
 .ARM.attributes
                0x00000b62       0x30 C:\Program Files (x86)\CodeSourcery\Sourcery_CodeBench_Lite_for_ARM_EABI\arm-none-eabi\lib\thumb\libc.a(lib_a-gdtoa-hexnan.o)
 .ARM.attributes
                0x00000b92       0x30 C:\Program Files (x86)\CodeSourcery\Sourcery_CodeBench_Lite_for_ARM_EABI\arm-none-eabi\lib\thumb\libc.a(lib_a-impure.o)
 .ARM.attributes
                0x00000bc2       0x30 C:\Program Files (x86)\CodeSourcery\Sourcery_CodeBench_Lite_for_ARM_EABI\arm-none-eabi\lib\thumb\libc.a(lib_a-locale.o)
 .ARM.attributes
                0x00000bf2       0x30 C:\Program Files (x86)\CodeSourcery\Sourcery_CodeBench_Lite_for_ARM_EABI\arm-none-eabi\lib\thumb\libc.a(lib_a-mallocr.o)
 .ARM.attributes
                0x00000c22       0x30 C:\Program Files (x86)\CodeSourcery\Sourcery_CodeBench_Lite_for_ARM_EABI\arm-none-eabi\lib\thumb\libc.a(lib_a-memmove.o)
 .ARM.attributes
                0x00000c52       0x30 C:\Program Files (x86)\CodeSourcery\Sourcery_CodeBench_Lite_for_ARM_EABI\arm-none-eabi\lib\thumb\libc.a(lib_a-mlock.o)
 .ARM.attributes
                0x00000c82       0x30 C:\Program Files (x86)\CodeSourcery\Sourcery_CodeBench_Lite_for_ARM_EABI\arm-none-eabi\lib\thumb\libc.a(lib_a-mprec.o)
 .ARM.attributes
                0x00000cb2       0x30 C:\Program Files (x86)\CodeSourcery\Sourcery_CodeBench_Lite_for_ARM_EABI\arm-none-eabi\lib\thumb\libc.a(lib_a-sbrkr.o)
 .ARM.attributes
                0x00000ce2       0x30 C:\Program Files (x86)\CodeSourcery\Sourcery_CodeBench_Lite_for_ARM_EABI\arm-none-eabi\lib\thumb\libc.a(lib_a-callocr.o)
 .ARM.attributes
                0x00000d12       0x30 C:\Program Files (x86)\CodeSourcery\Sourcery_CodeBench_Lite_for_ARM_EABI\arm-none-eabi\lib\thumb\libc.a(lib_a-reent.o)
 .ARM.attributes
                0x00000d42       0x18 C:\Program Files (x86)\CodeSourcery\Sourcery_CodeBench_Lite_for_ARM_EABI\lib\gcc\arm-none-eabi\4.7.2\thumb\libgcc.a(_udivsi3.o)
 .ARM.attributes
                0x00000d5a       0x18 C:\Program Files (x86)\CodeSourcery\Sourcery_CodeBench_Lite_for_ARM_EABI\lib\gcc\arm-none-eabi\4.7.2\thumb\libgcc.a(_divsi3.o)
 .ARM.attributes
                0x00000d72       0x16 C:\Program Files (x86)\CodeSourcery\Sourcery_CodeBench_Lite_for_ARM_EABI\lib\gcc\arm-none-eabi\4.7.2\thumb\libgcc.a(_dvmd_tls.o)
 .ARM.attributes